v ATLAS
# This file was created by ATLAS version 5.32.1.R on Wed Oct  7 15:54:49 2026.
#SSF 2.0 generic
##############################################################################
#                    Copyright (c) 1984 - 2021                               #
#                    Silvaco Inc. All rights reserved                        #
#                                                                            #
# This file format and the following Key are copyright Silvaco Inc.          #
# You may not use, this format or key without reproducing this message in    #
# full and obtaining express written permission from Silvaco Inc.            #
#                                                                            #
# To obtain such permission please contact: Silvaco Inc.                     #
#                                           support@silvaco.com              #
#                                                                            #
# KEY=SVC86hn7562asdx                       PROD=345                         #
##############################################################################
Q 10000 1 "V[1]" 5 1201 7 1
Q 10001 1 "V[2]" 5 1201 7 2
Q 10002 1 "V[3]" 5 1201 7 3
X 1 Vdrain
X 2 Vgate
X 3 Rtap
X 4 Adev_drain
X 5 Adev_source
X 6 Adev_gate
X 7 Adev_tap
X 8 Adev_substrate
p 13 61 10000 10001 10002 82 1301 1302 1303 1304 1305 1306 1307 1308
d  1.0000000000e-09 6.9999972000e-07 -2.0000000000e-01 7.2047494514e-08 3.0000000000e+02 -7.7207507786e-14 3.8598056724e-14 2.4016056570e-15 7.7207491685e-14 -1.5596412186e-15 -3.8578125951e-14 -2.4014499214e-15 -3.4667662181e-14
d  2.0000000000e-09 1.3999994400e-06 -2.0000000000e-01 1.3680711949e-07 3.0000000000e+02 -7.7467909075e-14 3.7477636554e-14 4.5602736582e-15 7.7467870110e-14 -1.3229852242e-15 -3.7457804228e-14 -4.5599146318e-15 -3.4127422093e-14
d  3.0000000000e-09 2.0999991600e-06 -2.0000000000e-01 1.9282774947e-07 3.0000000000e+02 -7.7692365431e-14 3.6506910227e-14 6.4276290409e-15 7.7692325273e-14 -1.1181046852e-15 -3.6487082741e-14 -6.4272596433e-15 -3.3659803842e-14
d  4.2000000000e-09 2.9399988240e-06 -2.0000000000e-01 2.4925791909e-07 3.0000000000e+02 -7.7918701725e-14 3.5529526559e-14 8.3086364010e-15 7.7918665568e-14 -9.1175154156e-16 -3.5509681438e-14 -8.3082992471e-15 -3.3188817759e-14
d  5.6400000000e-09 3.9479984208e-06 -2.0000000000e-01 3.0381516525e-07 3.0000000000e+02 -7.8137490625e-14 3.4584448225e-14 1.0127211504e-14 7.8137460168e-14 -7.1227229715e-16 -3.4564578054e-14 -1.0126922335e-14 -3.2733463130e-14
d  7.3680000000e-09 5.1575979370e-06 -2.0000000000e-01 3.5419504365e-07 3.0000000000e+02 -7.8339534704e-14 3.3712083394e-14 1.1806540898e-14 7.8339509061e-14 -5.2806989353e-16 -3.3692191910e-14 -1.1806292661e-14 -3.2312975785e-14
d  9.4416000000e-09 6.6091173564e-06 -2.0000000000e-01 3.9827050786e-07 3.0000000000e+02 -7.8516305846e-14 3.2948690970e-14 1.3275722720e-14 7.8516284416e-14 -3.6689654925e-16 -3.2928780665e-14 -1.3275511016e-14 -3.1945105999e-14
d  1.1929920000e-08 8.3509406596e-06 -2.0000000000e-01 4.3439751178e-07 3.0000000000e+02 -7.8661209808e-14 3.2322856938e-14 1.4479955610e-14 7.8661191920e-14 -2.3478666852e-16 -3.2302930583e-14 -1.4479775363e-14 -3.1643575798e-14
d  1.4915904000e-08 1.0441128624e-05 -2.0000000000e-01 4.6172945250e-07 3.0000000000e+02 -7.8770821174e-14 3.1849580644e-14 1.5391019452e-14 7.8770806233e-14 -1.3485067048e-16 -3.1829640670e-14 -1.5390866279e-14 -3.1415452938e-14
d  1.8499084800e-08 1.2949354180e-05 -2.0000000000e-01 4.8042166034e-07 3.0000000000e+02 -7.8845797829e-14 3.1525751478e-14 1.6014091803e-14 7.8845785334e-14 -6.6494193819e-17 -3.1505799848e-14 -1.6013962304e-14 -3.1259439786e-14
d  2.2798901760e-08 1.5959224848e-05 -2.0000000000e-01 4.9161645740e-07 3.0000000000e+02 -7.8890698237e-14 3.1331870386e-14 1.6387250236e-14 7.8890687684e-14 -2.5558081645e-17 -3.1311909070e-14 -1.6387140848e-14 -3.1166001931e-14
d  2.7958682112e-08 1.9571069650e-05 -2.0000000000e-01 4.9716315309e-07 3.0000000000e+02 -7.8912944082e-14 3.1235915850e-14 1.6572138390e-14 7.8912935023e-14 -5.2767804653e-18 -3.1215946518e-14 -1.6572046130e-14 -3.1119705616e-14
d  3.4150418534e-08 2.3905283412e-05 -2.0000000000e-01 4.9914048816e-07 3.0000000000e+02 -7.8920874076e-14 3.1201621659e-14 1.6638047818e-14 7.8920866078e-14 1.9519542454e-18 -3.1181645879e-14 -1.6637969709e-14 -3.1103200771e-14
d  4.1580502241e-08 2.9106339926e-05 -2.0000000000e-01 4.9935635651e-07 3.0000000000e+02 -7.8921742594e-14 3.1197880308e-14 1.6645241619e-14 7.8921735278e-14 2.7421949214e-18 -3.1177899335e-14 -1.6645175320e-14 -3.1101398329e-14
d  5.0496602690e-08 3.5347607744e-05 -2.0000000000e-01 4.9902491588e-07 3.0000000000e+02 -7.8920416897e-14 3.1203620023e-14 1.6634191879e-14 7.8920409903e-14 1.5300378386e-18 -3.1183634960e-14 -1.6634135164e-14 -3.1104164388e-14
d  6.1195923227e-08 4.2837129124e-05 -2.0000000000e-01 4.9872637950e-07 3.0000000000e+02 -7.8919225565e-14 3.1208759194e-14 1.6624239036e-14 7.8919218566e-14 4.4082698558e-19 -3.1188770918e-14 -1.6624190137e-14 -3.1106656874e-14
d  7.4035107873e-08 5.1824554781e-05 -2.0000000000e-01 4.9859496386e-07 3.0000000000e+02 -7.8918701183e-14 3.1211059654e-14 1.6619857094e-14 7.8918693860e-14 -4.2486434744e-20 -3.1191068898e-14 -1.6619814388e-14 -3.1107755543e-14
d  8.9442129448e-08 6.2609465569e-05 -2.0000000000e-01 4.9857223416e-07 3.0000000000e+02 -7.8918616602e-14 3.1211464272e-14 1.6619098392e-14 7.8918608632e-14 -1.2581182440e-19 -3.1191471653e-14 -1.6619060317e-14 -3.1107947920e-14
d  1.0793055534e-07 7.5551358515e-05 -2.0000000000e-01 4.9858247295e-07 3.0000000000e+02 -7.8918663625e-14 3.1211278920e-14 1.6619439016e-14 7.8918654685e-14 -9.0237378222e-20 -3.1191284899e-14 -1.6619404310e-14 -3.1107866267e-14
d  1.3011666640e-07 9.1081630050e-05 -2.0000000000e-01 4.9859116085e-07 3.0000000000e+02 -7.8918706680e-14 3.1211106024e-14 1.6619728342e-14 7.8918696432e-14 -5.9665892660e-20 -3.1191110949e-14 -1.6619695935e-14 -3.1107798592e-14
d  1.5673999969e-07 1.0971795589e-04 -2.0000000000e-01 4.9859405844e-07 3.0000000000e+02 -7.8918724862e-14 3.1211050654e-14 1.6619825221e-14 7.8918712928e-14 -5.3760524293e-20 -3.1191054809e-14 -1.6619794000e-14 -3.1107780694e-14
d  1.8868799962e-07 1.3208154690e-04 -2.0000000000e-01 4.9859489777e-07 3.0000000000e+02 -7.8918739678e-14 3.1211033941e-14 1.6619854136e-14 7.8918725636e-14 -5.3714996660e-20 -3.1191037544e-14 -1.6619823042e-14 -3.1107781173e-14
d  2.2702559955e-07 1.5891785612e-04 -2.0000000000e-01 4.9859586366e-07 3.0000000000e+02 -7.8918755785e-14 3.1210990308e-14 1.6619887945e-14 7.8918739152e-14 -5.4495048430e-20 -3.1190993510e-14 -1.6619856010e-14 -3.1107782356e-14
d  2.7303071946e-07 1.9112142717e-04 -2.0000000000e-01 4.9859728751e-07 3.0000000000e+02 -7.8918776224e-14 3.1210964047e-14 1.6619937920e-14 7.8918756434e-14 -5.4874434199e-20 -3.1190966975e-14 -1.6619903998e-14 -3.1107781643e-14
d  3.2823686335e-07 2.2976571244e-04 -2.0000000000e-01 4.9859907671e-07 3.0000000000e+02 -7.8918800926e-14 3.1210905479e-14 1.6620001053e-14 7.8918777314e-14 -5.4692194116e-20 -3.1190908220e-14 -1.6619963999e-14 -3.1107780226e-14
d  3.9448423602e-07 2.7613885476e-04 -2.0000000000e-01 4.9860123082e-07 3.0000000000e+02 -7.8918830636e-14 3.1210853338e-14 1.6620077382e-14 7.8918802418e-14 -5.5029268334e-20 -3.1190855947e-14 -1.6620036057e-14 -3.1107778548e-14
d  4.7398108322e-07 3.3178662554e-04 -2.0000000000e-01 4.9860380703e-07 3.0000000000e+02 -7.8918866925e-14 3.1210776307e-14 1.6620169103e-14 7.8918833162e-14 -5.4334832433e-20 -3.1190778831e-14 -1.6620122094e-14 -3.1107776533e-14
d  5.6937729986e-07 3.9856395048e-04 -2.0000000000e-01 4.9860690737e-07 3.0000000000e+02 -7.8918909289e-14 3.1210702734e-14 1.6620279842e-14 7.8918868860e-14 -5.4760147566e-20 -3.1190705206e-14 -1.6620225539e-14 -3.1107774186e-14
d  6.8385275984e-07 4.7869674041e-04 -2.0000000000e-01 4.9861062853e-07 3.0000000000e+02 -7.8918960395e-14 3.1210600132e-14 1.6620413123e-14 7.8918911959e-14 -5.4867844563e-20 -3.1190602575e-14 -1.6620349632e-14 -3.1107771353e-14
d  8.2122331180e-07 5.7485608832e-04 -2.0000000000e-01 4.9861509145e-07 3.0000000000e+02 -7.8919021726e-14 3.1210479549e-14 1.6620572865e-14 7.8918963681e-14 -5.4837343728e-20 -3.1190481966e-14 -1.6620498448e-14 -3.1107767910e-14
d  9.8606797417e-07 6.9024730582e-04 -2.0000000000e-01 4.9862044302e-07 3.0000000000e+02 -7.8919095309e-14 3.1210336192e-14 1.6620765379e-14 7.8919025724e-14 -5.4736975174e-20 -3.1190338613e-14 -1.6620676825e-14 -3.1107763817e-14
d  1.1838815690e-06 8.2871676681e-04 -2.0000000000e-01 4.9862686610e-07 3.0000000000e+02 -7.8919183134e-14 3.1210162577e-14 1.6620996037e-14 7.8919099703e-14 -5.4709918104e-20 -3.1190164992e-14 -1.6620890938e-14 -3.1107758895e-14
d  1.4212578828e-06 9.9488012001e-04 -2.0000000000e-01 4.9863456759e-07 3.0000000000e+02 -7.8919288150e-14 3.1209953513e-14 1.6621272493e-14 7.8919188104e-14 -5.4696820387e-20 -3.1189955921e-14 -1.6621147668e-14 -3.1107752953e-14
d  1.7061094594e-06 1.1942761438e-03 -2.0000000000e-01 4.9864380196e-07 3.0000000000e+02 -7.8919413690e-14 3.1209699445e-14 1.6621604905e-14 7.8919293702e-14 -5.4606207447e-20 -3.1189701862e-14 -1.6621455463e-14 -3.1107745811e-14
d  2.0479313512e-06 1.4335513724e-03 -2.0000000000e-01 4.9865487591e-07 3.0000000000e+02 -7.8919563298e-14 3.1209401722e-14 1.6622003051e-14 7.8919419383e-14 -5.4707612127e-20 -3.1189404140e-14 -1.6621824594e-14 -3.1107737277e-14
d  2.4581176215e-06 1.7206816468e-03 -2.0000000000e-01 4.9866814872e-07 3.0000000000e+02 -7.8919741780e-14 3.1209038857e-14 1.6622480416e-14 7.8919569152e-14 -5.4705526205e-20 -3.1189041277e-14 -1.6622267017e-14 -3.1107726904e-14
d  2.9503411458e-06 2.0652379759e-03 -2.0000000000e-01 4.9868405604e-07 3.0000000000e+02 -7.8919954311e-14 3.1208603332e-14 1.6622801868e-14 7.8919747787e-14 -5.4195334496e-20 -3.1188603332e-14 -1.6622801918e-14 -3.1107713275e-14
d  3.5410093749e-06 2.4787055710e-03 -2.0000000000e-01 4.9870295559e-07 3.0000000000e+02 -7.8919875752e-14 3.1208601536e-14 1.6623431853e-14 7.8919627881e-14 -5.4786359905e-20 -3.1188601536e-14 -1.6623431903e-14 -3.1107720023e-14
d  4.2498112499e-06 2.9748666850e-03 -2.0000000000e-01 4.9872582396e-07 3.0000000000e+02 -7.8920191681e-14 3.1207944436e-14 1.6624194133e-14 7.8919894194e-14 -5.4639024238e-20 -3.1187944436e-14 -1.6624194182e-14 -3.1107700555e-14
d  5.1003734999e-06 3.5702600218e-03 -2.0000000000e-01 4.9875316605e-07 3.0000000000e+02 -7.8920483836e-14 3.1207283845e-14 1.6625105535e-14 7.8920126810e-14 -5.4632712645e-20 -3.1187283845e-14 -1.6625105585e-14 -3.1107682438e-14
d  6.1210481999e-06 4.2847320260e-03 -2.0000000000e-01 4.9878589369e-07 3.0000000000e+02 -7.8920827634e-14 3.1206487634e-14 1.6626196457e-14 7.8920399161e-14 -5.4657997876e-20 -3.1186487634e-14 -1.6626196506e-14 -3.1107660456e-14
d  7.3458578398e-06 5.1420984311e-03 -2.0000000000e-01 4.9882505328e-07 3.0000000000e+02 -7.8921230626e-14 3.1205526312e-14 1.6627501777e-14 7.8920716417e-14 -5.4652723911e-20 -3.1185526312e-14 -1.6627501826e-14 -3.1107633709e-14
d  8.8156294078e-06 6.1709381171e-03 -2.0000000000e-01 4.9887188672e-07 3.0000000000e+02 -7.8921700709e-14 3.1204364772e-14 1.6629062893e-14 7.8921083615e-14 -5.4631306963e-20 -3.1184364772e-14 -1.6629062941e-14 -3.1107601090e-14
d  1.0579355289e-05 7.4055457403e-03 -2.0000000000e-01 4.9892786887e-07 3.0000000000e+02 -7.8922245772e-14 3.1202960222e-14 1.6630928964e-14 7.8921505218e-14 -5.4626323160e-20 -3.1182960222e-14 -1.6630929012e-14 -3.1107561206e-14
d  1.2695826347e-05 8.8870748882e-03 -2.0000000000e-01 4.9899474898e-07 3.0000000000e+02 -7.8922873311e-14 3.1201259208e-14 1.6633158304e-14 7.8921984604e-14 -5.4625431915e-20 -3.1181259208e-14 -1.6633158349e-14 -3.1107512297e-14
d  1.5235591617e-05 1.0664909866e-02 -2.0000000000e-01 4.9907460221e-07 3.0000000000e+02 -7.8923589523e-14 3.1199196267e-14 1.6635820080e-14 7.8922523032e-14 -5.4624490859e-20 -3.1179196267e-14 -1.6635820123e-14 -3.1107452127e-14
d  1.8283309940e-05 1.2798311839e-02 -2.0000000000e-01 4.9916989124e-07 3.0000000000e+02 -7.8924398294e-14 3.1196689587e-14 1.6638996388e-14 7.8923118463e-14 -5.4627223675e-20 -3.1176689587e-14 -1.6638996425e-14 -3.1107377848e-14
d  2.1940571928e-05 1.5358394206e-02 -2.0000000000e-01 4.9928354388e-07 3.0000000000e+02 -7.8925299788e-14 3.1193638740e-14 1.6642784816e-14 7.8923763949e-14 -5.4619621557e-20 -3.1173638740e-14 -1.6642784846e-14 -3.1107285814e-14
d  2.6329286314e-05 1.8430493047e-02 -2.0000000000e-01 4.9941905559e-07 3.0000000000e+02 -7.8926288743e-14 3.1189917890e-14 1.6647301885e-14 7.8924445694e-14 -5.4615377606e-20 -3.1169917890e-14 -1.6647301903e-14 -3.1107171344e-14
d  3.1595743576e-05 2.2117011657e-02 -2.0000000000e-01 4.9958062752e-07 3.0000000000e+02 -7.8927352753e-14 3.1185370326e-14 1.6652687633e-14 7.8925141051e-14 -5.4612628572e-20 -3.1165370326e-14 -1.6652687634e-14 -3.1107028424e-14
d  3.7915492292e-05 2.6540833988e-02 -2.0000000000e-01 4.9977336574e-07 3.0000000000e+02 -7.8928470832e-14 3.1179800592e-14 1.6659112264e-14 7.8925816748e-14 -5.4614361124e-20 -3.1159800592e-14 -1.6659112241e-14 -3.1106849318e-14
d  4.5499190750e-05 3.1849420785e-02 -2.0000000000e-01 5.0000357744e-07 3.0000000000e+02 -7.8929613336e-14 3.1172963757e-14 1.6666786029e-14 7.8926428394e-14 -5.4611967164e-20 -3.1152963757e-14 -1.6666785965e-14 -3.1106624082e-14
d  5.4599628900e-05 3.8219724942e-02 -2.0000000000e-01 5.0027922840e-07 3.0000000000e+02 -7.8930744865e-14 3.1164554052e-14 1.6675974280e-14 7.8926922892e-14 -5.4610388463e-20 -3.1144554052e-14 -1.6675974330e-14 -3.1106339970e-14
d  6.5520154680e-05 4.5864089930e-02 -2.0000000000e-01 5.0061066850e-07 3.0000000000e+02 -7.8931833328e-14 3.1154189269e-14 1.6687022283e-14 7.8927246919e-14 -5.4615805561e-20 -3.1134189269e-14 -1.6687022333e-14 -3.1105980697e-14
d  7.8624785616e-05 5.5037327916e-02 -2.0000000000e-01 5.0101184996e-07 3.0000000000e+02 -7.8932872134e-14 3.1141393222e-14 1.6700394999e-14 7.8927368402e-14 -5.4621545257e-20 -3.1121393222e-14 -1.6700395049e-14 -3.1105525530e-14
d  9.4350342739e-05 6.6045213499e-02 -2.0000000000e-01 5.0150218369e-07 3.0000000000e+02 -7.8933917665e-14 3.1125570878e-14 1.6716739456e-14 7.8927313144e-14 -5.4634511714e-20 -3.1105570878e-14 -1.6716739506e-14 -3.1104948120e-14
d  1.1322101129e-04 7.9254676199e-02 -2.0000000000e-01 5.0210958262e-07 3.0000000000e+02 -7.8935159063e-14 3.1105977846e-14 1.6736986088e-14 7.8927233595e-14 -5.4658915928e-20 -3.1085977846e-14 -1.6736986137e-14 -3.1104214939e-14
d  1.3586581354e-04 9.5106031439e-02 -2.0000000000e-01 5.0287550876e-07 3.0000000000e+02 -7.8937038680e-14 3.1081673456e-14 1.6762516960e-14 7.8927528077e-14 -5.4694270121e-20 -3.1061673456e-14 -1.6762517009e-14 -3.1103282906e-14
d  1.6303957625e-04 1.1412765773e-01 -2.0000000000e-01 5.0386325440e-07 3.0000000000e+02 -7.8940446549e-14 3.1051441954e-14 1.6795441813e-14 7.8929033783e-14 -5.4746195575e-20 -3.1031441954e-14 -1.6795441864e-14 -3.1102095216e-14
d  1.9564809150e-04 1.3695360927e-01 -2.0000000000e-01 5.0517179890e-07 3.0000000000e+02 -7.8947032637e-14 3.1013648936e-14 1.6839059963e-14 7.8933337276e-14 -5.4823331794e-20 -3.0993648936e-14 -1.6839060014e-14 -3.1100573494e-14
d  2.3477830980e-04 1.6434475113e-01 -2.0000000000e-01 5.0695976741e-07 3.0000000000e+02 -7.8959716860e-14 3.0965966032e-14 1.6898658914e-14 7.8943282385e-14 -5.4932904802e-20 -3.0945966032e-14 -1.6898658965e-14 -3.1098602454e-14
d  2.8173457177e-04 1.9721412135e-01 -2.0000000000e-01 5.0948826444e-07 3.0000000000e+02 -7.8983549366e-14 3.0904831106e-14 1.6982942148e-14 7.8963827954e-14 -5.5090996631e-20 -3.0884831106e-14 -1.6982942199e-14 -3.1095999545e-14
d  3.3808208612e-04 2.3665736562e-01 -2.0000000000e-01 5.1320087163e-07 3.0000000000e+02 -7.9027260783e-14 3.0824388551e-14 1.7106695721e-14 7.9003595047e-14 -5.5321049342e-20 -3.0804388551e-14 -1.7106695772e-14 -3.1092455397e-14
d  3.7189059473e-04 2.6032331218e-01 -2.0000000000e-01 5.1585526229e-07 3.0000000000e+02 -7.9063256202e-14 3.0771904864e-14 1.7195175410e-14 7.9037223871e-14 -5.5496798136e-20 -3.0751904864e-14 -1.7195175461e-14 -3.1090088047e-14
d  4.1246080507e-04 2.8872244806e-01 -2.0000000000e-01 5.1953353919e-07 3.0000000000e+02 -7.9116576459e-14 3.0702965247e-14 1.7317784640e-14 7.9087704214e-14 -5.5718745859e-20 -3.0682965247e-14 -1.7317784692e-14 -3.1086898564e-14
d  4.6114505747e-04 3.2280141111e-01 -2.0000000000e-01 5.2477198057e-07 3.0000000000e+02 -7.9197742440e-14 3.0610495805e-14 1.7492399352e-14 7.9165462299e-14 -5.6021127884e-20 -3.0590495805e-14 -1.7492399405e-14 -3.1082511070e-14
d  5.1956616035e-04 3.6369616676e-01 -2.0000000000e-01 5.3246132703e-07 3.0000000000e+02 -7.9324196325e-14 3.0482764334e-14 1.7748710901e-14 7.9287826709e-14 -5.6440415976e-20 -3.0462764334e-14 -1.7748710954e-14 -3.1076294985e-14
d  5.8967148381e-04 4.1276987356e-01 -2.0000000000e-01 5.4412830335e-07 3.0000000000e+02 -7.9526103457e-14 3.0299978662e-14 1.8137610112e-14 7.9484826469e-14 -5.7032880459e-20 -3.0279978662e-14 -1.8137610166e-14 -3.1067180610e-14
d  6.7379787195e-04 4.7165832170e-01 -2.0000000000e-01 5.6244636357e-07 3.0000000000e+02 -7.9857546716e-14 3.0028739675e-14 1.8748212119e-14 7.9810380884e-14 -5.7872789932e-20 -3.0008739675e-14 -1.8748212175e-14 -3.1053371158e-14
d  7.7474953773e-04 5.4232445948e-01 -2.0000000000e-01 5.9213558343e-07 3.0000000000e+02 -8.0417985293e-14 2.9613903060e-14 1.9737852781e-14 8.0363752847e-14 -5.9052337229e-20 -2.9593903060e-14 -1.9737852840e-14 -3.1031937895e-14
d  8.3532053720e-04 5.8472414215e-01 -2.0000000000e-01 6.1466881356e-07 3.0000000000e+02 -8.0857186665e-14 2.9313268134e-14 2.0488960452e-14 8.0798714250e-14 -5.9875695640e-20 -2.9293268134e-14 -2.0488960513e-14 -3.1016425725e-14
d  9.0800573656e-04 6.3560376135e-01 -2.0000000000e-01 6.4717895092e-07 3.0000000000e+02 -8.1509039680e-14 2.8897914858e-14 2.1572631698e-14 8.1445479304e-14 -6.0919735068e-20 -2.8877914858e-14 -2.1572631762e-14 -3.0994871766e-14
d  9.9522797579e-04 6.9665930439e-01 -2.0000000000e-01 6.9451316285e-07 3.0000000000e+02 -8.2492015214e-14 2.8326585099e-14 2.3150438762e-14 8.2422349283e-14 -6.2027106489e-20 -2.8306585099e-14 -2.3150438831e-14 -3.0965263326e-14
d  1.0998946629e-03 7.6992595604e-01 -2.0000000000e-01 7.6327173761e-07 3.0000000000e+02 -8.3984060215e-14 2.7558820802e-14 2.5442391254e-14 8.3907067620e-14 -6.3057579638e-20 -2.7538820802e-14 -2.5442391330e-14 -3.0925792430e-14
d  1.1626946751e-03 8.1388594703e-01 -2.0000000000e-01 8.1010100397e-07 3.0000000000e+02 -8.5040002594e-14 2.7073878737e-14 2.7003366835e-14 8.4958613999e-14 -6.3251298666e-20 -2.7053878737e-14 -2.7003366880e-14 -3.0901305136e-14
d  1.2380546898e-03 8.6663793622e-01 -2.0000000000e-01 8.7108137131e-07 3.0000000000e+02 -8.6462606526e-14 2.6487915511e-14 2.9036045711e-14 8.6375942732e-14 -6.3307683761e-20 -2.6467915511e-14 -2.9036045797e-14 -3.0871918139e-14
d  1.3284867075e-03 9.2994032324e-01 -2.0000000000e-01 9.4879381322e-07 3.0000000000e+02 -8.8350959643e-14 2.5812789397e-14 3.1626460452e-14 8.8257965611e-14 -6.2639812049e-20 -2.5792789397e-14 -3.1626460535e-14 -3.0838653032e-14
d  1.4370051286e-03 1.0059031877e+00 -2.0000000000e-01 1.0444193125e-06 3.0000000000e+02 -9.0792767938e-14 2.5093769625e-14 3.4813977082e-14 9.0692177619e-14 -6.1005901800e-20 -2.5073769625e-14 -3.4813977186e-14 -3.0804369809e-14
d  1.5672272340e-03 1.0970586250e+00 -2.0000000000e-01 1.1567659261e-06 3.0000000000e+02 -9.3843233071e-14 2.4420345596e-14 3.8558864203e-14 9.3733527209e-14 -5.8355917918e-20 -2.4400345596e-14 -3.8558864318e-14 -3.0774258935e-14
d  1.7024308602e-03 1.1917011255e+00 -2.0000000000e-01 1.2661869223e-06 3.0000000000e+02 -9.7033965984e-14 2.3971425640e-14 4.2206230743e-14 9.6914795871e-14 -5.5492791981e-20 -2.3951425640e-14 -4.2206230869e-14 -3.0757083870e-14
d  1.8235531505e-03 1.2764866948e+00 -2.0000000000e-01 1.3577366278e-06 3.0000000000e+02 -9.9896544582e-14 2.3777846180e-14 4.5257887601e-14 9.9768895912e-14 -5.3634916337e-20 -2.3757846180e-14 -4.5257887728e-14 -3.0753108370e-14
d  1.9430091846e-03 1.3601058852e+00 -2.0000000000e-01 1.4459487644e-06 3.0000000000e+02 -1.0281869581e-13 2.3746628428e-14 4.8198292143e-14 1.0268268522e-13 -5.3267402380e-20 -2.3726628428e-14 -4.8198292292e-14 -3.0757711241e-14
d  2.0639337869e-03 1.4447530729e+00 -2.0000000000e-01 1.5388102538e-06 3.0000000000e+02 -1.0602534671e-13 2.3838332421e-14 5.1293675008e-14 1.0588087140e-13 -5.4380981925e-20 -2.3818332421e-14 -5.1293675282e-14 -3.0768809312e-14
d  2.1428570000e-03 1.4999993000e+00 -2.0000000000e-01 1.6043760848e-06 3.0000000000e+02 -1.0834195094e-13 2.3953838662e-14 5.3479202843e-14 1.0819195101e-13 -5.6096489475e-20 -2.3933838662e-14 -5.3479202989e-14 -3.0778853133e-14
d  2.2375648558e-03 1.5662947725e+00 -2.0000000000e-01 1.6923539686e-06 3.0000000000e+02 -1.1147527508e-13 2.4133774803e-14 5.6411799007e-14 1.1131864561e-13 -5.9150508537e-20 -2.4113774803e-14 -5.6411799123e-14 -3.0793012585e-14
d  2.3512142827e-03 1.6458493395e+00 -2.0000000000e-01 1.8184669658e-06 3.0000000000e+02 -1.1597206025e-13 2.4399410380e-14 6.0615565605e-14 1.1580747531e-13 -6.4599872452e-20 -2.4379410380e-14 -6.0615565708e-14 -3.0812434656e-14
d  2.4875935949e-03 1.7413148199e+00 -2.0000000000e-01 2.0141057291e-06 3.0000000000e+02 -1.2291413266e-13 2.4784173471e-14 6.7136857578e-14 1.2274000118e-13 -7.4318039318e-20 -2.4764173471e-14 -6.7136857838e-14 -3.0838895594e-14
d  2.6264957709e-03 1.8385463042e+00 -2.0000000000e-01 2.2893062237e-06 3.0000000000e+02 -1.3259205683e-13 2.5248653552e-14 7.6310207461e-14 1.3240820220e-13 -8.9708488735e-20 -2.5228653552e-14 -7.6310207686e-14 -3.0869251192e-14
d  2.7637914598e-03 1.9346532480e+00 -2.0000000000e-01 2.6818286297e-06 3.0000000000e+02 -1.4626218188e-13 2.5791099352e-14 8.9394288468e-14 1.4606871655e-13 -1.1414145018e-19 -2.5771099352e-14 -8.9394287924e-14 -3.0903215154e-14
d  2.9024017459e-03 2.0316804095e+00 -2.0000000000e-01 3.2804434195e-06 3.0000000000e+02 -1.6690829228e-13 2.6434766700e-14 1.0934811477e-13 1.6670512424e-13 -1.5493881995e-19 -2.6414766700e-14 -1.0934811431e-13 -3.0942088840e-14
d  3.0512923522e-03 2.1359037921e+00 -2.0000000000e-01 4.3231650117e-06 3.0000000000e+02 -2.0253385099e-13 2.7245060247e-14 1.4410550037e-13 2.0232026062e-13 -2.3156440386e-19 -2.7225060247e-14 -1.4410550082e-13 -3.0989468229e-14
d  3.2085620976e-03 2.2459925699e+00 -2.0000000000e-01 6.2761486838e-06 3.0000000000e+02 -2.6864588944e-13 2.8192571830e-14 2.0920495614e-13 2.6842129018e-13 -3.8570199676e-19 -2.8172571830e-14 -2.0920495675e-13 -3.1043375778e-14
d  3.3734033787e-03 2.3613814205e+00 -2.0000000000e-01 1.0252627113e-05 3.0000000000e+02 -4.0224817398e-13 2.9178770098e-14 3.4175423169e-13 4.0201203584e-13 -7.2006926486e-19 -2.9158770098e-14 -3.4175423814e-13 -3.1098307542e-14
d  3.5536568163e-03 2.4875587764e+00 -2.0000000000e-01 1.9563152710e-05 3.0000000000e+02 -7.1350581511e-13 3.0025162073e-14 6.5210495619e-13 7.1325705927e-13 -1.5206222130e-18 -3.0005162069e-14 -6.5210509231e-13 -3.1145286180e-14
d  3.5714290000e-03 2.4999993000e+00 -2.0000000000e-01 2.0975952199e-05 3.0000000000e+02 -7.6065479870e-13 3.0076417788e-14 6.9919843991e-13 7.6040479876e-13 -1.8694689091e-18 -3.0056417795e-14 -6.9919840869e-13 -3.1148140913e-14
d  3.5927556205e-03 2.5149279283e+00 -2.0000000000e-01 2.2831881607e-05 3.0000000000e+02 -8.2259031922e-13 3.0142096167e-14 7.6106275521e-13 8.2233882641e-13 -2.0715395261e-18 -3.0122096175e-14 -7.6106272250e-13 -3.1151975554e-14
d  3.6183475650e-03 2.5328422824e+00 -2.0000000000e-01 2.5316298817e-05 3.0000000000e+02 -9.0549169891e-13 3.0222787748e-14 8.4387662698e-13 9.0523841469e-13 -2.3247154498e-18 -3.0202787748e-14 -8.4387662975e-13 -3.1156704974e-14
d  3.6490578985e-03 2.5543395072e+00 -2.0000000000e-01 2.8718301247e-05 3.0000000000e+02 -1.0189962305e-12 3.0318999521e-14 9.5727670406e-13 1.0187407965e-12 -2.6720901157e-18 -3.0298999521e-14 -9.5727671109e-13 -3.1162402829e-14
d  3.6859102986e-03 2.5801361770e+00 -2.0000000000e-01 3.3511845682e-05 3.0000000000e+02 -1.1789087715e-12 3.0436608008e-14 1.1170614992e-12 1.1786507579e-12 -3.1668342627e-18 -3.0416608005e-14 -1.1170615261e-12 -3.1169458310e-14
d  3.7301331788e-03 2.6110921807e+00 -2.0000000000e-01 4.0527352223e-05 3.0000000000e+02 -1.4129370449e-12 3.0600950891e-14 1.3509116397e-12 1.4126759358e-12 -3.9105941636e-18 -3.0580950879e-14 -1.3509117449e-12 -3.1179332517e-14
d  3.7832006350e-03 2.6482393852e+00 -2.0000000000e-01 5.1303525976e-05 3.0000000000e+02 -1.7723799639e-12 3.0819806578e-14 1.7101171111e-12 1.7721151403e-12 -5.0839614034e-18 -3.0799806537e-14 -1.7101175381e-12 -3.1192718790e-14
d  3.8468815824e-03 2.6928160306e+00 -2.0000000000e-01 6.8923915514e-05 3.0000000000e+02 -2.3600592645e-12 3.1127100453e-14 2.2974619757e-12 2.3597899847e-12 -7.0624812172e-18 -3.1107100303e-14 -2.2974638594e-12 -3.1211978899e-14
d  3.9232987194e-03 2.7463080050e+00 -2.0000000000e-01 1.0048388076e-04 3.0000000000e+02 -3.4126080900e-12 3.1635458541e-14 3.3494623299e-12 3.4123334597e-12 -1.0823946550e-17 -3.1615458516e-14 -3.3494627025e-12 -3.1244514884e-14
d  4.0149992837e-03 2.8104983744e+00 -2.0000000000e-01 1.6605470507e-04 3.0000000000e+02 -5.5993825468e-12 3.2634724438e-14 5.5351520197e-12 5.5991015087e-12 -1.9467054604e-17 -3.2614724172e-14 -5.5351568646e-12 -3.1310446308e-14
d  4.1250399609e-03 2.8875268176e+00 -2.0000000000e-01 3.5230817899e-04 3.0000000000e+02 -1.1810758809e-11 3.5335118116e-14 1.1743602540e-11 1.1810470080e-11 -4.9020876749e-17 -3.5315117969e-14 -1.1743606025e-11 -3.1499943146e-14
d  4.1428570000e-03 2.8999987400e+00 -2.0000000000e-01 4.0778528741e-04 3.0000000000e+02 -1.3661412532e-11 3.6618228791e-14 1.3592838368e-11 1.3661122569e-11 -7.2653438928e-17 -3.6598227904e-14 -1.3592842993e-11 -3.1608723028e-14
d  4.1642374469e-03 2.9149650469e+00 -2.0000000000e-01 4.9623705001e-04 3.0000000000e+02 -1.6612018786e-11 3.8642612314e-14 1.6541224380e-11 1.6611727401e-11 -1.0280060682e-16 -3.8622610016e-14 -1.6541235165e-11 -3.1766865056e-14
d  4.1898939832e-03 2.9329246151e+00 -2.0000000000e-01 6.5931236015e-04 3.0000000000e+02 -2.2051960337e-11 4.2370908529e-14 2.1977068133e-11 2.2051667217e-11 -1.6532176373e-16 -4.2350906728e-14 -2.1977078913e-11 -3.2072148477e-14
d  4.2206818268e-03 2.9544760970e+00 -2.0000000000e-01 1.0750668994e-03 3.0000000000e+02 -3.5921837423e-11 5.2622930010e-14 3.5835534693e-11 3.5921543129e-11 -3.7917410188e-16 -5.2602926700e-14 -3.5835564582e-11 -3.2996478175e-14
d  4.2391545330e-03 2.9674069861e+00 -2.0000000000e-01 1.7628664089e-03 3.0000000000e+02 -5.8872475402e-11 7.3711449336e-14 5.8762150573e-11 5.8872184464e-11 -1.0025894486e-15 -7.3691441423e-14 -5.8762219628e-11 -3.5270904728e-14
d  4.2502381566e-03 2.9751655196e+00 -2.0000000000e-01 2.9409830151e-03 3.0000000000e+02 -9.8193761171e-11 1.1672700571e-13 9.8032632436e-11 9.8193488815e-11 -2.8679771156e-15 -1.1670698550e-13 -9.8032792678e-11 -4.1121404101e-14
d  4.2635385051e-03 2.9844757598e+00 -2.0000000000e-01 9.2969889028e-03 3.0000000000e+02 -3.1025344688e-10 2.6629466481e-13 3.0989941205e-10 3.1025338911e-10 -1.4749770837e-14 -2.6627469417e-13 -3.0989987171e-10 -7.2493247525e-14
d  4.2794989232e-03 2.9956480480e+00 -2.0000000000e-01 1.8209257516e-02 3.0000000000e+02 -6.0717958262e-10 1.2848777320e-13 6.0697623592e-10 6.0717825428e-10 -1.3070666089e-14 -1.2846791090e-13 -6.0697422325e-10 -6.2492664307e-14
d  4.2857140000e-03 2.9999986000e+00 -2.0000000000e-01 2.0014411591e-02 3.0000000000e+02 -6.6725740789e-10 6.3122174815e-14 6.6714679881e-10 6.6725734410e-10 -4.7010550373e-15 -6.3102074752e-14 -6.6714729148e-10 -4.2248326219e-14
d  4.2931720922e-03 3.0052192624e+00 -2.0000000000e-01 2.1614584613e-02 3.0000000000e+02 -7.2058791620e-10 5.7573070535e-14 7.2048593453e-10 7.2058783162e-10 -3.7920544940e-15 -5.7552982127e-14 -7.2048637205e-10 -4.0115304801e-14
d  4.3021218028e-03 3.0114840574e+00 -2.0000000000e-01 2.3488515630e-02 3.0000000000e+02 -7.8306068145e-10 6.3482409562e-14 7.8295029628e-10 7.8306062449e-10 -4.5183541006e-15 -6.3462335263e-14 -7.8295076770e-10 -4.1876240860e-14
d  4.3128614555e-03 3.0190018113e+00 -2.0000000000e-01 2.5811365346e-02 3.0000000000e+02 -8.6049140513e-10 6.4918605754e-14 8.6037863853e-10 8.6049134920e-10 -4.8146486608e-15 -6.4898548861e-14 -8.6037909355e-10 -4.2542584285e-14
d  4.3257490388e-03 3.0280231160e+00 -2.0000000000e-01 2.8655201810e-02 3.0000000000e+02 -9.5528543798e-10 6.4230321103e-14 9.5517322344e-10 9.5528535707e-10 -4.8850329356e-15 -6.4210281422e-14 -9.5517361850e-10 -4.2643341189e-14
d  4.3412141388e-03 3.0388486816e+00 -2.0000000000e-01 3.2129283788e-02 3.0000000000e+02 -1.0710878477e-09 6.3677453745e-14 1.0709759995e-09 1.0710877244e-09 -4.9729498311e-15 -6.3657428527e-14 -1.0709763101e-09 -4.2784010925e-14
d  4.3597722587e-03 3.0518393604e+00 -2.0000000000e-01 3.6393643569e-02 3.0000000000e+02 -1.2132333584e-09 6.3479872460e-14 1.2131201123e-09 1.2132351423e-09 -5.1060931243e-15 -6.3459643305e-14 -1.2131235454e-09 -4.3031142430e-14
d  4.3820420027e-03 3.0674281749e+00 -2.0000000000e-01 4.1656572956e-02 3.0000000000e+02 -1.3886648893e-09 6.3534484522e-14 1.3885515510e-09 1.3886660885e-09 -5.2742461557e-15 -6.3514354420e-14 -1.3885539422e-09 -4.3358116192e-14
d  4.4087656954e-03 3.0861347523e+00 -2.0000000000e-01 4.8190116956e-02 3.0000000000e+02 -1.6064506513e-09 6.3869021404e-14 1.6063367120e-09 1.6064513259e-09 -5.4821740779e-15 -6.3848955150e-14 -1.6063382200e-09 -4.3774877671e-14
d  4.4285710000e-03 3.0999984600e+00 -2.0000000000e-01 5.3180541906e-02 3.0000000000e+02 -1.7727989095e-09 6.4191434063e-14 1.7726843785e-09 1.7727993046e-09 -5.6263454050e-15 -6.4171376628e-14 -1.7726854408e-09 -4.4066222761e-14
d  4.4523373656e-03 3.1166349092e+00 -2.0000000000e-01 5.9333296957e-02 3.0000000000e+02 -1.9778917299e-09 6.4647028088e-14 1.9777763256e-09 1.9778919358e-09 -5.8001677557e-15 -6.4626991906e-14 -1.9777770888e-09 -4.4419924764e-14
d  4.4808570042e-03 3.1365986483e+00 -2.0000000000e-01 6.6947999739e-02 3.0000000000e+02 -2.2317163931e-09 6.5259410981e-14 2.2315998562e-09 2.2317163967e-09 -6.0045364469e-15 -6.5239393582e-14 -2.2316003153e-09 -4.4837538116e-14
d  4.5150805706e-03 3.1605551352e+00 -2.0000000000e-01 7.6411748390e-02 3.0000000000e+02 -2.5471762421e-09 6.6080246672e-14 2.5470569060e-09 2.5471794606e-09 -6.2458171255e-15 -6.6060095596e-14 -2.5470618222e-09 -4.5332586351e-14
d  4.5561488503e-03 3.1893029195e+00 -2.0000000000e-01 8.8219637615e-02 3.0000000000e+02 -2.9407744315e-09 6.7108779756e-14 2.9406557238e-09 2.9407708827e-09 -6.5246235269e-15 -6.7088886524e-14 -2.9406513659e-09 -4.5903463073e-14
d  4.6054307859e-03 3.2238002606e+00 -2.0000000000e-01 1.0301154461e-01 3.0000000000e+02 -3.4338402622e-09 6.8385777799e-14 3.4337182370e-09 3.4338396761e-09 -6.8479430285e-15 -6.8365784492e-14 -3.4337179001e-09 -4.6562073796e-14
d  4.6645691087e-03 3.2651970700e+00 -2.0000000000e-01 1.2161365893e-01 3.0000000000e+02 -4.0539134214e-09 6.9934922751e-14 4.0537887392e-09 4.0539127104e-09 -7.2218496917e-15 -6.9914930178e-14 -4.0537882585e-09 -4.7315142597e-14
d  4.7355350960e-03 3.3148732412e+00 -2.0000000000e-01 1.4510504629e-01 3.0000000000e+02 -4.8369628567e-09 7.1813129820e-14 4.8368349820e-09 4.8369621017e-09 -7.6597847642e-15 -7.1793135993e-14 -4.8368344673e-09 -4.8181408198e-14
d  4.8206942807e-03 3.3744846467e+00 -2.0000000000e-01 1.7488655475e-01 3.0000000000e+02 -5.8296835357e-09 7.4037601674e-14 5.8295519000e-09 5.8296828548e-09 -8.1733535584e-15 -7.4017605421e-14 -5.8295514988e-09 -4.9164978800e-14
d  4.9228853024e-03 3.4460183333e+00 -2.0000000000e-01 2.1274898239e-01 3.0000000000e+02 -7.0917686956e-09 7.6576694530e-14 7.0916327897e-09 7.0917681235e-09 -8.7752691130e-15 -7.6556696379e-14 -7.0916325399e-09 -5.0251540964e-14
d  5.0000000000e-03 3.4999986000e+00 -2.0000000000e-01 2.4275224132e-01 3.0000000000e+02 -8.0918803660e-09 7.8400227350e-14 8.0917413544e-09 8.0918801470e-09 -9.2275324297e-15 -7.8380226140e-14 -8.0917415325e-09 -5.1006728464e-14
d  5.0925376371e-03 3.5647749201e+00 -2.0000000000e-01 2.8026299570e-01 3.0000000000e+02 -9.3422423490e-09 8.0478387958e-14 9.3420998346e-09 9.3422421328e-09 -9.7898558711e-15 -8.0458386886e-14 -9.3421000251e-09 -5.1859472643e-14
d  5.2035828017e-03 3.6425065042e+00 -2.0000000000e-01 3.2729115158e-01 3.0000000000e+02 -1.0909851585e-08 8.2825667457e-14 1.0909705053e-08 1.0909851221e-08 -1.0519370548e-14 -8.2805667457e-14 -1.0909705085e-08 -5.2810347636e-14
d  5.3368369991e-03 3.7357844051e+00 -2.0000000000e-01 3.8636809097e-01 3.0000000000e+02 -1.2879087511e-08 8.5384321765e-14 1.2878936366e-08 1.2879087138e-08 -1.1531081368e-14 -8.5364321765e-14 -1.2878936404e-08 -5.3838069917e-14
d  5.4967420361e-03 3.8477178862e+00 -2.0000000000e-01 4.6066142424e-01 3.0000000000e+02 -1.5355537329e-08 8.8079159334e-14 1.5355380811e-08 1.5355536917e-08 -1.3106717616e-14 -8.8059159422e-14 -1.5355380827e-08 -5.4924304565e-14
d  5.5926850582e-03 3.9148779748e+00 -2.0000000000e-01 5.0683541861e-01 3.0000000000e+02 -1.6894673629e-08 8.9432311859e-14 1.6894513954e-08 1.6894673232e-08 -1.4345028217e-14 -8.9412311884e-14 -1.6894513999e-08 -5.5476320962e-14
d  5.7078166848e-03 3.9954700812e+00 -2.0000000000e-01 5.6366927280e-01 3.0000000000e+02 -1.8789139497e-08 9.0902577494e-14 1.8788975760e-08 1.8789139098e-08 -1.6298892956e-14 -9.0882577495e-14 -1.8788975816e-08 -5.6100077971e-14
d  5.7142860000e-03 3.9999986000e+00 -2.0000000000e-01 5.6690626864e-01 3.0000000000e+02 -1.8897039527e-08 9.0939346098e-14 1.8896875645e-08 1.8897038880e-08 -1.6414748760e-14 -9.0919358139e-14 -1.8896875431e-08 -5.6115188935e-14
d  5.7220491782e-03 4.0054328226e+00 -2.0000000000e-01 5.7079659370e-01 3.0000000000e+02 -1.9026717317e-08 9.1029953633e-14 1.9026553154e-08 1.9026716598e-08 -1.6571372661e-14 -9.1009972568e-14 -1.9026552862e-08 -5.6154745486e-14
d  5.7313649920e-03 4.0119538896e+00 -2.0000000000e-01 5.7547354070e-01 3.0000000000e+02 -1.9182615903e-08 9.1140080281e-14 1.9182451397e-08 1.9182615078e-08 -1.6764147761e-14 -9.1120101116e-14 -1.9182450991e-08 -5.6202952095e-14
d  5.7425439686e-03 4.0197791701e+00 -2.0000000000e-01 5.8109796062e-01 3.0000000000e+02 -1.9370096988e-08 9.1267009489e-14 1.9369932075e-08 1.9370096007e-08 -1.7001089517e-14 -9.1247033106e-14 -1.9369931499e-08 -5.6259033802e-14
d  5.7559587405e-03 4.0291695067e+00 -2.0000000000e-01 5.8786458467e-01 3.0000000000e+02 -1.9595651638e-08 9.1418879125e-14 1.9595486232e-08 1.9595650424e-08 -1.7294816723e-14 -9.1398906458e-14 -1.9595485404e-08 -5.6326392574e-14
d  5.7720564668e-03 4.0404379106e+00 -2.0000000000e-01 5.9600913068e-01 3.0000000000e+02 -1.9867137128e-08 9.1595902892e-14 1.9866971133e-08 1.9867135541e-08 -1.7660485769e-14 -9.1575935833e-14 -1.9866969899e-08 -5.6405629734e-14
d  5.7913737383e-03 4.0539599952e+00 -2.0000000000e-01 6.0581747835e-01 3.0000000000e+02 -2.0194082812e-08 9.1802503377e-14 2.0193916110e-08 2.0194080610e-08 -1.8119176137e-14 -9.1782544608e-14 -2.0193914210e-08 -5.6499042758e-14
d  5.8145544641e-03 4.0701864968e+00 -2.0000000000e-01 6.1763688044e-01 3.0000000000e+02 -2.0588063814e-08 9.2042254132e-14 2.0587896272e-08 2.0588060555e-08 -1.8699335037e-14 -9.2022308014e-14 -2.0587893224e-08 -5.6608811294e-14
d  5.8423713351e-03 4.0896582987e+00 -2.0000000000e-01 6.3188976196e-01 3.0000000000e+02 -2.1063161012e-08 9.2317865495e-14 2.1062992489e-08 2.1063155840e-08 -1.9440018173e-14 -9.2297939393e-14 -2.1062987365e-08 -5.6737047675e-14
d  5.8757515804e-03 4.1130244610e+00 -2.0000000000e-01 6.4909071571e-01 3.0000000000e+02 -2.1636527559e-08 9.2630764913e-14 2.1636357918e-08 2.1636518808e-08 -2.0395628937e-14 -9.2610870863e-14 -2.1636348916e-08 -5.6885703260e-14
d  5.9158078746e-03 4.1410638558e+00 -2.0000000000e-01 6.6986742290e-01 3.0000000000e+02 -2.2329086237e-08 9.2980637788e-14 2.2328914107e-08 2.2329085698e-08 -2.1642552673e-14 -9.2960639085e-14 -2.2328914038e-08 -5.7056384091e-14
d  5.9398416512e-03 4.1578874927e+00 -2.0000000000e-01 6.8240192254e-01 3.0000000000e+02 -2.2746903985e-08 9.3173338540e-14 2.2746731139e-08 2.2746898959e-08 -2.2443678237e-14 -9.3153408582e-14 -2.2746726208e-08 -5.7153136862e-14
d  5.9470517841e-03 4.1629345837e+00 -2.0000000000e-01 6.8617211635e-01 3.0000000000e+02 -2.2872577446e-08 9.3229384831e-14 2.2872403929e-08 2.2872576428e-08 -2.2691795186e-14 -9.3209412090e-14 -2.2872403345e-08 -5.7181501953e-14
d  5.9513778639e-03 4.1659628383e+00 -2.0000000000e-01 6.8843634753e-01 3.0000000000e+02 -2.2948052019e-08 9.3261844932e-14 2.2947878278e-08 2.2948051274e-08 -2.2842608510e-14 -9.3241872606e-14 -2.2947877991e-08 -5.7198188926e-14
d  5.9520267759e-03 4.1664170765e+00 -2.0000000000e-01 6.8877611056e-01 3.0000000000e+02 -2.2959377481e-08 9.3264627567e-14 2.2959204114e-08 2.2959371975e-08 -2.2865493640e-14 -9.3247001267e-14 -2.2959198662e-08 -5.7201022703e-14
d  5.9524161230e-03 4.1666896195e+00 -2.0000000000e-01 6.8897998511e-01 3.0000000000e+02 -2.2966173308e-08 9.3260610807e-14 2.2965999735e-08 2.2966170172e-08 -2.2878142666e-14 -9.3243211308e-14 -2.2965996849e-08 -5.7200094407e-14
d  5.9525329272e-03 4.1667713823e+00 -2.0000000000e-01 6.8904114999e-01 3.0000000000e+02 -2.2968212140e-08 9.3259199540e-14 2.2968038381e-08 2.2968211171e-08 -2.2881698129e-14 -9.3240828372e-14 -2.2968037847e-08 -5.7199250909e-14
d  5.9525679684e-03 4.1667959112e+00 -2.0000000000e-01 6.8905949976e-01 3.0000000000e+02 -2.2968823806e-08 9.3264007616e-14 2.2968649998e-08 2.2968823326e-08 -2.2883428036e-14 -9.3244671444e-14 -2.2968649996e-08 -5.7200591081e-14
d  5.9525732246e-03 4.1667995905e+00 -2.0000000000e-01 6.8906225224e-01 3.0000000000e+02 -2.2968915558e-08 9.3265186461e-14 2.2968741741e-08 2.2968915140e-08 -2.2883671744e-14 -9.3245232321e-14 -2.2968741810e-08 -5.7200760060e-14
d  5.9525763783e-03 4.1668017981e+00 -2.0000000000e-01 6.8906390372e-01 3.0000000000e+02 -2.2968970614e-08 9.3270818846e-14 2.2968796806e-08 2.2968970038e-08 -2.2888805401e-14 -9.3272748357e-14 -2.2968796664e-08 -5.7212589911e-14
d  5.9525782706e-03 4.1668031227e+00 -2.0000000000e-01 6.8906489477e-01 3.0000000000e+02 -2.2969003599e-08 9.3228086114e-14 2.2968829834e-08 2.2969003094e-08 -2.2882554210e-14 -9.3227908937e-14 -2.2968829774e-08 -5.7197357427e-14
