v ATLAS
# This file was created by ATLAS version 5.32.1.R on Wed Oct  7 16:11:51 2026.
#SSF 2.0 generic
##############################################################################
#                    Copyright (c) 1984 - 2021                               #
#                    Silvaco Inc. All rights reserved                        #
#                                                                            #
# This file format and the following Key are copyright Silvaco Inc.          #
# You may not use, this format or key without reproducing this message in    #
# full and obtaining express written permission from Silvaco Inc.            #
#                                                                            #
# To obtain such permission please contact: Silvaco Inc.                     #
#                                           support@silvaco.com              #
#                                                                            #
# KEY=SVC86hn7562asdx                       PROD=345                         #
##############################################################################
Q 10000 1 "V[1]" 5 1201 7 1
Q 10001 1 "V[2]" 5 1201 7 2
Q 10002 1 "V[3]" 5 1201 7 3
X 1 Vdrain
X 2 Vgate
X 3 Rtap
X 4 Adev_drain
X 5 Adev_source
X 6 Adev_gate
X 7 Adev_tap
X 8 Adev_substrate
p 13 61 10000 10001 10002 82 1301 1302 1303 1304 1305 1306 1307 1308
d  1.0000000000e-09 6.9999972000e-07 -2.0000000000e-01 5.5892550186e-08 3.0000000000e+02 -7.7631358586e-14 3.5344980665e-14 5.5893103103e-15 7.7631345388e-14 -1.2092369118e-15 -3.5325037360e-14 -5.5891459221e-15 -3.3767425262e-14
d  2.0000000000e-09 1.3999994400e-06 -2.0000000000e-01 9.7674836699e-08 3.0000000000e+02 -7.8074268474e-14 3.5570322558e-14 9.7675816417e-15 7.8074233443e-14 -7.5214365436e-16 -3.5550473226e-14 -9.7671936983e-15 -3.2874626616e-14
d  3.0000000000e-09 2.0999991600e-06 -2.0000000000e-01 1.2538947265e-07 3.0000000000e+02 -7.8427667238e-14 3.3331446944e-14 1.2539049174e-14 7.8427630736e-14 -4.4771934261e-16 -3.3311603664e-14 -1.2538645638e-14 -3.2129602776e-14
d  4.2000000000e-09 2.9399988240e-06 -2.0000000000e-01 1.4533641311e-07 3.0000000000e+02 -7.8667685391e-14 3.2294991463e-14 1.4533745695e-14 7.8667653181e-14 -2.2888838163e-16 -3.2275129294e-14 -1.4533376052e-14 -3.1630152618e-14
d  5.6400000000e-09 3.9479984208e-06 -2.0000000000e-01 1.5776611140e-07 3.0000000000e+02 -7.8817219695e-14 3.1648992733e-14 1.5776712001e-14 7.8817193601e-14 -9.2549522577e-17 -3.1629103726e-14 -1.5776397560e-14 -3.1318921985e-14
d  7.3680000000e-09 5.1575979370e-06 -2.0000000000e-01 1.6417610882e-07 3.0000000000e+02 -7.8894334075e-14 3.1316145393e-14 1.6417707167e-14 7.8894313115e-14 -2.2245278035e-17 -3.1296233690e-14 -1.6417440972e-14 -3.1158415923e-14
d  9.4416000000e-09 6.6091173564e-06 -2.0000000000e-01 1.6661034811e-07 3.0000000000e+02 -7.8923624901e-14 3.1189660494e-14 1.6661125531e-14 7.8923608188e-14 4.4664522191e-18 -3.1169729819e-14 -1.6660901407e-14 -3.1097457150e-14
d  1.1929920000e-08 8.3509406596e-06 -2.0000000000e-01 1.6699253372e-07 3.0000000000e+02 -7.8928236655e-14 3.1169681862e-14 1.6699337737e-14 7.8928223379e-14 8.6712224474e-18 -3.1149735587e-14 -1.6699149993e-14 -3.1087879368e-14
d  1.4915904000e-08 1.0441128624e-05 -2.0000000000e-01 1.6668084414e-07 3.0000000000e+02 -7.8924480910e-14 3.1185998148e-14 1.6668162228e-14 7.8924470304e-14 5.2465677904e-18 -3.1166039442e-14 -1.6668004959e-14 -3.1095677851e-14
d  1.8499084800e-08 1.2949354180e-05 -2.0000000000e-01 1.6635877282e-07 3.0000000000e+02 -7.8920614225e-14 3.1202650869e-14 1.6635948251e-14 7.8920605663e-14 1.7218467054e-18 -3.1182682256e-14 -1.6635816897e-14 -3.1103737442e-14
d  2.2798901760e-08 1.5959224848e-05 -2.0000000000e-01 1.6620746620e-07 3.0000000000e+02 -7.8918797363e-14 3.1210526719e-14 1.6620811020e-14 7.8918790271e-14 6.2937095882e-20 -3.1190550451e-14 -1.6620700961e-14 -3.1107522591e-14
d  2.7958682112e-08 1.9571069650e-05 -2.0000000000e-01 1.6617697970e-07 3.0000000000e+02 -7.8918430490e-14 3.1212224241e-14 1.6617756145e-14 7.8918424396e-14 -2.7135922642e-19 -3.1192242107e-14 -1.6617663604e-14 -3.1108284280e-14
d  3.4150418534e-08 2.3905283412e-05 -2.0000000000e-01 1.6618601385e-07 3.0000000000e+02 -7.8918538134e-14 3.1211709408e-14 1.6618653818e-14 7.8918532636e-14 -1.7464949117e-19 -3.1191722829e-14 -1.6618575576e-14 -3.1108057137e-14
d  4.1580502241e-08 2.9106339926e-05 -2.0000000000e-01 1.6619479998e-07 3.0000000000e+02 -7.8918647099e-14 3.1211251369e-14 1.6619526875e-14 7.8918641873e-14 -7.7855275198e-20 -3.1191261364e-14 -1.6619460774e-14 -3.1107837326e-14
d  5.0496602690e-08 3.5347607744e-05 -2.0000000000e-01 1.6619729599e-07 3.0000000000e+02 -7.8918680961e-14 3.1211120332e-14 1.6619771872e-14 7.8918675687e-14 -5.1028969444e-20 -3.1191127846e-14 -1.6619715157e-14 -3.1107775424e-14
d  6.1195923227e-08 4.2837129124e-05 -2.0000000000e-01 1.6619725905e-07 3.0000000000e+02 -7.8918686040e-14 3.1211090260e-14 1.6619763981e-14 7.8918680451e-14 -4.9827114183e-20 -3.1191095900e-14 -1.6619715069e-14 -3.1107777815e-14
d  7.4035107873e-08 5.1824554781e-05 -2.0000000000e-01 1.6619709799e-07 3.0000000000e+02 -7.8918686759e-14 3.1211123596e-14 1.6619744424e-14 7.8918680587e-14 -5.4262421721e-20 -3.1191127870e-14 -1.6619701591e-14 -3.1107784267e-14
d  8.9442129448e-08 6.2609465569e-05 -2.0000000000e-01 1.6619717626e-07 3.0000000000e+02 -7.8918694100e-14 3.1211129917e-14 1.6619749489e-14 7.8918687080e-14 -5.3634819259e-20 -3.1191133194e-14 -1.6619711336e-14 -3.1107785419e-14
d  1.0793055534e-07 7.5551358515e-05 -2.0000000000e-01 1.6619736454e-07 3.0000000000e+02 -7.8918702380e-14 3.1211112028e-14 1.6619766264e-14 7.8918694233e-14 -5.3614123410e-20 -3.1191114583e-14 -1.6619731554e-14 -3.1107784825e-14
d  1.3011666640e-07 9.1081630050e-05 -2.0000000000e-01 1.6619759701e-07 3.0000000000e+02 -7.8918713347e-14 3.1211077656e-14 1.6619788219e-14 7.8918703768e-14 -5.2554618879e-20 -3.1191079693e-14 -1.6619755798e-14 -3.1107784091e-14
d  1.5673999969e-07 1.0971795589e-04 -2.0000000000e-01 1.6619788297e-07 3.0000000000e+02 -7.8918723521e-14 3.1211057927e-14 1.6619816360e-14 7.8918712162e-14 -5.4098078125e-20 -3.1191059597e-14 -1.6619785099e-14 -3.1107783400e-14
d  1.8868799962e-07 1.3208154690e-04 -2.0000000000e-01 1.6619822236e-07 3.0000000000e+02 -7.8918739198e-14 3.1211037941e-14 1.6619850586e-14 7.8918725664e-14 -5.3476271898e-20 -3.1191039347e-14 -1.6619819547e-14 -3.1107782535e-14
d  2.2702559955e-07 1.5891785612e-04 -2.0000000000e-01 1.6619863361e-07 3.0000000000e+02 -7.8918756222e-14 3.1210989640e-14 1.6619893045e-14 7.8918740046e-14 -5.3482628789e-20 -3.1190990867e-14 -1.6619861016e-14 -3.1107781573e-14
d  2.7303071946e-07 1.9112142717e-04 -2.0000000000e-01 1.6619913029e-07 3.0000000000e+02 -7.8918776759e-14 3.1210962619e-14 1.6619944887e-14 7.8918757392e-14 -5.3488146507e-20 -3.1190963716e-14 -1.6619910934e-14 -3.1107780409e-14
d  3.2823686335e-07 2.2976571244e-04 -2.0000000000e-01 1.6619972715e-07 3.0000000000e+02 -7.8918801666e-14 3.1210903956e-14 1.6620007807e-14 7.8918778456e-14 -5.3444991263e-20 -3.1190904964e-14 -1.6619970793e-14 -3.1107779011e-14
d  3.9448423602e-07 2.7613885476e-04 -2.0000000000e-01 1.6620044504e-07 3.0000000000e+02 -7.8918831191e-14 3.1210851625e-14 1.6620083953e-14 7.8918803358e-14 -5.3750397309e-20 -3.1190852569e-14 -1.6620042705e-14 -3.1107777358e-14
d  4.7398108322e-07 3.3178662554e-04 -2.0000000000e-01 1.6620130437e-07 3.0000000000e+02 -7.8918867604e-14 3.1210774485e-14 1.6620175747e-14 7.8918834216e-14 -5.3134748943e-20 -3.1190775388e-14 -1.6620128716e-14 -3.1107775339e-14
d  5.6937729986e-07 3.9856395048e-04 -2.0000000000e-01 1.6620233847e-07 3.0000000000e+02 -7.8918909992e-14 3.1210701113e-14 1.6620286651e-14 7.8918869932e-14 -5.3475144019e-20 -3.1190701990e-14 -1.6620232176e-14 -3.1107772997e-14
d  6.8385275984e-07 4.7869674041e-04 -2.0000000000e-01 1.6620357931e-07 3.0000000000e+02 -7.8918961071e-14 3.1210598677e-14 1.6620419747e-14 7.8918913004e-14 -5.3627367995e-20 -3.1190599532e-14 -1.6620356301e-14 -3.1107770168e-14
d  8.2122331180e-07 5.7485608832e-04 -2.0000000000e-01 1.6620506693e-07 3.0000000000e+02 -7.8919022458e-14 3.1210477817e-14 1.6620579793e-14 7.8918964777e-14 -5.3612678600e-20 -3.1190478661e-14 -1.6620505086e-14 -3.1107766720e-14
d  9.8606797417e-07 6.9024730582e-04 -2.0000000000e-01 1.6620685118e-07 3.0000000000e+02 -7.8919096006e-14 3.1210335067e-14 1.6620771967e-14 7.8919026788e-14 -5.3478466474e-20 -3.1190335902e-14 -1.6620683528e-14 -3.1107762652e-14
d  1.1838815690e-06 8.2871676681e-04 -2.0000000000e-01 1.6620899187e-07 3.0000000000e+02 -7.8919183827e-14 3.1210160876e-14 1.6621002547e-14 7.8919100764e-14 -5.3461132889e-20 -3.1190161704e-14 -1.6620897611e-14 -3.1107757699e-14
d  1.4212578828e-06 9.9488012001e-04 -2.0000000000e-01 1.6621155897e-07 3.0000000000e+02 -7.8919288895e-14 3.1209952157e-14 1.6621279467e-14 7.8919189216e-14 -5.3466154500e-20 -3.1189952981e-14 -1.6621154326e-14 -3.1107751785e-14
d  1.7061094594e-06 1.1942761438e-03 -2.0000000000e-01 1.6621463718e-07 3.0000000000e+02 -7.8919414389e-14 3.1209697917e-14 1.6621611530e-14 7.8919294771e-14 -5.3364416579e-20 -3.1189698740e-14 -1.6621462152e-14 -3.1107744620e-14
d  2.0479313512e-06 1.4335513724e-03 -2.0000000000e-01 1.6621832819e-07 3.0000000000e+02 -7.8919563996e-14 3.1209400101e-14 1.6622009718e-14 7.8919420451e-14 -5.3455819180e-20 -3.1189400921e-14 -1.6621831258e-14 -3.1107736089e-14
d  2.4581176215e-06 1.7206816468e-03 -2.0000000000e-01 1.6622275236e-07 3.0000000000e+02 -7.8919742473e-14 3.1209037659e-14 1.6622487590e-14 7.8919570215e-14 -5.3455416513e-20 -3.1189038480e-14 -1.6622273674e-14 -3.1107725742e-14
d  2.9503411458e-06 2.0652379759e-03 -2.0000000000e-01 1.6622805475e-07 3.0000000000e+02 -7.8919954982e-14 3.1208602162e-14 1.6622805475e-14 7.8919748458e-14 -5.3273410369e-20 -3.1188602162e-14 -1.6622805491e-14 -3.1107712884e-14
d  3.5410093749e-06 2.4787055710e-03 -2.0000000000e-01 1.6623439035e-07 3.0000000000e+02 -7.8919876876e-14 3.1208597972e-14 1.6623439034e-14 7.8919629005e-14 -5.3494332090e-20 -3.1188597972e-14 -1.6623439052e-14 -3.1107718707e-14
d  4.2498112499e-06 2.9748666850e-03 -2.0000000000e-01 1.6624200516e-07 3.0000000000e+02 -7.8920192706e-14 3.1207941412e-14 1.6624200517e-14 7.8919895219e-14 -5.3439162386e-20 -3.1187941412e-14 -1.6624200532e-14 -3.1107699447e-14
d  5.1003734999e-06 3.5702600218e-03 -2.0000000000e-01 1.6625111862e-07 3.0000000000e+02 -7.8920484859e-14 3.1207280861e-14 1.6625111863e-14 7.8920127833e-14 -5.3437507062e-20 -3.1187280861e-14 -1.6625111879e-14 -3.1107681343e-14
d  6.1210481999e-06 4.2847320260e-03 -2.0000000000e-01 1.6626202777e-07 3.0000000000e+02 -7.8920828649e-14 3.1206484645e-14 1.6626202778e-14 7.8920400176e-14 -5.3463943731e-20 -3.1186484645e-14 -1.6626202794e-14 -3.1107659362e-14
d  7.3458578398e-06 5.1420984311e-03 -2.0000000000e-01 1.6627508086e-07 3.0000000000e+02 -7.8921231645e-14 3.1205523326e-14 1.6627508087e-14 7.8920717435e-14 -5.3457745409e-20 -3.1185523326e-14 -1.6627508103e-14 -3.1107632618e-14
d  8.8156294078e-06 6.1709381171e-03 -2.0000000000e-01 1.6629069188e-07 3.0000000000e+02 -7.8921701717e-14 3.1204361796e-14 1.6629069189e-14 7.8921084624e-14 -5.3439269179e-20 -3.1184361796e-14 -1.6629069205e-14 -3.1107600003e-14
d  1.0579355289e-05 7.4055457403e-03 -2.0000000000e-01 1.6630935242e-07 3.0000000000e+02 -7.8922246777e-14 3.1202957250e-14 1.6630935244e-14 7.8921506223e-14 -5.3438102981e-20 -3.1182957250e-14 -1.6630935259e-14 -3.1107560123e-14
d  1.2695826347e-05 8.8870748882e-03 -2.0000000000e-01 1.6633164563e-07 3.0000000000e+02 -7.8922874313e-14 3.1201256243e-14 1.6633164567e-14 7.8921985606e-14 -5.3440110910e-20 -3.1181256243e-14 -1.6633164580e-14 -3.1107511219e-14
d  1.5235591617e-05 1.0664909866e-02 -2.0000000000e-01 1.6635826318e-07 3.0000000000e+02 -7.8923590518e-14 3.1199193306e-14 1.6635826324e-14 7.8922524027e-14 -5.3439934555e-20 -3.1179193306e-14 -1.6635826334e-14 -3.1107451055e-14
d  1.8283309940e-05 1.2798311839e-02 -2.0000000000e-01 1.6639002598e-07 3.0000000000e+02 -7.8924399285e-14 3.1196686636e-14 1.6639002611e-14 7.8923119454e-14 -5.3446131623e-20 -3.1176686636e-14 -1.6639002615e-14 -3.1107376782e-14
d  2.1940571928e-05 1.5358394206e-02 -2.0000000000e-01 1.6642790998e-07 3.0000000000e+02 -7.8925300773e-14 3.1193635797e-14 1.6642791015e-14 7.8923764933e-14 -5.3438822401e-20 -3.1173635797e-14 -1.6642791015e-14 -3.1107284753e-14
d  2.6329286314e-05 1.8430493047e-02 -2.0000000000e-01 1.6647308035e-07 3.0000000000e+02 -7.8926289723e-14 3.1189914953e-14 1.6647308067e-14 7.8924446674e-14 -5.3439197181e-20 -3.1169914953e-14 -1.6647308051e-14 -3.1107170290e-14
d  3.1595743576e-05 2.2117011657e-02 -2.0000000000e-01 1.6652693747e-07 3.0000000000e+02 -7.8927353727e-14 3.1185367392e-14 1.6652693798e-14 7.8925142026e-14 -5.3438317541e-20 -3.1165367392e-14 -1.6652693764e-14 -3.1107027376e-14
d  3.7915492292e-05 2.6540833988e-02 -2.0000000000e-01 1.6659118342e-07 3.0000000000e+02 -7.8928471803e-14 3.1179797659e-14 1.6659118418e-14 7.8925817719e-14 -5.3441726665e-20 -3.1159797659e-14 -1.6659118359e-14 -3.1106848274e-14
d  4.5499190750e-05 3.1849420785e-02 -2.0000000000e-01 1.6666792063e-07 3.0000000000e+02 -7.8929614303e-14 3.1172960820e-14 1.6666792168e-14 7.8926429361e-14 -5.3441423022e-20 -3.1152960820e-14 -1.6666792080e-14 -3.1106623041e-14
d  5.4599628900e-05 3.8219724942e-02 -2.0000000000e-01 1.6675980443e-07 3.0000000000e+02 -7.8930745833e-14 3.1164551109e-14 1.6675980587e-14 7.8926923860e-14 -5.3439758447e-20 -3.1144551109e-14 -1.6675980460e-14 -3.1106338931e-14
d  6.5520154680e-05 4.5864089930e-02 -2.0000000000e-01 1.6687028487e-07 3.0000000000e+02 -7.8931834311e-14 3.1154186441e-14 1.6687028631e-14 7.8927247902e-14 -5.3442108650e-20 -3.1134186441e-14 -1.6687028504e-14 -3.1105979651e-14
d  7.8624785616e-05 5.5037327916e-02 -2.0000000000e-01 1.6700401284e-07 3.0000000000e+02 -7.8932873134e-14 3.1141390542e-14 1.6700401325e-14 7.8927369402e-14 -5.3442322391e-20 -3.1121390542e-14 -1.6700401301e-14 -3.1105524479e-14
d  9.4350342739e-05 6.6045213499e-02 -2.0000000000e-01 1.6716745881e-07 3.0000000000e+02 -7.8933918691e-14 3.1125568582e-14 1.6716745451e-14 7.8927314170e-14 -5.3443944673e-20 -3.1105568582e-14 -1.6716745898e-14 -3.1104947063e-14
d  1.1322101129e-04 7.9254676199e-02 -2.0000000000e-01 1.6736992735e-07 3.0000000000e+02 -7.8935160125e-14 3.1105976537e-14 1.6736990896e-14 7.8927234657e-14 -5.3448970422e-20 -3.1085976537e-14 -1.6736992752e-14 -3.1104213891e-14
d  1.3586581354e-04 9.5106031439e-02 -2.0000000000e-01 1.6762523947e-07 3.0000000000e+02 -7.8937039779e-14 3.1081674433e-14 1.6762518191e-14 7.8927529176e-14 -5.3454826152e-20 -3.1061674433e-14 -1.6762523965e-14 -3.1103281918e-14
d  1.6303957625e-04 1.1412765773e-01 -2.0000000000e-01 1.6795449309e-07 3.0000000000e+02 -7.8940447652e-14 3.1051448323e-14 1.6795449312e-14 7.8929034886e-14 -5.3461884283e-20 -3.1031448323e-14 -1.6795449326e-14 -3.1102094433e-14
d  1.9564809150e-04 1.3695360927e-01 -2.0000000000e-01 1.6839068202e-07 3.0000000000e+02 -7.8947034041e-14 3.1013642116e-14 1.6839068209e-14 7.8933338680e-14 -5.3472466774e-20 -3.0993642116e-14 -1.6839068219e-14 -3.1100571904e-14
d  2.3477830980e-04 1.6434475113e-01 -2.0000000000e-01 1.6898668237e-07 3.0000000000e+02 -7.8959718454e-14 3.0965961452e-14 1.6898668270e-14 7.8943283979e-14 -5.3484784201e-20 -3.0945961452e-14 -1.6898668254e-14 -3.1098600784e-14
d  2.8173457177e-04 1.9721412135e-01 -2.0000000000e-01 1.6982953060e-07 3.0000000000e+02 -7.8983551286e-14 3.0904825729e-14 1.6982953179e-14 7.8963829874e-14 -5.3501059998e-20 -3.0884825729e-14 -1.6982953077e-14 -3.1095997552e-14
d  3.3808208612e-04 2.3665736562e-01 -2.0000000000e-01 1.7106708996e-07 3.0000000000e+02 -7.9027263196e-14 3.0824381993e-14 1.7106708996e-14 7.9003597459e-14 -5.3520984873e-20 -3.0804381993e-14 -1.7106709013e-14 -3.1092452926e-14
d  3.7189059473e-04 2.6032331218e-01 -2.0000000000e-01 1.7195190468e-07 3.0000000000e+02 -7.9063258979e-14 3.0771897414e-14 1.7195190491e-14 7.9037226648e-14 -5.3537038975e-20 -3.0751897414e-14 -1.7195190485e-14 -3.1090085211e-14
d  4.1246080507e-04 2.8872244806e-01 -2.0000000000e-01 1.7317802058e-07 3.0000000000e+02 -7.9116579734e-14 3.0702956617e-14 1.7317802127e-14 7.9087707489e-14 -5.3550756459e-20 -3.0682956617e-14 -1.7317802075e-14 -3.1086895253e-14
d  4.6114505747e-04 3.2280141111e-01 -2.0000000000e-01 1.7492420084e-07 3.0000000000e+02 -7.9197746427e-14 3.0610485530e-14 1.7492420326e-14 7.9165466286e-14 -5.3563087455e-20 -3.0590485530e-14 -1.7492420101e-14 -3.1082507098e-14
d  5.1956616035e-04 3.6369616676e-01 -2.0000000000e-01 1.7748736409e-07 3.0000000000e+02 -7.9324201364e-14 3.0482751719e-14 1.7748736409e-14 7.9287831747e-14 -5.3568505254e-20 -3.0462751719e-14 -1.7748736426e-14 -3.1076290070e-14
d  5.8967148381e-04 4.1276987356e-01 -2.0000000000e-01 1.8137642689e-07 3.0000000000e+02 -7.9526110107e-14 3.0299962534e-14 1.8137642689e-14 7.9484833119e-14 -5.3556548562e-20 -3.0279962534e-14 -1.8137642708e-14 -3.1067174315e-14
d  6.7379787195e-04 4.7165832170e-01 -2.0000000000e-01 1.8748255408e-07 3.0000000000e+02 -7.9857555933e-14 3.0028718357e-14 1.8748255408e-14 7.9810390101e-14 -5.3498409211e-20 -3.0008718357e-14 -1.8748255426e-14 -3.1053362816e-14
d  7.7474953773e-04 5.4232445948e-01 -2.0000000000e-01 1.9737912583e-07 3.0000000000e+02 -8.0417998786e-14 2.9613873906e-14 1.9737912563e-14 8.0363766340e-14 -5.3335269593e-20 -2.9593873906e-14 -1.9737912603e-14 -3.1031926497e-14
d  8.3532053720e-04 5.8472414215e-01 -2.0000000000e-01 2.0489032560e-07 3.0000000000e+02 -8.0857203542e-14 2.9313233263e-14 2.0489032564e-14 8.0798731128e-14 -5.3180057878e-20 -2.9293233263e-14 -2.0489032580e-14 -3.1016412102e-14
d  9.0800573656e-04 6.3560376135e-01 -2.0000000000e-01 2.1572720796e-07 3.0000000000e+02 -8.1509061617e-14 2.8897872325e-14 2.1572720821e-14 8.1445501241e-14 -5.2919168147e-20 -2.8877872325e-14 -2.1572720817e-14 -3.0994855182e-14
d  9.9522797579e-04 6.9665930439e-01 -2.0000000000e-01 2.3150550304e-07 3.0000000000e+02 -8.2492044761e-14 2.8326532977e-14 2.3150550306e-14 8.2422378830e-14 -5.2421210957e-20 -2.8306532977e-14 -2.3150550327e-14 -3.0965243113e-14
d  1.0998946629e-03 7.6992595604e-01 -2.0000000000e-01 2.5442532125e-07 3.0000000000e+02 -8.3984101407e-14 2.7558757148e-14 2.5442532120e-14 8.3907108812e-14 -5.1553250978e-20 -2.7538757148e-14 -2.5442532151e-14 -3.0925767956e-14
d  1.1626946751e-03 8.1388594703e-01 -2.0000000000e-01 2.7003524696e-07 3.0000000000e+02 -8.5040051958e-14 2.7073809233e-14 2.7003524733e-14 8.4958663363e-14 -5.0815943817e-20 -2.7053809233e-14 -2.7003524723e-14 -3.0901278601e-14
d  1.2380546898e-03 8.6663793622e-01 -2.0000000000e-01 2.9036224354e-07 3.0000000000e+02 -8.6462666973e-14 2.6487839606e-14 2.9036224638e-14 8.6376003179e-14 -4.9846593836e-20 -2.6467839606e-14 -2.9036224383e-14 -3.0871889365e-14
d  1.3284867075e-03 9.2994032324e-01 -2.0000000000e-01 3.1626660425e-07 3.0000000000e+02 -8.8351034403e-14 2.5812708775e-14 3.1626660437e-14 8.8258040370e-14 -4.8445094710e-20 -2.5792708775e-14 -3.1626660457e-14 -3.0838622753e-14
d  1.4370051286e-03 1.0059031877e+00 -2.0000000000e-01 3.4814196882e-07 3.0000000000e+02 -9.0792860398e-14 2.5093687319e-14 3.4814196977e-14 9.0692270079e-14 -4.6577600594e-20 -2.5073687319e-14 -3.4814196917e-14 -3.0804339257e-14
d  1.5672272340e-03 1.0970586250e+00 -2.0000000000e-01 3.8559099893e-07 3.0000000000e+02 -9.3843346230e-14 2.4420266375e-14 3.8559099895e-14 9.3733640368e-14 -4.4345250952e-20 -2.4400266375e-14 -3.8559099931e-14 -3.0774229738e-14
d  1.7024305662e-03 1.1917009197e+00 -2.0000000000e-01 4.2206468612e-07 3.0000000000e+02 -9.7034092165e-14 2.3971353951e-14 4.2206468556e-14 9.6914922073e-14 -4.2338860151e-20 -2.3951353951e-14 -4.2206468655e-14 -3.0757057132e-14
d  1.8235526489e-03 1.2764863436e+00 -2.0000000000e-01 4.5258129984e-07 3.0000000000e+02 -9.9896683603e-14 2.3777780452e-14 4.5258130711e-14 9.9769034969e-14 -4.1088580915e-20 -2.3757780452e-14 -4.5258130029e-14 -3.0753083450e-14
d  1.9430085163e-03 1.3601054174e+00 -2.0000000000e-01 4.8198548437e-07 3.0000000000e+02 -1.0281885077e-13 2.3746565218e-14 4.8198548432e-14 1.0268284023e-13 -4.0601532217e-20 -2.3726565218e-14 -4.8198548485e-14 -3.0757686473e-14
d  2.0639330399e-03 1.4447525500e+00 -2.0000000000e-01 5.1293959939e-07 3.0000000000e+02 -1.0602552549e-13 2.3838266438e-14 5.1293959819e-14 1.0588105023e-13 -4.0813240313e-20 -2.3818266438e-14 -5.1293959991e-14 -3.0768782845e-14
d  2.1428570000e-03 1.4999993000e+00 -2.0000000000e-01 5.3479539340e-07 3.0000000000e+02 -1.0834217490e-13 2.3953769658e-14 5.3479540787e-14 1.0819217497e-13 -4.1381069953e-20 -2.3933769658e-14 -5.3479539393e-14 -3.0778824411e-14
d  2.2375657521e-03 1.5662954000e+00 -2.0000000000e-01 5.6412217779e-07 3.0000000000e+02 -1.1147556915e-13 2.4133700446e-14 5.6412224266e-14 1.1131893961e-13 -4.2472732682e-20 -2.4113700446e-14 -5.6412217835e-14 -3.0792979907e-14
d  2.3512162547e-03 1.6458507200e+00 -2.0000000000e-01 6.0616127029e-07 3.0000000000e+02 -1.1597247386e-13 2.4399325156e-14 6.0616127108e-14 1.1580788878e-13 -4.4477873533e-20 -2.4379325156e-14 -6.0616127090e-14 -3.0812394837e-14
d  2.4875968578e-03 1.7413171039e+00 -2.0000000000e-01 6.7137687943e-07 3.0000000000e+02 -1.2291477165e-13 2.4784060609e-14 6.7137687885e-14 1.2274063994e-13 -4.8084918820e-20 -2.4764060609e-14 -6.7137688010e-14 -3.0838842535e-14
d  2.6264985564e-03 1.8385482541e+00 -2.0000000000e-01 7.6311358581e-07 3.0000000000e+02 -1.3259293732e-13 2.5248493338e-14 7.6311358815e-14 1.3240908249e-13 -5.3755755345e-20 -2.5228493338e-14 -7.6311358657e-14 -3.0869176684e-14
d  2.7637934307e-03 1.9346546276e+00 -2.0000000000e-01 8.9395935827e-07 3.0000000000e+02 -1.4626342939e-13 2.5790859633e-14 8.9395936642e-14 1.4606996393e-13 -6.2629362288e-20 -2.5770859633e-14 -8.9395935917e-14 -3.0903105978e-14
d  2.9024034234e-03 2.0316815837e+00 -2.0000000000e-01 1.0935075154e-06 3.0000000000e+02 -1.6691031137e-13 2.6434393747e-14 1.0935075233e-13 1.6670714322e-13 -7.7194543815e-20 -2.6414393747e-14 -1.0935075165e-13 -3.0941921124e-14
d  3.0512940606e-03 2.1359049881e+00 -2.0000000000e-01 1.4411042528e-06 3.0000000000e+02 -2.0253774437e-13 2.7244435344e-14 1.4411043104e-13 2.0232415387e-13 -1.0406643160e-19 -2.7224435344e-14 -1.4411042543e-13 -3.0989189279e-14
d  3.2085628529e-03 2.2459930987e+00 -2.0000000000e-01 2.0921520048e-06 3.0000000000e+02 -2.6865424944e-13 2.8191421567e-14 2.0921520228e-13 2.6842965013e-13 -1.5712190558e-19 -2.8171421567e-14 -2.0921520069e-13 -3.1042869635e-14
d  3.3734026794e-03 2.3613809311e+00 -2.0000000000e-01 3.4178028742e-06 3.0000000000e+02 -4.0227047131e-13 2.9176472017e-14 3.4178028199e-13 4.0203433322e-13 -2.7044696426e-19 -2.9156472017e-14 -3.4178028777e-13 -3.1097303888e-14
d  3.5536530819e-03 2.4875561623e+00 -2.0000000000e-01 6.5219321917e-06 3.0000000000e+02 -7.1358570676e-13 3.0020108861e-14 6.5219308466e-13 7.1333695116e-13 -5.3906341778e-19 -3.0000108860e-14 -6.5219321984e-13 -3.1143085151e-14
d  3.5714290000e-03 2.4999993000e+00 -2.0000000000e-01 6.9931228854e-06 3.0000000000e+02 -7.6075854459e-13 3.0070225555e-14 6.9931232178e-13 7.6050854466e-13 -6.5558150875e-19 -3.0050225557e-14 -6.9931228923e-13 -3.1145412451e-14
d  3.5927601017e-03 2.5149310652e+00 -2.0000000000e-01 7.6121168632e-06 3.0000000000e+02 -8.2272803091e-13 3.0135223413e-14 7.6121172119e-13 8.2247653780e-13 -7.2311446976e-19 -3.0115223416e-14 -7.6121168707e-13 -3.1148943652e-14
d  3.6183574237e-03 2.5328491834e+00 -2.0000000000e-01 8.4407716236e-06 3.0000000000e+02 -9.0567957762e-13 3.0215060971e-14 8.4407706932e-13 9.0542629272e-13 -8.0775894720e-19 -3.0195060965e-14 -8.4407716323e-13 -3.1153293373e-14
d  3.6490742101e-03 2.5543509253e+00 -2.0000000000e-01 9.5755628669e-06 3.0000000000e+02 -1.0192612355e-12 3.0310189498e-14 9.5755570748e-13 1.0190058005e-12 -9.2387260791e-19 -3.0290189466e-14 -9.5755628779e-13 -3.1158474717e-14
d  3.6859343537e-03 2.5801530155e+00 -2.0000000000e-01 1.1174687305e-05 3.0000000000e+02 -1.1792986928e-12 3.0426200864e-14 1.1174664851e-12 1.1790406779e-12 -1.0892318651e-18 -3.0406200762e-14 -1.1174687321e-12 -3.1164791577e-14
d  3.7301665261e-03 2.6111155238e+00 -2.0000000000e-01 1.3515400801e-05 3.0000000000e+02 -1.4135440602e-12 3.0588222690e-14 1.3515328187e-12 1.4132829501e-12 -1.3378504540e-18 -3.0568222413e-14 -1.3515400833e-12 -3.1173558936e-14
d  3.7832451330e-03 2.6482705338e+00 -2.0000000000e-01 1.7111635321e-05 3.0000000000e+02 -1.7733982974e-12 3.0803450410e-14 1.7111631062e-12 1.7731334705e-12 -1.7302493538e-18 -3.0783450396e-14 -1.7111635340e-12 -3.1185200188e-14
d  3.8469394613e-03 2.6928565458e+00 -2.0000000000e-01 2.2994000713e-05 3.0000000000e+02 -2.3619572955e-12 3.1103952594e-14 2.2993981707e-12 2.3616880104e-12 -2.3919489702e-18 -3.1083952543e-14 -2.2994000743e-12 -3.1201482106e-14
d  3.9233726552e-03 2.7463597601e+00 -2.0000000000e-01 3.3536808034e-05 3.0000000000e+02 -3.4167684340e-12 3.1600949424e-14 3.3536707383e-12 3.4164938026e-12 -3.6512569791e-18 -3.1580949199e-14 -3.3536808117e-12 -3.1228431104e-14
d  4.0150924879e-03 2.8105636173e+00 -2.0000000000e-01 5.5474262154e-05 3.0000000000e+02 -5.6115511749e-12 3.2575856911e-14 5.5474212265e-12 5.6112701225e-12 -6.5517077136e-18 -3.2555856820e-14 -5.5474262251e-12 -3.1281603120e-14
d  4.1251562871e-03 2.8876082460e+00 -2.0000000000e-01 1.1815083076e-04 3.0000000000e+02 -1.1882006930e-11 3.5210170278e-14 1.1815045231e-11 1.1881718257e-11 -1.6551980917e-17 -3.5190169737e-14 -1.1815083176e-11 -3.1428356837e-14
d  4.1428570000e-03 2.8999987400e+00 -2.0000000000e-01 1.3679547522e-04 3.0000000000e+02 -1.3747783689e-11 3.6439099181e-14 1.3679467239e-11 1.3747493908e-11 -2.4622173983e-17 -3.6419093934e-14 -1.3679547763e-11 -3.1502753927e-14
d  4.1640978554e-03 2.9148673329e+00 -2.0000000000e-01 1.6661851747e-04 3.0000000000e+02 -1.6732187880e-11 3.8412360765e-14 1.6661840507e-11 1.6731896433e-11 -3.4977808597e-17 -3.8392359950e-14 -1.6661851805e-11 -3.1618091441e-14
d  4.1895868819e-03 2.9327096443e+00 -2.0000000000e-01 2.2205720626e-04 3.0000000000e+02 -2.2279957465e-11 4.2069795741e-14 2.2205594485e-11 2.2279664895e-11 -5.6758947882e-17 -4.2049788525e-14 -2.2205721361e-11 -3.1836839993e-14
d  4.2201737138e-03 2.9541204180e+00 -2.0000000000e-01 3.6837042092e-04 3.0000000000e+02 -3.6922420383e-11 5.2476336858e-14 3.6836781625e-11 3.6922128673e-11 -1.3527701943e-16 -5.2456326951e-14 -3.6837045849e-11 -3.2491827298e-14
d  4.2568779119e-03 2.9798133464e+00 -2.0000000000e-01 6.4221283532e-03 3.0000000000e+02 -6.4248425289e-10 2.1463768851e-13 6.4221200461e-10 6.4248437259e-10 -5.4751672489e-15 -2.1461768213e-13 -6.4221325367e-10 -5.1026569344e-14
d  4.2857140000e-03 2.9999986000e+00 -2.0000000000e-01 1.1732072125e-02 3.0000000000e+02 -1.1732957386e-09 4.3757187119e-14 1.1732091302e-09 1.1732944368e-09 -4.1929941694e-15 -4.3737250582e-14 -1.1732062117e-09 -4.0294910337e-14
d  4.3203173057e-03 3.0242209043e+00 -2.0000000000e-01 1.6516838776e-02 3.0000000000e+02 -1.6517679333e-09 4.4454217475e-14 1.6516817170e-09 1.6517690569e-09 -2.4857029059e-15 -4.4434147319e-14 -1.6516853055e-09 -3.6831304530e-14
d  4.3618412725e-03 3.0532876694e+00 -2.0000000000e-01 2.3067209317e-02 3.0000000000e+02 -2.3068209262e-09 5.6187557532e-14 2.3067295753e-09 2.3068134054e-09 -3.6915774615e-15 -5.6167808446e-14 -2.3067137181e-09 -3.9828197312e-14
d  4.4116700327e-03 3.0881677876e+00 -2.0000000000e-01 3.2041506136e-02 3.0000000000e+02 -3.2042536387e-09 5.7551140932e-14 3.2041618531e-09 3.2042414082e-09 -4.2265384091e-15 -5.7531427863e-14 -3.2041386946e-09 -4.0955170494e-14
d  4.4285710000e-03 3.0999984600e+00 -2.0000000000e-01 3.5339741296e-02 3.0000000000e+02 -3.5340782002e-09 5.8121751473e-14 3.5339635724e-09 3.5340898614e-09 -4.3766832511e-15 -5.8101095930e-14 -3.5339861054e-09 -4.1277339299e-14
d  4.4488521608e-03 3.1141952668e+00 -2.0000000000e-01 3.9462257419e-02 3.0000000000e+02 -3.9463310760e-09 5.8768849995e-14 3.9462183406e-09 3.9463398912e-09 -4.5740736329e-15 -5.8748371146e-14 -3.9462348734e-09 -4.1696828837e-14
d  4.4731895537e-03 3.1312314351e+00 -2.0000000000e-01 4.4637171308e-02 3.0000000000e+02 -4.4638239331e-09 5.9525651703e-14 4.4637142783e-09 4.4638274929e-09 -4.8010756325e-15 -5.9505495830e-14 -4.4637210085e-09 -4.2178120127e-14
d  4.5023944251e-03 3.1516748369e+00 -2.0000000000e-01 5.1163061512e-02 3.0000000000e+02 -5.1164147294e-09 6.0474870150e-14 5.1163091379e-09 5.1164099048e-09 -5.0647726629e-15 -6.0455008131e-14 -5.1163016467e-09 -4.2738378157e-14
d  4.5374402709e-03 3.1762069192e+00 -2.0000000000e-01 5.9425970623e-02 3.0000000000e+02 -5.9427077208e-09 6.1615009090e-14 5.9426073161e-09 5.9426900045e-09 -5.3648830490e-15 -6.1595409794e-14 -5.9425796687e-09 -4.3375237063e-14
d  4.5794952859e-03 3.2056454178e+00 -2.0000000000e-01 6.9930222567e-02 3.0000000000e+02 -6.9931353661e-09 6.2992426267e-14 6.9930408421e-09 6.9930991982e-09 -5.7078572424e-15 -6.2973040594e-14 -6.9929864153e-09 -4.4101657879e-14
d  4.6299613038e-03 3.2409716163e+00 -2.0000000000e-01 8.3335111708e-02 3.0000000000e+02 -8.3336271492e-09 6.4640598695e-14 8.3335117139e-09 8.3336256223e-09 -6.0988592795e-15 -6.4620613884e-14 -8.3335099763e-09 -4.4926121379e-14
d  4.6905205253e-03 3.2833630544e+00 -2.0000000000e-01 1.0049176302e-01 3.0000000000e+02 -1.0049295556e-08 6.6553196161e-14 1.0049176927e-08 1.0049293622e-08 -6.5386131854e-15 -6.6533210958e-14 -1.0049174706e-08 -4.5844186535e-14
d  4.7631915911e-03 3.3342327801e+00 -2.0000000000e-01 1.2250192537e-01 3.0000000000e+02 -1.2250315507e-08 6.8752085999e-14 1.2250193202e-08 1.2250313179e-08 -7.0330040941e-15 -6.8732099326e-14 -1.2250190555e-08 -4.6859457419e-14
d  4.8503968701e-03 3.3952764510e+00 -2.0000000000e-01 1.5079322257e-01 3.0000000000e+02 -1.5079449427e-08 7.1264864135e-14 1.5079322891e-08 1.5079446852e-08 -7.5926045434e-15 -7.1244874875e-14 -1.5079320037e-08 -4.7978191338e-14
d  4.9550432049e-03 3.4685288560e+00 -2.0000000000e-01 1.8720466733e-01 3.0000000000e+02 -1.8720598601e-08 7.4093150431e-14 1.8720467318e-08 1.8720595808e-08 -8.2314921278e-15 -7.4073158820e-14 -1.8720464306e-08 -4.9197662885e-14
d  5.0000000000e-03 3.4999986000e+00 -2.0000000000e-01 2.0361547924e-01 3.0000000000e+02 -2.0361681655e-08 7.5225409151e-14 2.0361549218e-08 2.0361675526e-08 -8.4899079799e-15 -7.5205445731e-14 -2.0361542166e-08 -4.9664667546e-14
d  5.0539481542e-03 3.5377622928e+00 -2.0000000000e-01 2.2388259417e-01 3.0000000000e+02 -2.2388395386e-08 7.6574968387e-14 2.2388261379e-08 2.2388385600e-08 -8.8110846677e-15 -7.6555023696e-14 -2.2388250008e-08 -5.0226561839e-14
d  5.1186859391e-03 3.5830787242e+00 -2.0000000000e-01 2.4898688243e-01 3.0000000000e+02 -2.4898826798e-08 7.8125200016e-14 2.4898691452e-08 2.4898809695e-08 -9.1991720812e-15 -7.8105276000e-14 -2.4898671523e-08 -5.0867541114e-14
d  5.1963712811e-03 3.6374584418e+00 -2.0000000000e-01 2.8017841285e-01 3.0000000000e+02 -2.8017982828e-08 7.9901026327e-14 2.8017846587e-08 2.8017952179e-08 -9.6768886471e-15 -7.9881131797e-14 -2.8017811028e-08 -5.1593346140e-14
d  5.2895936915e-03 3.7027141030e+00 -2.0000000000e-01 3.1904248449e-01 3.0000000000e+02 -3.1904393415e-08 8.1899978761e-14 3.1904259498e-08 3.1904323359e-08 -1.0282240039e-14 -8.1880163641e-14 -3.1904178795e-08 -5.2402159281e-14
d  5.4014605839e-03 3.7810208964e+00 -2.0000000000e-01 3.6757828649e-01 3.0000000000e+02 -3.6757977522e-08 8.4100941914e-14 3.6757828849e-08 3.6757975735e-08 -1.1090156865e-14 -8.4080944732e-14 -3.6757827278e-08 -5.3286462202e-14
d  5.5357008549e-03 3.8749890484e+00 -2.0000000000e-01 4.2829244176e-01 3.0000000000e+02 -4.2829397542e-08 8.6458399653e-14 4.2829244180e-08 4.2829397124e-08 -1.2263617911e-14 -8.6438399699e-14 -4.2829244188e-08 -5.4234345249e-14
d  5.6967891800e-03 3.9877508309e+00 -2.0000000000e-01 5.0431911179e-01 3.0000000000e+02 -5.0432069920e-08 8.8898954790e-14 5.0431911189e-08 5.0432069426e-08 -1.4180518160e-14 -8.8878954896e-14 -5.0431911134e-08 -5.5232599375e-14
d  5.7142860000e-03 3.9999986000e+00 -2.0000000000e-01 5.1276765762e-01 3.0000000000e+02 -5.1276924951e-08 8.9051781155e-14 5.1276766228e-08 5.1276920338e-08 -1.4413597119e-14 -8.9031811732e-14 -5.1276761601e-08 -5.5292304367e-14
d  5.7352821840e-03 4.0146959229e+00 -2.0000000000e-01 5.2295262129e-01 3.0000000000e+02 -5.2295422031e-08 8.9325611275e-14 5.2295262809e-08 5.2295415392e-08 -1.4734813372e-14 -8.9305663676e-14 -5.2295255945e-08 -5.5407382072e-14
d  5.7604776048e-03 4.0323327104e+00 -2.0000000000e-01 5.3524083962e-01 3.0000000000e+02 -5.3524244741e-08 8.9651562450e-14 5.3524084995e-08 5.3524234682e-08 -1.5145295628e-14 -8.9631628988e-14 -5.3524074359e-08 -5.5545633568e-14
d  5.7907121097e-03 4.0534968554e+00 -2.0000000000e-01 5.5007980208e-01 3.0000000000e+02 -5.5008142054e-08 9.0025979881e-14 5.5007981861e-08 5.5008125888e-08 -1.5673296511e-14 -9.0006068701e-14 -5.5007964502e-08 -5.5706346959e-14
d  5.8269935156e-03 4.0788938294e+00 -2.0000000000e-01 5.6801697504e-01 3.0000000000e+02 -5.6801860659e-08 9.0454484326e-14 5.6801700257e-08 5.6801833348e-08 -1.6362966939e-14 -9.0434607913e-14 -5.6801670657e-08 -5.5893036648e-14
d  5.8705312027e-03 4.1093701982e+00 -2.0000000000e-01 5.8972360549e-01 3.0000000000e+02 -5.8972525326e-08 9.0940194334e-14 5.8972365372e-08 5.8972476439e-08 -1.7278364579e-14 -9.0920375175e-14 -5.8972312131e-08 -5.6108840867e-14
d  5.9227764273e-03 4.1459418407e+00 -2.0000000000e-01 6.1601965980e-01 3.0000000000e+02 -6.1602132762e-08 9.1464433176e-14 6.1601974929e-08 6.1602039403e-08 -1.8512517037e-14 -9.1444713530e-14 -6.1601873096e-08 -5.6349606327e-14
d  5.9854706967e-03 4.1898278118e+00 -2.0000000000e-01 6.4791770967e-01 3.0000000000e+02 -6.4791940320e-08 9.2048465682e-14 6.4791787993e-08 6.4791756225e-08 -2.0214264169e-14 -9.2028911452e-14 -6.4791587355e-08 -5.6626657076e-14
d  6.0607038200e-03 4.2424909770e+00 -2.0000000000e-01 6.8666546321e-01 3.0000000000e+02 -6.8666719014e-08 9.2679936510e-14 6.8666546610e-08 6.8666715332e-08 -2.2600732654e-14 -9.2659942835e-14 -6.8666543132e-08 -5.6939204016e-14
d  6.1509835680e-03 4.3056867753e+00 -2.0000000000e-01 7.3379481146e-01 3.0000000000e+02 -7.3379658239e-08 9.3337143590e-14 7.3379481737e-08 7.3379650797e-08 -2.5988676073e-14 -9.3317154409e-14 -7.3379474208e-08 -5.7283123391e-14
d  6.2593192656e-03 4.3815217333e+00 -2.0000000000e-01 7.9117827606e-01 3.0000000000e+02 -7.9118010560e-08 9.3997727699e-14 7.9117828893e-08 7.9117993964e-08 -3.0810056952e-14 -9.3977747376e-14 -7.9117811526e-08 -5.7649576523e-14
d  6.2918199749e-03 4.4042722207e+00 -2.0000000000e-01 8.0855858890e-01 3.0000000000e+02 -8.0856043698e-08 9.4161996343e-14 8.0855863434e-08 8.0855985237e-08 -3.2400732860e-14 -9.4142182433e-14 -8.0855800950e-08 -5.7744355895e-14
d  6.3113204005e-03 4.4179225132e+00 -2.0000000000e-01 8.1902225519e-01 3.0000000000e+02 -8.1902411490e-08 9.4270650179e-14 8.1902227139e-08 8.1902390166e-08 -3.3391665765e-14 -9.4250774086e-14 -8.1902204719e-08 -5.7804826130e-14
d  6.3142454643e-03 4.4199700570e+00 -2.0000000000e-01 8.2059400330e-01 3.0000000000e+02 -8.2059586471e-08 9.4282470182e-14 8.2059416178e-08 8.2059381487e-08 -3.3542750355e-14 -9.4269132844e-14 -8.2059195859e-08 -5.7815169278e-14
d  6.3160005026e-03 4.4211985833e+00 -2.0000000000e-01 8.2153732377e-01 3.0000000000e+02 -8.2153918599e-08 9.4272632282e-14 8.2153741756e-08 8.2153797064e-08 -3.3630784945e-14 -9.4260629649e-14 -8.2153611354e-08 -5.7814093929e-14
d  6.3165270141e-03 4.4215671412e+00 -2.0000000000e-01 8.2182035972e-01 3.0000000000e+02 -8.2182222213e-08 9.4265970000e-14 8.2182038695e-08 8.2182186674e-08 -3.3656383655e-14 -9.4252902570e-14 -8.2182000946e-08 -5.7811747188e-14
d  6.3165665025e-03 4.4215947831e+00 -2.0000000000e-01 8.2184158759e-01 3.0000000000e+02 -8.2184344907e-08 9.4191780566e-14 8.2184158896e-08 8.2184342745e-08 -3.3646692998e-14 -9.4175841154e-14 -8.2184157115e-08 -5.7783554952e-14
d  6.3165901955e-03 4.4216113682e+00 -2.0000000000e-01 8.2185432569e-01 3.0000000000e+02 -8.2185618895e-08 9.4327903289e-14 8.2185441081e-08 8.2185513508e-08 -3.3770994142e-14 -9.4852166978e-14 -8.2185326814e-08 -5.8075727129e-14
d  6.3166044113e-03 4.4216213192e+00 -2.0000000000e-01 8.2186196587e-01 3.0000000000e+02 -8.2186381097e-08 9.2927848238e-14 8.2186201756e-08 8.2186317924e-08 -3.3563405741e-14 -9.3460954755e-14 -8.2186133033e-08 -5.7572247779e-14
