v ATLAS
# This file was created by ATLAS version 5.32.1.R on Wed Oct  7 14:22:06 2026.
#SSF 2.0 generic
##############################################################################
#                    Copyright (c) 1984 - 2021                               #
#                    Silvaco Inc. All rights reserved                        #
#                                                                            #
# This file format and the following Key are copyright Silvaco Inc.          #
# You may not use, this format or key without reproducing this message in    #
# full and obtaining express written permission from Silvaco Inc.            #
#                                                                            #
# To obtain such permission please contact: Silvaco Inc.                     #
#                                           support@silvaco.com              #
#                                                                            #
# KEY=SVC86hn7562asdx                       PROD=345                         #
##############################################################################
Q 10000 1 "V[1]" 5 1201 7 1
Q 10001 1 "V[2]" 5 1201 7 2
Q 10002 1 "V[3]" 5 1201 7 3
X 1 Vdrain
X 2 Vgate
X 3 Rtap
X 4 Adev_drain
X 5 Adev_source
X 6 Adev_gate
X 7 Adev_tap
X 8 Adev_substrate
p 13 61 10000 10001 10002 82 1301 1302 1303 1304 1305 1306 1307 1308
d  1.0000000000e-09 6.9999972000e-07 -2.0000000000e-01 5.5893805016e-08 3.0000000000e+02 -7.7591056249e-14 3.6941303444e-14 5.5894357526e-15 7.7591043061e-14 -1.2099577551e-15 -3.6921360100e-14 -5.5892714844e-15 -3.3869442619e-14
d  2.0000000000e-09 1.3999994400e-06 -2.0000000000e-01 9.7675616622e-08 3.0000000000e+02 -7.8094435597e-14 3.4772086609e-14 9.7676594849e-15 7.8094400621e-14 -7.5176806870e-16 -3.4752237049e-14 -9.7672721306e-15 -3.2823582845e-14
d  3.0000000000e-09 2.0999991600e-06 -2.0000000000e-01 1.2538993453e-07 3.0000000000e+02 -7.8427672901e-14 3.3331423902e-14 1.2539095275e-14 7.8427636430e-14 -4.4771336244e-16 -3.3311580495e-14 -1.2538692086e-14 -3.2129590932e-14
d  4.2000000000e-09 2.9399988240e-06 -2.0000000000e-01 1.4533664915e-07 3.0000000000e+02 -7.8667688666e-14 3.2294975641e-14 1.4533769246e-14 7.8667656472e-14 -2.2888589241e-16 -3.2275113404e-14 -1.4533399790e-14 -3.1630146989e-14
d  5.6400000000e-09 3.9479984208e-06 -2.0000000000e-01 1.5776620717e-07 3.0000000000e+02 -7.8817222126e-14 3.1648985520e-14 1.5776721711e-14 7.8817195997e-14 -9.2549213910e-17 -3.1629096655e-14 -1.5776406849e-14 -3.1318919749e-14
d  7.3680000000e-09 5.1575979370e-06 -2.0000000000e-01 1.6417613343e-07 3.0000000000e+02 -7.8894333080e-14 3.1316145029e-14 1.6417709711e-14 7.8894312102e-14 -2.2247059751e-17 -3.1296233403e-14 -1.6417443289e-14 -3.1158415117e-14
d  9.4416000000e-09 6.6091173564e-06 -2.0000000000e-01 1.6661034849e-07 3.0000000000e+02 -7.8923626274e-14 3.1189659521e-14 1.6661125553e-14 7.8923609563e-14 4.4663914124e-18 -3.1169728832e-14 -1.6660901466e-14 -3.1097457488e-14
d  1.1929920000e-08 8.3509406596e-06 -2.0000000000e-01 1.6699252760e-07 3.0000000000e+02 -7.8928235011e-14 3.1169682358e-14 1.6699337095e-14 7.8928221740e-14 8.6708262188e-18 -3.1149736059e-14 -1.6699149418e-14 -3.1087879428e-14
d  1.4915904000e-08 1.0441128624e-05 -2.0000000000e-01 1.6668084126e-07 3.0000000000e+02 -7.8924481557e-14 3.1185998856e-14 1.6668161957e-14 7.8924470949e-14 5.2464303361e-18 -3.1166040159e-14 -1.6668004650e-14 -3.1095677977e-14
d  1.8499084800e-08 1.2949354180e-05 -2.0000000000e-01 1.6635877136e-07 3.0000000000e+02 -7.8920614102e-14 3.1202650515e-14 1.6635948165e-14 7.8920605534e-14 1.7219862225e-18 -3.1182681928e-14 -1.6635816700e-14 -3.1103737491e-14
d  2.2798901760e-08 1.5959224848e-05 -2.0000000000e-01 1.6620746518e-07 3.0000000000e+02 -7.8918797212e-14 3.1210526476e-14 1.6620810964e-14 7.8918790116e-14 6.2889066606e-20 -3.1190550228e-14 -1.6620700826e-14 -3.1107522602e-14
d  2.7958682112e-08 1.9571069650e-05 -2.0000000000e-01 1.6617698049e-07 3.0000000000e+02 -7.8918430398e-14 3.1212224755e-14 1.6617756252e-14 7.8918424302e-14 -2.7132959479e-19 -3.1192242631e-14 -1.6617663665e-14 -3.1108284298e-14
d  3.4150418534e-08 2.3905283412e-05 -2.0000000000e-01 1.6618601508e-07 3.0000000000e+02 -7.8918537873e-14 3.1211709258e-14 1.6618653914e-14 7.8918532377e-14 -1.7457575204e-19 -3.1191722669e-14 -1.6618575713e-14 -3.1108057168e-14
d  4.1580502241e-08 2.9106339926e-05 -2.0000000000e-01 1.6619479997e-07 3.0000000000e+02 -7.8918646949e-14 3.1211251147e-14 1.6619526931e-14 7.8918641721e-14 -7.7777693357e-20 -3.1191261155e-14 -1.6619460750e-14 -3.1107837338e-14
d  5.0496602690e-08 3.5347607744e-05 -2.0000000000e-01 1.6619729698e-07 3.0000000000e+02 -7.8918680717e-14 3.1211120177e-14 1.6619771953e-14 7.8918675443e-14 -5.1010310359e-20 -3.1191127687e-14 -1.6619715262e-14 -3.1107775391e-14
d  6.1195923227e-08 4.2837129124e-05 -2.0000000000e-01 1.6619725963e-07 3.0000000000e+02 -7.8918686379e-14 3.1211090176e-14 1.6619764017e-14 7.8918680790e-14 -4.9810304953e-20 -3.1191095812e-14 -1.6619715133e-14 -3.1107777814e-14
d  7.4035107873e-08 5.1824554781e-05 -2.0000000000e-01 1.6619709868e-07 3.0000000000e+02 -7.8918686684e-14 3.1211123614e-14 1.6619744475e-14 7.8918680512e-14 -5.4263300722e-20 -3.1191127886e-14 -1.6619701664e-14 -3.1107784267e-14
d  8.9442129448e-08 6.2609465569e-05 -2.0000000000e-01 1.6619717650e-07 3.0000000000e+02 -7.8918694199e-14 3.1211129886e-14 1.6619749499e-14 7.8918687180e-14 -5.3606524747e-20 -3.1191133162e-14 -1.6619711362e-14 -3.1107785422e-14
d  1.0793055534e-07 7.5551358515e-05 -2.0000000000e-01 1.6619736455e-07 3.0000000000e+02 -7.8918702335e-14 3.1211111955e-14 1.6619766254e-14 7.8918694188e-14 -5.3626331418e-20 -3.1191114509e-14 -1.6619731557e-14 -3.1107784836e-14
d  1.3011666640e-07 9.1081630050e-05 -2.0000000000e-01 1.6619759687e-07 3.0000000000e+02 -7.8918713332e-14 3.1211077691e-14 1.6619788263e-14 7.8918703751e-14 -5.2554772884e-20 -3.1191079731e-14 -1.6619755776e-14 -3.1107784093e-14
d  1.5673999969e-07 1.0971795589e-04 -2.0000000000e-01 1.6619788319e-07 3.0000000000e+02 -7.8918723572e-14 3.1211057950e-14 1.6619816388e-14 7.8918712213e-14 -5.4112669752e-20 -3.1191059621e-14 -1.6619785121e-14 -3.1107783398e-14
d  1.8868799962e-07 1.3208154690e-04 -2.0000000000e-01 1.6619822210e-07 3.0000000000e+02 -7.8918739190e-14 3.1211037875e-14 1.6619850638e-14 7.8918725655e-14 -5.3473658707e-20 -3.1191039285e-14 -1.6619819513e-14 -3.1107782529e-14
d  2.2702559955e-07 1.5891785612e-04 -2.0000000000e-01 1.6619863373e-07 3.0000000000e+02 -7.8918756216e-14 3.1210989784e-14 1.6619893076e-14 7.8918740040e-14 -5.3470034405e-20 -3.1190991012e-14 -1.6619861027e-14 -3.1107781584e-14
d  2.7303071946e-07 1.9112142717e-04 -2.0000000000e-01 1.6619913031e-07 3.0000000000e+02 -7.8918776796e-14 3.1210962581e-14 1.6619944955e-14 7.8918757430e-14 -5.3494320293e-20 -3.1190963681e-14 -1.6619910931e-14 -3.1107780407e-14
d  3.2823686335e-07 2.2976571244e-04 -2.0000000000e-01 1.6619972706e-07 3.0000000000e+02 -7.8918801627e-14 3.1210904109e-14 1.6620007884e-14 7.8918778416e-14 -5.3444922729e-20 -3.1190905118e-14 -1.6619970780e-14 -3.1107779017e-14
d  3.9448423602e-07 2.7613885476e-04 -2.0000000000e-01 1.6620044507e-07 3.0000000000e+02 -7.8918831195e-14 3.1210851704e-14 1.6620084070e-14 7.8918803362e-14 -5.3752395723e-20 -3.1190852650e-14 -1.6620042702e-14 -3.1107777365e-14
d  4.7398108322e-07 3.3178662554e-04 -2.0000000000e-01 1.6620130454e-07 3.0000000000e+02 -7.8918867581e-14 3.1210774751e-14 1.6620175710e-14 7.8918834194e-14 -5.3134580695e-20 -3.1190775654e-14 -1.6620128735e-14 -3.1107775356e-14
d  5.6937729986e-07 3.9856395048e-04 -2.0000000000e-01 1.6620233846e-07 3.0000000000e+02 -7.8918910006e-14 3.1210701031e-14 1.6620286687e-14 7.8918869946e-14 -5.3484637215e-20 -3.1190701909e-14 -1.6620232174e-14 -3.1107772994e-14
d  6.8385275984e-07 4.7869674041e-04 -2.0000000000e-01 1.6620357940e-07 3.0000000000e+02 -7.8918961074e-14 3.1210598655e-14 1.6620419984e-14 7.8918913006e-14 -5.3623332045e-20 -3.1190599514e-14 -1.6620356304e-14 -3.1107770173e-14
d  8.2122331180e-07 5.7485608832e-04 -2.0000000000e-01 1.6620506700e-07 3.0000000000e+02 -7.8919022455e-14 3.1210478369e-14 1.6620579686e-14 7.8918964774e-14 -5.3618719445e-20 -3.1190479211e-14 -1.6620505097e-14 -3.1107766752e-14
d  9.8606797417e-07 6.9024730582e-04 -2.0000000000e-01 1.6620685111e-07 3.0000000000e+02 -7.8919096022e-14 3.1210334616e-14 1.6620771852e-14 7.8919026805e-14 -5.3470939944e-20 -3.1190335450e-14 -1.6620683523e-14 -3.1107762624e-14
d  1.1838815690e-06 8.2871676681e-04 -2.0000000000e-01 1.6620899181e-07 3.0000000000e+02 -7.8919183824e-14 3.1210160743e-14 1.6621002711e-14 7.8919100760e-14 -5.3467817652e-20 -3.1190161573e-14 -1.6620897602e-14 -3.1107757693e-14
d  1.4212578828e-06 9.9488012001e-04 -2.0000000000e-01 1.6621155905e-07 3.0000000000e+02 -7.8919288890e-14 3.1209952510e-14 1.6621279577e-14 7.8919189211e-14 -5.3459324962e-20 -3.1189953335e-14 -1.6621154332e-14 -3.1107751805e-14
d  1.7061094594e-06 1.1942761438e-03 -2.0000000000e-01 1.6621463717e-07 3.0000000000e+02 -7.8919414379e-14 3.1209698412e-14 1.6621611603e-14 7.8919294761e-14 -5.3374867961e-20 -3.1189699235e-14 -1.6621462151e-14 -3.1107744653e-14
d  2.0479313512e-06 1.4335513724e-03 -2.0000000000e-01 1.6621832819e-07 3.0000000000e+02 -7.8919563992e-14 3.1209400167e-14 1.6622009339e-14 7.8919420447e-14 -5.3452707785e-20 -3.1189400986e-14 -1.6621831261e-14 -3.1107736091e-14
d  2.4581176215e-06 1.7206816468e-03 -2.0000000000e-01 1.6622275232e-07 3.0000000000e+02 -7.8919742507e-14 3.1209036182e-14 1.6622487418e-14 7.8919570249e-14 -5.3442726791e-20 -3.1189037002e-14 -1.6622273671e-14 -3.1107725645e-14
d  2.9503411458e-06 2.0652379759e-03 -2.0000000000e-01 1.6622805475e-07 3.0000000000e+02 -7.8919954992e-14 3.1208601766e-14 1.6622805473e-14 7.8919748468e-14 -5.3270941629e-20 -3.1188601766e-14 -1.6622805491e-14 -3.1107712859e-14
d  3.5410093749e-06 2.4787055710e-03 -2.0000000000e-01 1.6623439036e-07 3.0000000000e+02 -7.8919876872e-14 3.1208598157e-14 1.6623439036e-14 7.8919629002e-14 -5.3495685459e-20 -3.1188598157e-14 -1.6623439052e-14 -3.1107718719e-14
d  4.2498112499e-06 2.9748666850e-03 -2.0000000000e-01 1.6624200516e-07 3.0000000000e+02 -7.8920192709e-14 3.1207941411e-14 1.6624200517e-14 7.8919895222e-14 -5.3439523148e-20 -3.1187941411e-14 -1.6624200533e-14 -3.1107699447e-14
d  5.1003734999e-06 3.5702600218e-03 -2.0000000000e-01 1.6625111862e-07 3.0000000000e+02 -7.8920484859e-14 3.1207280859e-14 1.6625111861e-14 7.8920127833e-14 -5.3437549166e-20 -3.1187280859e-14 -1.6625111878e-14 -3.1107681342e-14
d  6.1210481999e-06 4.2847320260e-03 -2.0000000000e-01 1.6626202777e-07 3.0000000000e+02 -7.8920828649e-14 3.1206484643e-14 1.6626202777e-14 7.8920400176e-14 -5.3463569022e-20 -3.1186484643e-14 -1.6626202794e-14 -3.1107659363e-14
d  7.3458578398e-06 5.1420984311e-03 -2.0000000000e-01 1.6627508086e-07 3.0000000000e+02 -7.8921231645e-14 3.1205523325e-14 1.6627508087e-14 7.8920717435e-14 -5.3458160690e-20 -3.1185523325e-14 -1.6627508103e-14 -3.1107632618e-14
d  8.8156294078e-06 6.1709381171e-03 -2.0000000000e-01 1.6629069187e-07 3.0000000000e+02 -7.8921701719e-14 3.1204361796e-14 1.6629069189e-14 7.8921084625e-14 -5.3439699836e-20 -3.1184361796e-14 -1.6629069204e-14 -3.1107600003e-14
d  1.0579355289e-05 7.4055457403e-03 -2.0000000000e-01 1.6630935241e-07 3.0000000000e+02 -7.8922246776e-14 3.1202957250e-14 1.6630935244e-14 7.8921506221e-14 -5.3438309814e-20 -3.1182957250e-14 -1.6630935258e-14 -3.1107560124e-14
d  1.2695826347e-05 8.8870748882e-03 -2.0000000000e-01 1.6633164563e-07 3.0000000000e+02 -7.8922874313e-14 3.1201256242e-14 1.6633164567e-14 7.8921985606e-14 -5.3440071741e-20 -3.1181256242e-14 -1.6633164580e-14 -3.1107511219e-14
d  1.5235591617e-05 1.0664909866e-02 -2.0000000000e-01 1.6635826317e-07 3.0000000000e+02 -7.8923590518e-14 3.1199193306e-14 1.6635826324e-14 7.8922524027e-14 -5.3439814174e-20 -3.1179193306e-14 -1.6635826334e-14 -3.1107451055e-14
d  1.8283309940e-05 1.2798311839e-02 -2.0000000000e-01 1.6639002598e-07 3.0000000000e+02 -7.8924399285e-14 3.1196686636e-14 1.6639002611e-14 7.8923119454e-14 -5.3446108985e-20 -3.1176686636e-14 -1.6639002614e-14 -3.1107376782e-14
d  2.1940571928e-05 1.5358394206e-02 -2.0000000000e-01 1.6642790999e-07 3.0000000000e+02 -7.8925300772e-14 3.1193635797e-14 1.6642791018e-14 7.8923764933e-14 -5.3438686903e-20 -3.1173635797e-14 -1.6642791015e-14 -3.1107284753e-14
d  2.6329286314e-05 1.8430493047e-02 -2.0000000000e-01 1.6647308034e-07 3.0000000000e+02 -7.8926289723e-14 3.1189914951e-14 1.6647308062e-14 7.8924446673e-14 -5.3439302970e-20 -3.1169914951e-14 -1.6647308051e-14 -3.1107170290e-14
d  3.1595743576e-05 2.2117011657e-02 -2.0000000000e-01 1.6652693747e-07 3.0000000000e+02 -7.8927353726e-14 3.1185367395e-14 1.6652693792e-14 7.8925142025e-14 -5.3438393545e-20 -3.1165367395e-14 -1.6652693764e-14 -3.1107027376e-14
d  3.7915492292e-05 2.6540833988e-02 -2.0000000000e-01 1.6659118342e-07 3.0000000000e+02 -7.8928471802e-14 3.1179797662e-14 1.6659118422e-14 7.8925817719e-14 -5.3441684534e-20 -3.1159797662e-14 -1.6659118359e-14 -3.1106848274e-14
d  4.5499190750e-05 3.1849420785e-02 -2.0000000000e-01 1.6666792063e-07 3.0000000000e+02 -7.8929614303e-14 3.1172960814e-14 1.6666792175e-14 7.8926429361e-14 -5.3441408837e-20 -3.1152960814e-14 -1.6666792080e-14 -3.1106623041e-14
d  5.4599628900e-05 3.8219724942e-02 -2.0000000000e-01 1.6675980443e-07 3.0000000000e+02 -7.8930745832e-14 3.1164551102e-14 1.6675980443e-14 7.8926923860e-14 -5.3439723936e-20 -3.1144551102e-14 -1.6675980460e-14 -3.1106338930e-14
d  6.5520154680e-05 4.5864089930e-02 -2.0000000000e-01 1.6687028487e-07 3.0000000000e+02 -7.8931834301e-14 3.1154186291e-14 1.6687028487e-14 7.8927247892e-14 -5.3442017046e-20 -3.1134186291e-14 -1.6687028504e-14 -3.1105979651e-14
d  7.8624785616e-05 5.5037327916e-02 -2.0000000000e-01 1.6700401283e-07 3.0000000000e+02 -7.8932873122e-14 3.1141390196e-14 1.6700401284e-14 7.8927369390e-14 -5.3442358997e-20 -3.1121390196e-14 -1.6700401300e-14 -3.1105524471e-14
d  9.4350342739e-05 6.6045213499e-02 -2.0000000000e-01 1.6716745880e-07 3.0000000000e+02 -7.8933918678e-14 3.1125567776e-14 1.6716745880e-14 7.8927314157e-14 -5.3443882756e-20 -3.1105567776e-14 -1.6716745897e-14 -3.1104947035e-14
d  1.1322101129e-04 7.9254676199e-02 -2.0000000000e-01 1.6736992734e-07 3.0000000000e+02 -7.8935160118e-14 3.1105974626e-14 1.6736992734e-14 7.8927234651e-14 -5.3449047294e-20 -3.1085974626e-14 -1.6736992751e-14 -3.1104213811e-14
d  1.3586581354e-04 9.5106031439e-02 -2.0000000000e-01 1.6762523946e-07 3.0000000000e+02 -7.8937039802e-14 3.1081670060e-14 1.6762523947e-14 7.8927529199e-14 -5.3454841563e-20 -3.1061670060e-14 -1.6762523963e-14 -3.1103281710e-14
d  1.6303957625e-04 1.1412765773e-01 -2.0000000000e-01 1.6795449308e-07 3.0000000000e+02 -7.8940447772e-14 3.1051438298e-14 1.6795449308e-14 7.8929035006e-14 -5.3461767710e-20 -3.1031438298e-14 -1.6795449325e-14 -3.1102093918e-14
d  1.9564809150e-04 1.3695360927e-01 -2.0000000000e-01 1.6839068202e-07 3.0000000000e+02 -7.8947034010e-14 3.1013644904e-14 1.6839068202e-14 7.8933338649e-14 -5.3472483206e-20 -3.0993644904e-14 -1.6839068219e-14 -3.1100572046e-14
d  2.3477830980e-04 1.6434475113e-01 -2.0000000000e-01 1.6898668237e-07 3.0000000000e+02 -7.8959718454e-14 3.0965961454e-14 1.6898668237e-14 7.8943283979e-14 -5.3484771225e-20 -3.0945961454e-14 -1.6898668254e-14 -3.1098600784e-14
d  2.8173457177e-04 1.9721412135e-01 -2.0000000000e-01 1.6982953060e-07 3.0000000000e+02 -7.8983551286e-14 3.0904825731e-14 1.6982953060e-14 7.8963829874e-14 -5.3501058604e-20 -3.0884825731e-14 -1.6982953077e-14 -3.1095997552e-14
d  3.3808208612e-04 2.3665736562e-01 -2.0000000000e-01 1.7106708995e-07 3.0000000000e+02 -7.9027263195e-14 3.0824381995e-14 1.7106708995e-14 7.9003597459e-14 -5.3520984681e-20 -3.0804381995e-14 -1.7106709013e-14 -3.1092452926e-14
d  3.7189059473e-04 2.6032331218e-01 -2.0000000000e-01 1.7195190468e-07 3.0000000000e+02 -7.9063258979e-14 3.0771897413e-14 1.7195190467e-14 7.9037226647e-14 -5.3537041899e-20 -3.0751897413e-14 -1.7195190485e-14 -3.1090085211e-14
d  4.1246080507e-04 2.8872244806e-01 -2.0000000000e-01 1.7317802058e-07 3.0000000000e+02 -7.9116579734e-14 3.0702956617e-14 1.7317802058e-14 7.9087707489e-14 -5.3550765738e-20 -3.0682956617e-14 -1.7317802075e-14 -3.1086895253e-14
d  4.6114505747e-04 3.2280141111e-01 -2.0000000000e-01 1.7492420083e-07 3.0000000000e+02 -7.9197746427e-14 3.0610485526e-14 1.7492420083e-14 7.9165466286e-14 -5.3563119074e-20 -3.0590485526e-14 -1.7492420101e-14 -3.1082507098e-14
d  5.1956616035e-04 3.6369616676e-01 -2.0000000000e-01 1.7748736408e-07 3.0000000000e+02 -7.9324201364e-14 3.0482751690e-14 1.7748736408e-14 7.9287831748e-14 -5.3568504114e-20 -3.0462751690e-14 -1.7748736426e-14 -3.1076290068e-14
d  5.8967148381e-04 4.1276987356e-01 -2.0000000000e-01 1.8137642689e-07 3.0000000000e+02 -7.9526110106e-14 3.0299962542e-14 1.8137642689e-14 7.9484833119e-14 -5.3556545928e-20 -3.0279962542e-14 -1.8137642707e-14 -3.1067174315e-14
d  6.7379787195e-04 4.7165832170e-01 -2.0000000000e-01 1.8748255407e-07 3.0000000000e+02 -7.9857555933e-14 3.0028718358e-14 1.8748255407e-14 7.9810390101e-14 -5.3498431261e-20 -3.0008718358e-14 -1.8748255426e-14 -3.1053362816e-14
d  7.7474953773e-04 5.4232445948e-01 -2.0000000000e-01 1.9737912582e-07 3.0000000000e+02 -8.0417998786e-14 2.9613873907e-14 1.9737912582e-14 8.0363766340e-14 -5.3335263809e-20 -2.9593873907e-14 -1.9737912601e-14 -3.1031926497e-14
d  8.3532053720e-04 5.8472414215e-01 -2.0000000000e-01 2.0489032558e-07 3.0000000000e+02 -8.0857203541e-14 2.9313233264e-14 2.0489032558e-14 8.0798731127e-14 -5.3180047385e-20 -2.9293233264e-14 -2.0489032579e-14 -3.1016412102e-14
d  9.0800573656e-04 6.3560376135e-01 -2.0000000000e-01 2.1572720794e-07 3.0000000000e+02 -8.1509061616e-14 2.8897872324e-14 2.1572720794e-14 8.1445501240e-14 -5.2919163428e-20 -2.8877872324e-14 -2.1572720815e-14 -3.0994855182e-14
d  9.9522797579e-04 6.9665930439e-01 -2.0000000000e-01 2.3150550302e-07 3.0000000000e+02 -8.2492044760e-14 2.8326532970e-14 2.3150550302e-14 8.2422378829e-14 -5.2421209444e-20 -2.8306532970e-14 -2.3150550325e-14 -3.0965243113e-14
d  1.0998946629e-03 7.6992595604e-01 -2.0000000000e-01 2.5442532123e-07 3.0000000000e+02 -8.3984101406e-14 2.7558757153e-14 2.5442532123e-14 8.3907108810e-14 -5.1553253657e-20 -2.7538757153e-14 -2.5442532148e-14 -3.0925767956e-14
d  1.1626946751e-03 8.1388594703e-01 -2.0000000000e-01 2.7003524694e-07 3.0000000000e+02 -8.5040051957e-14 2.7073809229e-14 2.7003524730e-14 8.4958663362e-14 -5.0815937947e-20 -2.7053809229e-14 -2.7003524721e-14 -3.0901278601e-14
d  1.2380546898e-03 8.6663793622e-01 -2.0000000000e-01 2.9036224351e-07 3.0000000000e+02 -8.6462666971e-14 2.6487839609e-14 2.9036224351e-14 8.6376003177e-14 -4.9846596987e-20 -2.6467839609e-14 -2.9036224380e-14 -3.0871889365e-14
d  1.3284867075e-03 9.2994032324e-01 -2.0000000000e-01 3.1626660423e-07 3.0000000000e+02 -8.8351034403e-14 2.5812708715e-14 3.1626660434e-14 8.8258040370e-14 -4.8445076166e-20 -2.5792708715e-14 -3.1626660454e-14 -3.0838622750e-14
d  1.4370051286e-03 1.0059031877e+00 -2.0000000000e-01 3.4814196879e-07 3.0000000000e+02 -9.0792860396e-14 2.5093687335e-14 3.4814196879e-14 9.0692270077e-14 -4.6577625170e-20 -2.5073687335e-14 -3.4814196914e-14 -3.0804339258e-14
d  1.5672272340e-03 1.0970586250e+00 -2.0000000000e-01 3.8559099891e-07 3.0000000000e+02 -9.3843346229e-14 2.4420266352e-14 3.8559099891e-14 9.3733640367e-14 -4.4345254306e-20 -2.4400266352e-14 -3.8559099929e-14 -3.0774229737e-14
d  1.7024305662e-03 1.1917009197e+00 -2.0000000000e-01 4.2206468610e-07 3.0000000000e+02 -9.7034092164e-14 2.3971353953e-14 4.2206468611e-14 9.6914922072e-14 -4.2338852502e-20 -2.3951353953e-14 -4.2206468652e-14 -3.0757057131e-14
d  1.8235526489e-03 1.2764863436e+00 -2.0000000000e-01 4.5258129974e-07 3.0000000000e+02 -9.9896683600e-14 2.3777780408e-14 4.5258129984e-14 9.9769034966e-14 -4.1088611781e-20 -2.3757780408e-14 -4.5258130020e-14 -3.0753083448e-14
d  1.9430085163e-03 1.3601054174e+00 -2.0000000000e-01 4.8198548444e-07 3.0000000000e+02 -1.0281885079e-13 2.3746564717e-14 4.8198548439e-14 1.0268284025e-13 -4.0601555196e-20 -2.3726564717e-14 -4.8198548492e-14 -3.0757686446e-14
d  2.0639330399e-03 1.4447525500e+00 -2.0000000000e-01 5.1293959946e-07 3.0000000000e+02 -1.0602552549e-13 2.3838266567e-14 5.1293959826e-14 1.0588105024e-13 -4.0813256700e-20 -2.3818266567e-14 -5.1293959997e-14 -3.0768782852e-14
d  2.1428570000e-03 1.4999993000e+00 -2.0000000000e-01 5.3479539330e-07 3.0000000000e+02 -1.0834217489e-13 2.3953769658e-14 5.3479539345e-14 1.0819217496e-13 -4.1380797712e-20 -2.3933769658e-14 -5.3479539383e-14 -3.0778824412e-14
d  2.2375657521e-03 1.5662954000e+00 -2.0000000000e-01 5.6412217738e-07 3.0000000000e+02 -1.1147556916e-13 2.4133699551e-14 5.6412217791e-14 1.1131893962e-13 -4.2472730501e-20 -2.4113699551e-14 -5.6412217795e-14 -3.0792979858e-14
d  2.3512162547e-03 1.6458507199e+00 -2.0000000000e-01 6.0616127077e-07 3.0000000000e+02 -1.1597247395e-13 2.4399322597e-14 6.0616127155e-14 1.1580788888e-13 -4.4477799443e-20 -2.4379322597e-14 -6.0616127137e-14 -3.0812394698e-14
d  2.4875968577e-03 1.7413171039e+00 -2.0000000000e-01 6.7137687980e-07 3.0000000000e+02 -1.2291477167e-13 2.4784061294e-14 6.7137687922e-14 1.2274063996e-13 -4.8084981101e-20 -2.4764061294e-14 -6.7137688047e-14 -3.0838842572e-14
d  2.6264985565e-03 1.8385482541e+00 -2.0000000000e-01 7.6311358612e-07 3.0000000000e+02 -1.3259293735e-13 2.5248493336e-14 7.6311358616e-14 1.3240908252e-13 -5.3755807951e-20 -2.5228493336e-14 -7.6311358689e-14 -3.0869176683e-14
d  2.7637934308e-03 1.9346546277e+00 -2.0000000000e-01 8.9395935863e-07 3.0000000000e+02 -1.4626342943e-13 2.5790859434e-14 8.9395936674e-14 1.4606996397e-13 -6.2629387224e-20 -2.5770859434e-14 -8.9395935952e-14 -3.0903105967e-14
d  2.9024034234e-03 2.0316815837e+00 -2.0000000000e-01 1.0935075156e-06 3.0000000000e+02 -1.6691031138e-13 2.6434393788e-14 1.0935075234e-13 1.6670714322e-13 -7.7194239087e-20 -2.6414393788e-14 -1.0935075167e-13 -3.0941921126e-14
d  3.0512940606e-03 2.1359049880e+00 -2.0000000000e-01 1.4411042529e-06 3.0000000000e+02 -2.0253774437e-13 2.7244435336e-14 1.4411042527e-13 2.0232415387e-13 -1.0406646222e-19 -2.7224435336e-14 -1.4411042544e-13 -3.0989189279e-14
d  3.2085628528e-03 2.2459930986e+00 -2.0000000000e-01 2.0921520034e-06 3.0000000000e+02 -2.6865424929e-13 2.8191422520e-14 2.0921520035e-13 2.6842964998e-13 -1.5712188604e-19 -2.8171422520e-14 -2.0921520055e-13 -3.1042869685e-14
d  3.3734026794e-03 2.3613809310e+00 -2.0000000000e-01 3.4178028737e-06 3.0000000000e+02 -4.0227047127e-13 2.9176471191e-14 3.4178028194e-13 4.0203433318e-13 -2.7044695423e-19 -2.9156471191e-14 -3.4178028771e-13 -3.1097303845e-14
d  3.5536530817e-03 2.4875561622e+00 -2.0000000000e-01 6.5219321865e-06 3.0000000000e+02 -7.1358570624e-13 3.0020109013e-14 6.5219308416e-13 7.1333695063e-13 -5.3906358204e-19 -3.0000109012e-14 -6.5219321932e-13 -3.1143085159e-14
d  3.5714290000e-03 2.4999993000e+00 -2.0000000000e-01 6.9931228856e-06 3.0000000000e+02 -7.6075854461e-13 3.0070225571e-14 6.9931232180e-13 7.6050854468e-13 -6.5558189186e-19 -3.0050225573e-14 -6.9931228925e-13 -3.1145412451e-14
d  3.5927601019e-03 2.5149310654e+00 -2.0000000000e-01 7.6121168712e-06 3.0000000000e+02 -8.2272803172e-13 3.0135223416e-14 7.6121172200e-13 8.2247653861e-13 -7.2311431451e-19 -3.0115223418e-14 -7.6121168787e-13 -3.1148943653e-14
d  3.6183574242e-03 2.5328491838e+00 -2.0000000000e-01 8.4407716458e-06 3.0000000000e+02 -9.0567958037e-13 3.0215061479e-14 8.4407716433e-13 9.0542629545e-13 -8.0776029553e-19 -3.0195061479e-14 -8.4407716542e-13 -3.1153293402e-14
d  3.6490742110e-03 2.5543509260e+00 -2.0000000000e-01 9.5755629988e-06 3.0000000000e+02 -1.0192612515e-12 3.0310110048e-14 9.5755629569e-13 1.0190058165e-12 -9.2387684174e-19 -3.0290110048e-14 -9.5755630084e-13 -3.1158470662e-14
d  3.6859343551e-03 2.5801530165e+00 -2.0000000000e-01 1.1174687808e-05 3.0000000000e+02 -1.1792987482e-12 3.0426077705e-14 1.1174687572e-12 1.1790407329e-12 -1.0892445566e-18 -3.0406077704e-14 -1.1174687819e-12 -3.1164785323e-14
d  3.7301665281e-03 2.6111155252e+00 -2.0000000000e-01 1.3515402583e-05 3.0000000000e+02 -1.4135442482e-12 3.0587994873e-14 1.3515401564e-12 1.4132831367e-12 -1.3378841528e-18 -3.0567994869e-14 -1.3515402596e-12 -3.1173547424e-14
d  3.7832451356e-03 2.6482705356e+00 -2.0000000000e-01 1.7111637497e-05 3.0000000000e+02 -1.7733985188e-12 3.0803038186e-14 1.7111633237e-12 1.7731336919e-12 -1.7301909071e-18 -3.0783038173e-14 -1.7111637515e-12 -3.1185179172e-14
d  3.8469394646e-03 2.6928565481e+00 -2.0000000000e-01 2.2994002112e-05 3.0000000000e+02 -2.3619574311e-12 3.1104068427e-14 2.2993983107e-12 2.3616881460e-12 -2.3919639549e-18 -3.1084068376e-14 -2.2994002142e-12 -3.1201488013e-14
d  3.9233726595e-03 2.7463597631e+00 -2.0000000000e-01 3.3536812670e-05 3.0000000000e+02 -3.4167689011e-12 3.1600952838e-14 3.3536808967e-12 3.4164942653e-12 -3.6513009558e-18 -3.1580952830e-14 -3.3536812705e-12 -3.1228431375e-14
d  4.0150924933e-03 2.8105636211e+00 -2.0000000000e-01 5.5474266896e-05 3.0000000000e+02 -5.6115516482e-12 3.2575741183e-14 5.5474217008e-12 5.6112705959e-12 -6.5516567596e-18 -3.2555741091e-14 -5.5474266993e-12 -3.1281597245e-14
d  4.1251562939e-03 2.8876082507e+00 -2.0000000000e-01 1.1815087587e-04 3.0000000000e+02 -1.1882011448e-11 3.5210204862e-14 1.1815083809e-11 1.1881722695e-11 -1.6552109950e-17 -3.5190204808e-14 -1.1815087608e-11 -3.1428358840e-14
d  4.1428570000e-03 2.8999987400e+00 -2.0000000000e-01 1.3679555271e-04 3.0000000000e+02 -1.3747791463e-11 3.6438843451e-14 1.3679550526e-11 1.3747501476e-11 -2.4622797990e-17 -3.6418843141e-14 -1.3679555298e-11 -3.1502742958e-14
d  4.1640978474e-03 2.9148673272e+00 -2.0000000000e-01 1.6661858196e-04 3.0000000000e+02 -1.6732194309e-11 3.8411620960e-14 1.6661846957e-11 1.6731902862e-11 -3.4976311549e-17 -3.8391620145e-14 -1.6661858254e-11 -3.1618052384e-14
d  4.1895868642e-03 2.9327096319e+00 -2.0000000000e-01 2.2205733925e-04 3.0000000000e+02 -2.2279970798e-11 4.2070038922e-14 2.2205722008e-11 2.2279677593e-11 -5.6760987624e-17 -4.2050038240e-14 -2.2205734015e-11 -3.1836856307e-14
d  4.2201736845e-03 2.9541203975e+00 -2.0000000000e-01 3.6837093910e-04 3.0000000000e+02 -3.6922472267e-11 5.2475859262e-14 3.6837046830e-11 3.6922177524e-11 -1.3527802142e-16 -5.2455857472e-14 -3.6837094619e-11 -3.2491806630e-14
d  4.2568778687e-03 2.9798133162e+00 -2.0000000000e-01 6.4221229867e-03 3.0000000000e+02 -6.4248371611e-10 2.1463719866e-13 6.4221146796e-10 6.4248383581e-10 -5.4751614663e-15 -2.1461719228e-13 -6.4221271703e-10 -5.1026534116e-14
d  4.2857140000e-03 2.9999986000e+00 -2.0000000000e-01 1.1732072280e-02 3.0000000000e+02 -1.1732957541e-09 4.3757258364e-14 1.1732091457e-09 1.1732944522e-09 -4.1929932165e-15 -4.3737321828e-14 -1.1732062271e-09 -4.0294911829e-14
d  4.3203173575e-03 3.0242209406e+00 -2.0000000000e-01 1.6516846469e-02 3.0000000000e+02 -1.6517687026e-09 4.4454223356e-14 1.6516824864e-09 1.6517698262e-09 -2.4857042763e-15 -4.4434153204e-14 -1.6516860747e-09 -3.6831307586e-14
d  4.3618413866e-03 3.0532877493e+00 -2.0000000000e-01 2.3067223542e-02 3.0000000000e+02 -2.3068223486e-09 5.6187523383e-14 2.3067228543e-09 2.3068216258e-09 -3.6915089874e-15 -5.6167537901e-14 -2.3067219390e-09 -3.9828043892e-14
d  4.4116702214e-03 3.0881679197e+00 -2.0000000000e-01 3.2041537650e-02 3.0000000000e+02 -3.2042567907e-09 5.7551859264e-14 3.2041542563e-09 3.2042559608e-09 -4.2265474440e-15 -5.7531871805e-14 -3.2041532471e-09 -4.0955209506e-14
d  4.4285710000e-03 3.0999984600e+00 -2.0000000000e-01 3.5339746068e-02 3.0000000000e+02 -3.5340786789e-09 5.8123292809e-14 3.5339741870e-09 3.5340788450e-09 -4.3770362261e-15 -5.8103266737e-14 -3.5339750865e-09 -4.1278166270e-14
d  4.4488519343e-03 3.1141951083e+00 -2.0000000000e-01 3.9462209496e-02 3.0000000000e+02 -3.9463262813e-09 5.8766214093e-14 3.9462135485e-09 3.9463350962e-09 -4.5737427048e-15 -5.8745735251e-14 -3.9462300808e-09 -4.1696026400e-14
d  4.4731890555e-03 3.1312310863e+00 -2.0000000000e-01 4.4637063019e-02 3.0000000000e+02 -4.4638131046e-09 5.9526142182e-14 4.4637034492e-09 4.4638166647e-09 -4.8011347017e-15 -5.9505986295e-14 -4.4637101799e-09 -4.2178264749e-14
d  4.5023936009e-03 3.1516742599e+00 -2.0000000000e-01 5.1162872627e-02 3.0000000000e+02 -5.1163958408e-09 6.0474838405e-14 5.1162902490e-09 5.1163910168e-09 -5.0647647040e-15 -6.0454976369e-14 -5.1162827587e-09 -4.2738361075e-14
d  4.5374390554e-03 3.1762060683e+00 -2.0000000000e-01 5.9425673492e-02 3.0000000000e+02 -5.9426780077e-09 6.1614951703e-14 5.9425676137e-09 5.9426772412e-09 -5.3647749535e-15 -6.1594962040e-14 -5.9425669063e-09 -4.3374994950e-14
d  4.5794936007e-03 3.2056442383e+00 -2.0000000000e-01 6.9929785235e-02 3.0000000000e+02 -6.9930916336e-09 6.2993183252e-14 6.9929789428e-09 6.9930905042e-09 -5.7078118764e-15 -6.2973197113e-14 -6.9929777216e-09 -4.4101573368e-14
d  4.6299590552e-03 3.2409700423e+00 -2.0000000000e-01 8.3334496102e-02 3.0000000000e+02 -8.3335655896e-09 6.4641551077e-14 8.3334501533e-09 8.3335640629e-09 -6.0989886184e-15 -6.4621566264e-14 -8.3334484159e-09 -4.4926434241e-14
d  4.6905176005e-03 3.2833610070e+00 -2.0000000000e-01 1.0049090743e-01 3.0000000000e+02 -1.0049209996e-08 6.6552798349e-14 1.0049091368e-08 1.0049208063e-08 -6.5385489015e-15 -6.6532813146e-14 -1.0049089147e-08 -4.5844039713e-14
d  4.7631878550e-03 3.3342301648e+00 -2.0000000000e-01 1.2250075624e-01 3.0000000000e+02 -1.2250198594e-08 6.8751977114e-14 1.2250076289e-08 1.2250196266e-08 -7.0329796282e-15 -6.8731990440e-14 -1.2250073641e-08 -4.6859407807e-14
d  4.8503921603e-03 3.3952731541e+00 -2.0000000000e-01 1.5079164262e-01 3.0000000000e+02 -1.5079291432e-08 7.1264731520e-14 1.5079164895e-08 1.5079288857e-08 -7.5925749596e-15 -7.1244742260e-14 -1.5079162041e-08 -4.7978133231e-14
d  4.9550373266e-03 3.4685247412e+00 -2.0000000000e-01 1.8720255053e-01 3.0000000000e+02 -1.8720386920e-08 7.4092994908e-14 1.8720255637e-08 1.8720384127e-08 -8.2314565019e-15 -7.4073003298e-14 -1.8720252625e-08 -4.9197596863e-14
d  5.0000000000e-03 3.4999986000e+00 -2.0000000000e-01 2.0361547911e-01 3.0000000000e+02 -2.0361681641e-08 7.5225412628e-14 2.0361547924e-08 2.0361681232e-08 -8.4899008977e-15 -7.5205413004e-14 -2.0361547872e-08 -4.9664651421e-14
d  5.0539552081e-03 3.5377672305e+00 -2.0000000000e-01 2.2388528371e-01 3.0000000000e+02 -2.2388664340e-08 7.6575217856e-14 2.2388528390e-08 2.2388663895e-08 -8.8111268962e-15 -7.6555218396e-14 -2.2388528302e-08 -5.0226634997e-14
d  5.1187014577e-03 3.5830895872e+00 -2.0000000000e-01 2.4899299864e-01 3.0000000000e+02 -2.4899438420e-08 7.8125639609e-14 2.4899299894e-08 2.4899437907e-08 -9.1992614972e-15 -7.8105640313e-14 -2.4899299734e-08 -5.0867681779e-14
d  5.1963969573e-03 3.6374764151e+00 -2.0000000000e-01 2.8018890719e-01 3.0000000000e+02 -2.8019032264e-08 7.9901707432e-14 2.8018890766e-08 2.8019031633e-08 -9.6770444473e-15 -7.9881708360e-14 -2.8018890481e-08 -5.1593567946e-14
d  5.2896315568e-03 3.7027406087e+00 -2.0000000000e-01 3.1905857081e-01 3.0000000000e+02 -3.1906002049e-08 8.1900900570e-14 3.1905857174e-08 3.1906001095e-08 -1.0282478221e-14 -8.1880902119e-14 -3.1905856529e-08 -5.2402436848e-14
d  5.4015130763e-03 3.7810576410e+00 -2.0000000000e-01 3.6760151983e-01 3.0000000000e+02 -3.6760300858e-08 8.4102194231e-14 3.6760151985e-08 3.6760300469e-08 -1.1090606861e-14 -8.4082194254e-14 -3.6760152009e-08 -5.3286954519e-14
d  5.5357708996e-03 3.8750380797e+00 -2.0000000000e-01 4.2832477634e-01 3.0000000000e+02 -4.2832631003e-08 8.6459483994e-14 4.2832477638e-08 4.2832630584e-08 -1.2264300974e-14 -8.6439484040e-14 -4.2832477646e-08 -5.4234786532e-14
d  5.6968802875e-03 3.9878146062e+00 -2.0000000000e-01 5.0436301159e-01 3.0000000000e+02 -5.0436459904e-08 8.8900223762e-14 5.0436301159e-08 5.0436459504e-08 -1.4181820323e-14 -8.8880223763e-14 -5.0436301209e-08 -5.5233128155e-14
d  5.7142860000e-03 3.9999986000e+00 -2.0000000000e-01 5.1276765762e-01 3.0000000000e+02 -5.1276924951e-08 8.9051752165e-14 5.1276766224e-08 5.1276920378e-08 -1.4413580867e-14 -8.9031782602e-14 -5.1276761640e-08 -5.5292290152e-14
d  5.7351728549e-03 4.0146193926e+00 -2.0000000000e-01 5.2289945635e-01 3.0000000000e+02 -5.2290105532e-08 8.9324166628e-14 5.2289946307e-08 5.2290098960e-08 -1.4733078377e-14 -8.9304218752e-14 -5.2289939516e-08 -5.5406770871e-14
d  5.7602370809e-03 4.0321643438e+00 -2.0000000000e-01 5.3512319549e-01 3.0000000000e+02 -5.3512480320e-08 8.9648498318e-14 5.3512320570e-08 5.3512470375e-08 -1.5141242716e-14 -8.9628564419e-14 -5.3512310061e-08 -5.5544326036e-14
d  5.7903141520e-03 4.0532182851e+00 -2.0000000000e-01 5.4988383897e-01 3.0000000000e+02 -5.4988545729e-08 9.0021148727e-14 5.4988385528e-08 5.4988529774e-08 -1.5666067398e-14 -9.0001236836e-14 -5.4988368403e-08 -5.5704258144e-14
d  5.8264066374e-03 4.0784830148e+00 -2.0000000000e-01 5.6772571344e-01 3.0000000000e+02 -5.6772734478e-08 9.0447672484e-14 5.6772571366e-08 5.6772733859e-08 -1.6351256420e-14 -9.0427673459e-14 -5.6772571190e-08 -5.5889988289e-14
d  5.8697176198e-03 4.1088006903e+00 -2.0000000000e-01 5.8931621571e-01 3.0000000000e+02 -5.8931786317e-08 9.0931695399e-14 5.8931621609e-08 5.8931785521e-08 -1.7260328666e-14 -9.0911696847e-14 -5.8931621244e-08 -5.6104911070e-14
d  5.9216907987e-03 4.1451819010e+00 -2.0000000000e-01 6.1547054536e-01 3.0000000000e+02 -6.1547221276e-08 9.1454107029e-14 6.1547054608e-08 6.1547220105e-08 -1.8485194503e-14 -9.1434109321e-14 -6.1547053842e-08 -5.6344642748e-14
d  5.9840586134e-03 4.1888393538e+00 -2.0000000000e-01 6.4719524841e-01 3.0000000000e+02 -6.4719694135e-08 9.2036232970e-14 6.4719524983e-08 6.4719692185e-08 -2.0173093218e-14 -9.2016236707e-14 -6.4719523375e-08 -5.6620494019e-14
d  6.0588999910e-03 4.2412282972e+00 -2.0000000000e-01 6.8573065517e-01 3.0000000000e+02 -6.8573238127e-08 9.2666276762e-14 6.8573065801e-08 6.8573234510e-08 -2.2539027507e-14 -9.2646283000e-14 -6.8573062393e-08 -5.6932179334e-14
d  6.1487096442e-03 4.3040950293e+00 -2.0000000000e-01 7.3259974292e-01 3.0000000000e+02 -7.3260151268e-08 9.3321698631e-14 7.3259974870e-08 7.3260143990e-08 -2.5896229106e-14 -9.3301709265e-14 -7.3259967517e-08 -5.7274831914e-14
d  6.2564812279e-03 4.3795351077e+00 -2.0000000000e-01 7.8966417674e-01 3.0000000000e+02 -7.8966600466e-08 9.3981510019e-14 7.8966417686e-08 7.8966599877e-08 -3.0673578625e-14 -9.3961510204e-14 -7.8966417602e-08 -5.7640439385e-14
d  6.2888127031e-03 4.4021671313e+00 -2.0000000000e-01 8.0694723606e-01 3.0000000000e+02 -8.0694908235e-08 9.4144271259e-14 8.0694723649e-08 8.0694907249e-08 -3.2249681793e-14 -9.4124273021e-14 -8.0694723141e-08 -5.7734506872e-14
d  6.3082115882e-03 4.4157463454e+00 -2.0000000000e-01 8.1735237952e-01 3.0000000000e+02 -8.1735423737e-08 9.4254310804e-14 8.1735239548e-08 8.1735402755e-08 -3.3232124638e-14 -9.4234433496e-14 -8.1735217493e-08 -5.7795530956e-14
d  6.3140312537e-03 4.4198201096e+00 -2.0000000000e-01 8.2047887914e-01 3.0000000000e+02 -8.2048074043e-08 9.4282314240e-14 8.2047888232e-08 8.2048069503e-08 -3.3530660449e-14 -9.4262387246e-14 -8.2047883898e-08 -5.7811892753e-14
d  6.3157771533e-03 4.4210422389e+00 -2.0000000000e-01 8.2141726371e-01 3.0000000000e+02 -8.2141912605e-08 9.4291148624e-14 8.2141735713e-08 8.2141791551e-08 -3.3622115520e-14 -9.4278315567e-14 -8.2141605830e-08 -5.7820189541e-14
d  6.3163009232e-03 4.4214088777e+00 -2.0000000000e-01 8.2169881781e-01 3.0000000000e+02 -8.2170068005e-08 9.4261734115e-14 8.2169884488e-08 8.2170032671e-08 -3.3644311996e-14 -9.4248662981e-14 -8.2169846961e-08 -5.7809973343e-14
d  6.3164580542e-03 4.4215188693e+00 -2.0000000000e-01 8.2178328774e-01 3.0000000000e+02 -8.2178515016e-08 9.4269616029e-14 8.2178329512e-08 8.2178505126e-08 -3.3653370652e-14 -9.4255920958e-14 -8.2178319398e-08 -5.7812700013e-14
d  6.3165523328e-03 4.4215848643e+00 -2.0000000000e-01 8.2183397066e-01 3.0000000000e+02 -8.2183583336e-08 9.4287492577e-14 8.2183397462e-08 8.2183577858e-08 -3.3660859550e-14 -9.4273805367e-14 -8.2183392103e-08 -5.7819289689e-14
d  6.3165664746e-03 4.4215947636e+00 -2.0000000000e-01 8.2184157302e-01 3.0000000000e+02 -8.2184343525e-08 9.4250844000e-14 8.2184157327e-08 8.2184342771e-08 -3.3655307998e-14 -9.4233098607e-14 -8.2184157069e-08 -5.7804189987e-14
d  6.3165749596e-03 4.4216007031e+00 -2.0000000000e-01 8.2184613547e-01 3.0000000000e+02 -8.2184799873e-08 9.4326310308e-14 8.2184613462e-08 8.2184800446e-08 -3.3663694027e-14 -9.4291019634e-14 -8.2184614669e-08 -5.7823589451e-14
d  6.3165775052e-03 4.4216024850e+00 -2.0000000000e-01 8.2184750386e-01 3.0000000000e+02 -8.2184936736e-08 9.4350157065e-14 8.2184750616e-08 8.2184933596e-08 -3.3693607456e-14 -9.4454927726e-14 -8.2184747566e-08 -5.7894296515e-14
