v ATLAS
# This file was created by ATLAS version 5.32.1.R on Wed Oct  7 16:07:28 2026.
#SSF 2.0 generic
##############################################################################
#                    Copyright (c) 1984 - 2021                               #
#                    Silvaco Inc. All rights reserved                        #
#                                                                            #
# This file format and the following Key are copyright Silvaco Inc.          #
# You may not use, this format or key without reproducing this message in    #
# full and obtaining express written permission from Silvaco Inc.            #
#                                                                            #
# To obtain such permission please contact: Silvaco Inc.                     #
#                                           support@silvaco.com              #
#                                                                            #
# KEY=SVC86hn7562asdx                       PROD=345                         #
##############################################################################
Q 10000 1 "V[1]" 5 1201 7 1
Q 10001 1 "V[2]" 5 1201 7 2
Q 10002 1 "V[3]" 5 1201 7 3
X 1 Vdrain
X 2 Vgate
X 3 Rtap
X 4 Adev_drain
X 5 Adev_source
X 6 Adev_gate
X 7 Adev_tap
X 8 Adev_substrate
p 13 61 10000 10001 10002 82 1301 1302 1303 1304 1305 1306 1307 1308
d  1.0000000000e-09 6.9999972000e-07 -2.0000000000e-01 8.0151754868e-08 3.0000000000e+02 -7.7014982515e-14 3.9429977147e-14 8.0152484242e-16 7.7014965129e-14 -1.7351585397e-15 -3.9410051932e-14 -8.0137363503e-16 -3.5068337392e-14
d  2.0000000000e-09 1.3999994400e-06 -2.0000000000e-01 1.5769332868e-07 3.0000000000e+02 -7.7108978245e-14 3.9027505584e-14 1.5769445108e-15 7.7108938134e-14 -1.6502328111e-15 -3.9007678201e-14 -1.5766010818e-15 -3.4874387874e-14
d  3.0000000000e-09 2.0999991600e-06 -2.0000000000e-01 2.3185673286e-07 3.0000000000e+02 -7.7197976264e-14 3.8641968639e-14 2.3185786927e-15 7.7197935584e-14 -1.5688464950e-15 -3.8622143404e-14 -2.3182309822e-15 -3.4688647397e-14
d  4.2000000000e-09 2.9399988240e-06 -2.0000000000e-01 3.1622132165e-07 3.0000000000e+02 -7.7299498915e-14 3.8203600389e-14 3.1622250304e-15 7.7299462499e-14 -1.4762834761e-15 -3.8183756379e-14 -3.1619130217e-15 -3.4477398752e-14
d  5.6400000000e-09 3.9479984208e-06 -2.0000000000e-01 4.1102083354e-07 3.0000000000e+02 -7.7413544273e-14 3.7710872330e-14 4.1102202536e-15 7.7413513510e-14 -1.3723024093e-15 -3.7691003480e-14 -4.1099559728e-15 -3.4240023656e-14
d  7.3680000000e-09 5.1575979370e-06 -2.0000000000e-01 5.1609938743e-07 3.0000000000e+02 -7.7539960940e-14 3.7165098813e-14 5.1610059025e-15 7.7539934884e-14 -1.2570467900e-15 -3.7145209116e-14 -5.1607816517e-15 -3.3976913292e-14
d  9.4416000000e-09 6.6091173564e-06 -2.0000000000e-01 6.3072305084e-07 3.0000000000e+02 -7.7677878059e-14 3.6569511540e-14 6.3072426282e-15 7.7677855953e-14 -1.1313033044e-15 -3.6549604155e-14 -6.3070523257e-15 -3.3689903793e-14
d  1.1929920000e-08 8.3509406596e-06 -2.0000000000e-01 7.5340318237e-07 3.0000000000e+02 -7.7825495163e-14 3.5931943214e-14 7.5340440750e-15 7.7825476263e-14 -9.9671663275e-16 -3.5912021234e-14 -7.5338817485e-15 -3.3382723115e-14
d  1.4915904000e-08 1.0441128624e-05 -2.0000000000e-01 8.8175483876e-07 3.0000000000e+02 -7.7979919783e-14 3.5265148865e-14 8.8175606985e-15 7.7979903611e-14 -8.5592681495e-16 -3.5245214201e-14 -8.8174227423e-15 -3.3061343886e-14
d  1.8499084800e-08 1.2949354180e-05 -2.0000000000e-01 1.0124329635e-06 3.0000000000e+02 -7.8137159389e-14 3.4586061740e-14 1.0124342045e-14 7.8137145386e-14 -7.1256991066e-16 -3.4566116620e-14 -1.0124224119e-14 -3.2734140593e-14
d  2.2798901760e-08 1.5959224848e-05 -2.0000000000e-01 1.1412038797e-06 3.0000000000e+02 -7.8292094128e-14 3.3916978661e-14 1.1412051344e-14 7.8292081826e-14 -5.7131270205e-16 -3.3897024900e-14 -1.1411949922e-14 -3.2411713864e-14
d  2.7958682112e-08 1.9571069650e-05 -2.0000000000e-01 1.2632094855e-06 3.0000000000e+02 -7.8438889132e-14 3.3283151086e-14 1.2632107375e-14 7.8438878272e-14 -4.3747839699e-16 -3.3263189534e-14 -1.2632020985e-14 -3.2106227323e-14
d  3.4150418534e-08 2.3905283412e-05 -2.0000000000e-01 1.3734591137e-06 3.0000000000e+02 -7.8571541074e-14 3.2710244626e-14 1.3734603689e-14 7.8571531245e-14 -3.1654291393e-16 -3.2690276746e-14 -1.3734529454e-14 -3.1830177122e-14
d  4.1580502241e-08 2.9106339926e-05 -2.0000000000e-01 1.4675267066e-06 3.0000000000e+02 -7.8684722302e-14 3.2221467137e-14 1.4675279607e-14 7.8684713199e-14 -2.1335460846e-16 -3.2201493880e-14 -1.4675215741e-14 -3.1594645012e-14
d  5.0496602690e-08 3.5347607744e-05 -2.0000000000e-01 1.5423421423e-06 3.0000000000e+02 -7.8774742238e-14 3.1832723163e-14 1.5423433951e-14 7.8774733548e-14 -1.3128608296e-16 -3.1812745426e-14 -1.5423378728e-14 -3.1407317991e-14
d  6.1195923227e-08 4.2837129124e-05 -2.0000000000e-01 1.5968688772e-06 3.0000000000e+02 -7.8840354006e-14 3.1549369961e-14 1.5968701315e-14 7.8840345420e-14 -7.1470654753e-17 -3.1529388539e-14 -1.5968653179e-14 -3.1270791837e-14
d  7.4035107873e-08 5.1824554781e-05 -2.0000000000e-01 1.6324087297e-06 3.0000000000e+02 -7.8883116966e-14 3.1364727412e-14 1.6324099912e-14 7.8883108178e-14 -3.2487318274e-17 -3.1344742983e-14 -1.6324057495e-14 -3.1181806973e-14
d  8.9442129448e-08 6.2609465569e-05 -2.0000000000e-01 1.6523317049e-06 3.0000000000e+02 -7.8907094427e-14 3.1261218409e-14 1.6523329812e-14 7.8907085126e-14 -1.0632841228e-17 -3.1241231536e-14 -1.6523291952e-14 -3.1131925220e-14
d  1.0793055534e-07 7.5551358515e-05 -2.0000000000e-01 1.6612244359e-06 3.0000000000e+02 -7.8917799811e-14 3.1215003488e-14 1.6612257456e-14 7.8917789656e-14 -8.7980634057e-19 -3.1195014713e-14 -1.6612222922e-14 -3.1109662712e-14
d  1.3011666640e-07 9.1081630050e-05 -2.0000000000e-01 1.6637214417e-06 3.0000000000e+02 -7.8920812346e-14 3.1202006841e-14 1.6637228068e-14 7.8920800980e-14 1.8583379794e-18 -3.1182016592e-14 -1.6637195819e-14 -3.1103415188e-14
d  1.5673999969e-07 1.0971795589e-04 -2.0000000000e-01 1.6634740995e-06 3.0000000000e+02 -7.8920521560e-14 3.1203287064e-14 1.6634755584e-14 7.8920508577e-14 1.5822877124e-18 -3.1183295748e-14 -1.6634724449e-14 -3.1104040624e-14
d  1.8868799962e-07 1.3208154690e-04 -2.0000000000e-01 1.6626598786e-06 3.0000000000e+02 -7.8919553269e-14 3.1207515385e-14 1.6626614696e-14 7.8919538233e-14 6.8604332800e-19 -3.1187523277e-14 -1.6626583765e-14 -3.1106086703e-14
d  2.2702559955e-07 1.5891785612e-04 -2.0000000000e-01 1.6621321572e-06 3.0000000000e+02 -7.8918930431e-14 3.1210230661e-14 1.6621339431e-14 7.8918912830e-14 1.0291034281e-19 -3.1190238042e-14 -1.6621307532e-14 -3.1107417218e-14
d  2.7303071946e-07 1.9112142717e-04 -2.0000000000e-01 1.6619585361e-06 3.0000000000e+02 -7.8918736289e-14 3.1211131526e-14 1.6619605808e-14 7.8918715546e-14 -9.3013381133e-20 -3.1191138569e-14 -1.6619571973e-14 -3.1107863109e-14
d  3.2823686335e-07 2.2976571244e-04 -2.0000000000e-01 1.6619574970e-06 3.0000000000e+02 -7.8918752720e-14 3.1211109302e-14 1.6619598899e-14 7.8918728153e-14 -1.0060224647e-19 -3.1191116171e-14 -1.6619561918e-14 -3.1107879226e-14
d  3.9448423602e-07 2.7613885476e-04 -2.0000000000e-01 1.6619896945e-06 3.0000000000e+02 -7.8918812319e-14 3.1210927112e-14 1.6619925266e-14 7.8918783136e-14 -7.3554477895e-20 -3.1190933886e-14 -1.6619884074e-14 -3.1107814926e-14
d  4.7398108322e-07 3.3178662554e-04 -2.0000000000e-01 1.6620105437e-06 3.0000000000e+02 -7.8918863367e-14 3.1210786361e-14 1.6620139418e-14 7.8918828620e-14 -5.9400799759e-20 -3.1190793134e-14 -1.6620092567e-14 -3.1107782252e-14
d  5.6937729986e-07 3.9856395048e-04 -2.0000000000e-01 1.6620226238e-06 3.0000000000e+02 -7.8918907909e-14 3.1210703510e-14 1.6620267449e-14 7.8918866467e-14 -5.7874853617e-20 -3.1190710356e-14 -1.6620213229e-14 -3.1107775570e-14
d  6.8385275984e-07 4.7869674041e-04 -2.0000000000e-01 1.6620343335e-06 3.0000000000e+02 -7.8918958120e-14 3.1210604746e-14 1.6620393459e-14 7.8918908644e-14 -5.8763667623e-20 -3.1190611685e-14 -1.6620330148e-14 -3.1107774551e-14
d  8.2122331180e-07 5.7485608832e-04 -2.0000000000e-01 1.6620488627e-06 3.0000000000e+02 -7.8919019162e-14 3.1210485855e-14 1.6620549760e-14 7.8918960044e-14 -5.9150248816e-20 -3.1190492907e-14 -1.6620475221e-14 -3.1107772033e-14
d  9.8606797417e-07 6.9024730582e-04 -2.0000000000e-01 1.6620666911e-06 3.0000000000e+02 -7.8919092627e-14 3.1210343134e-14 1.6620741512e-14 7.8919021942e-14 -5.9095506411e-20 -3.1190350306e-14 -1.6620653276e-14 -3.1107768065e-14
d  1.1838815690e-06 8.2871676681e-04 -2.0000000000e-01 1.6620881373e-06 3.0000000000e+02 -7.8919180503e-14 3.1210168514e-14 1.6620972407e-14 7.8919095942e-14 -5.9044732985e-20 -3.1190175807e-14 -1.6620867504e-14 -3.1107763058e-14
d  1.4212578828e-06 9.9488012001e-04 -2.0000000000e-01 1.6621138381e-06 3.0000000000e+02 -7.8919285574e-14 3.1209959758e-14 1.6621249191e-14 7.8919184374e-14 -5.9042581692e-20 -3.1189967155e-14 -1.6621124311e-14 -3.1107757130e-14
d  1.7061094594e-06 1.1942761438e-03 -2.0000000000e-01 1.6621446395e-06 3.0000000000e+02 -7.8919411138e-14 3.1209705952e-14 1.6621581138e-14 7.8919289975e-14 -5.8955550229e-20 -3.1189713448e-14 -1.6621432135e-14 -3.1107750000e-14
d  2.0479313512e-06 1.4335513724e-03 -2.0000000000e-01 1.6621815679e-06 3.0000000000e+02 -7.8919560773e-14 3.1209406946e-14 1.6621979769e-14 7.8919415657e-14 -5.9043892020e-20 -3.1189414553e-14 -1.6621801206e-14 -3.1107741404e-14
d  2.4581176215e-06 1.7206816468e-03 -2.0000000000e-01 1.6622258323e-06 3.0000000000e+02 -7.8919739264e-14 3.1209045113e-14 1.6622457019e-14 7.8919565419e-14 -5.9026337126e-20 -3.1189052789e-14 -1.6622243716e-14 -3.1107731081e-14
d  2.9503411458e-06 2.0652379759e-03 -2.0000000000e-01 1.6622788686e-06 3.0000000000e+02 -7.8919951816e-14 3.1208608860e-14 1.6622788687e-14 7.8919745292e-14 -5.7395570486e-20 -3.1188608860e-14 -1.6622788852e-14 -3.1107714848e-14
d  3.5410093749e-06 2.4787055710e-03 -2.0000000000e-01 1.6623407433e-06 3.0000000000e+02 -7.8919871903e-14 3.1208613191e-14 1.6623407434e-14 7.8919624033e-14 -5.9216227599e-20 -3.1188613191e-14 -1.6623407599e-14 -3.1107724429e-14
d  4.2498112499e-06 2.9748666850e-03 -2.0000000000e-01 1.6624171550e-06 3.0000000000e+02 -7.8920188068e-14 3.1207955106e-14 1.6624171549e-14 7.8919890581e-14 -5.8872378911e-20 -3.1187955106e-14 -1.6624171716e-14 -3.1107704498e-14
d  5.1003734999e-06 3.5702600218e-03 -2.0000000000e-01 1.6625083396e-06 3.0000000000e+02 -7.8920480286e-14 3.1207294297e-14 1.6625083396e-14 7.8920123260e-14 -5.8816558325e-20 -3.1187294297e-14 -1.6625083562e-14 -3.1107686269e-14
d  6.1210481999e-06 4.2847320260e-03 -2.0000000000e-01 1.6626174334e-06 3.0000000000e+02 -7.8920824076e-14 3.1206498081e-14 1.6626174334e-14 7.8920395603e-14 -5.8835422686e-20 -3.1186498081e-14 -1.6626174501e-14 -3.1107664282e-14
d  7.3458578398e-06 5.1420984311e-03 -2.0000000000e-01 1.6627479691e-06 3.0000000000e+02 -7.8921227090e-14 3.1205536742e-14 1.6627479692e-14 7.8920712880e-14 -5.8824080785e-20 -3.1185536742e-14 -1.6627479857e-14 -3.1107637525e-14
d  8.8156294078e-06 6.1709381171e-03 -2.0000000000e-01 1.6629040852e-06 3.0000000000e+02 -7.8921697178e-14 3.1204375189e-14 1.6629040855e-14 7.8921080085e-14 -5.8799659807e-20 -3.1184375189e-14 -1.6629041018e-14 -3.1107604894e-14
d  1.0579355289e-05 7.4055457403e-03 -2.0000000000e-01 1.6630906979e-06 3.0000000000e+02 -7.8922242254e-14 3.1202970618e-14 1.6630906981e-14 7.8921501699e-14 -5.8791470773e-20 -3.1182970619e-14 -1.6630907145e-14 -3.1107564995e-14
d  1.2695826347e-05 8.8870748882e-03 -2.0000000000e-01 1.6633136378e-06 3.0000000000e+02 -7.8922869809e-14 3.1201269583e-14 1.6633136382e-14 7.8921981102e-14 -5.8781196216e-20 -3.1181269583e-14 -1.6633136544e-14 -3.1107516070e-14
d  1.5235591617e-05 1.0664909866e-02 -2.0000000000e-01 1.6635798220e-06 3.0000000000e+02 -7.8923586040e-14 3.1199206615e-14 1.6635798227e-14 7.8922519549e-14 -5.8774576984e-20 -3.1179206615e-14 -1.6635798386e-14 -3.1107455882e-14
d  1.8283309940e-05 1.2798311839e-02 -2.0000000000e-01 1.6638974592e-06 3.0000000000e+02 -7.8924394827e-14 3.1196699912e-14 1.6638974606e-14 7.8923114995e-14 -5.8765969364e-20 -3.1176699912e-14 -1.6638974758e-14 -3.1107381583e-14
d  2.1940571928e-05 1.5358394206e-02 -2.0000000000e-01 1.6642763089e-06 3.0000000000e+02 -7.8925296338e-14 3.1193649039e-14 1.6642763108e-14 7.8923760499e-14 -5.8749099985e-20 -3.1173649039e-14 -1.6642763255e-14 -3.1107289526e-14
d  2.6329286314e-05 1.8430493047e-02 -2.0000000000e-01 1.6647280218e-06 3.0000000000e+02 -7.8926285313e-14 3.1189928169e-14 1.6647280249e-14 7.8924442264e-14 -5.8735448246e-20 -3.1169928169e-14 -1.6647280384e-14 -3.1107175035e-14
d  3.1595743576e-05 2.2117011657e-02 -2.0000000000e-01 1.6652666013e-06 3.0000000000e+02 -7.8927349342e-14 3.1185380593e-14 1.6652666062e-14 7.8925137641e-14 -5.8722880417e-20 -3.1165380593e-14 -1.6652666179e-14 -3.1107032094e-14
d  3.7915492292e-05 2.6540833988e-02 -2.0000000000e-01 1.6659090664e-06 3.0000000000e+02 -7.8928467438e-14 3.1179810855e-14 1.6659090742e-14 7.8925813354e-14 -5.8717170918e-20 -3.1159810855e-14 -1.6659090830e-14 -3.1106852970e-14
d  4.5499190750e-05 3.1849420785e-02 -2.0000000000e-01 1.6666764395e-06 3.0000000000e+02 -7.8929609951e-14 3.1172974034e-14 1.6666764502e-14 7.8926425009e-14 -5.8709605488e-20 -3.1152974035e-14 -1.6666764561e-14 -3.1106627723e-14
d  5.4599628900e-05 3.8219724942e-02 -2.0000000000e-01 1.6675952710e-06 3.0000000000e+02 -7.8930741477e-14 3.1164564385e-14 1.6675952710e-14 7.8926919505e-14 -5.8709056436e-20 -3.1144564385e-14 -1.6675952877e-14 -3.1106343612e-14
d  6.5520154680e-05 4.5864089930e-02 -2.0000000000e-01 1.6687000571e-06 3.0000000000e+02 -7.8931829920e-14 3.1154199690e-14 1.6687000571e-14 7.8927243511e-14 -5.8721963082e-20 -3.1134199690e-14 -1.6687000738e-14 -3.1105984357e-14
d  7.8624785616e-05 5.5037327916e-02 -2.0000000000e-01 1.6700373003e-06 3.0000000000e+02 -7.8932868679e-14 3.1141403811e-14 1.6700373003e-14 7.8927364946e-14 -5.8749326565e-20 -3.1121403811e-14 -1.6700373170e-14 -3.1105529238e-14
d  9.4350342739e-05 6.6045213499e-02 -2.0000000000e-01 1.6716716973e-06 3.0000000000e+02 -7.8933914121e-14 3.1125581735e-14 1.6716716973e-14 7.8927309599e-14 -5.8801377746e-20 -3.1105581735e-14 -1.6716717140e-14 -3.1104951918e-14
d  1.1322101129e-04 7.9254676199e-02 -2.0000000000e-01 1.6736962825e-06 3.0000000000e+02 -7.8935155370e-14 3.1105989117e-14 1.6736962826e-14 7.8927229902e-14 -5.8892440804e-20 -3.1085989117e-14 -1.6736962993e-14 -3.1104218886e-14
d  1.3586581354e-04 9.5106031439e-02 -2.0000000000e-01 1.6762492505e-06 3.0000000000e+02 -7.8937034754e-14 3.1081685345e-14 1.6762492506e-14 7.8927524150e-14 -5.9032006828e-20 -3.1061685345e-14 -1.6762492672e-14 -3.1103287090e-14
d  1.6303957625e-04 1.1412765773e-01 -2.0000000000e-01 1.6795415584e-06 3.0000000000e+02 -7.8940442269e-14 3.1051454749e-14 1.6795415584e-14 7.8929029503e-14 -5.9241437787e-20 -3.1031454749e-14 -1.6795415752e-14 -3.1102099757e-14
d  1.9564809150e-04 1.3695360927e-01 -2.0000000000e-01 1.6839031131e-06 3.0000000000e+02 -7.8947027832e-14 3.1013663048e-14 1.6839031131e-14 7.8933332471e-14 -5.9551179857e-20 -3.0993663048e-14 -1.6839031299e-14 -3.1100578564e-14
d  2.3477830980e-04 1.6434475113e-01 -2.0000000000e-01 1.6898626286e-06 3.0000000000e+02 -7.8959711283e-14 3.0965982053e-14 1.6898626286e-14 7.8943276808e-14 -6.0000575973e-20 -3.0945982053e-14 -1.6898626454e-14 -3.1098608297e-14
d  2.8173457177e-04 1.9721412135e-01 -2.0000000000e-01 1.6982903959e-06 3.0000000000e+02 -7.8983542645e-14 3.0904849916e-14 1.6982903959e-14 7.8963821233e-14 -6.0655637879e-20 -3.0884849916e-14 -1.6982904129e-14 -3.1096006519e-14
d  3.3808208612e-04 2.3665736562e-01 -2.0000000000e-01 1.7106649263e-06 3.0000000000e+02 -7.9027252342e-14 3.0824411499e-14 1.7106649263e-14 7.9003586606e-14 -6.1620643260e-20 -3.0804411499e-14 -1.7106649434e-14 -3.1092464047e-14
d  3.7189059473e-04 2.6032331218e-01 -2.0000000000e-01 1.7195122711e-06 3.0000000000e+02 -7.9063246484e-14 3.0771930942e-14 1.7195122711e-14 7.9037214153e-14 -6.2355578901e-20 -3.0751930942e-14 -1.7195122883e-14 -3.1090097971e-14
d  4.1246080507e-04 2.8872244806e-01 -2.0000000000e-01 1.7317723681e-06 3.0000000000e+02 -7.9116564997e-14 3.0702995448e-14 1.7317723681e-14 7.9087692752e-14 -6.3306431186e-20 -3.0682995448e-14 -1.7317723854e-14 -3.1086910150e-14
d  4.6114505747e-04 3.2280141111e-01 -2.0000000000e-01 1.7492326799e-06 3.0000000000e+02 -7.9197728484e-14 3.0610531777e-14 1.7492326799e-14 7.9165448343e-14 -6.4623492530e-20 -3.0590531777e-14 -1.7492326974e-14 -3.1082524971e-14
d  5.1956616035e-04 3.6369616676e-01 -2.0000000000e-01 1.7748621632e-06 3.0000000000e+02 -7.9324178690e-14 3.0482808587e-14 1.7748621632e-14 7.9287809073e-14 -6.6491417123e-20 -3.0462808587e-14 -1.7748621809e-14 -3.1076312190e-14
d  5.8967148381e-04 4.1276987356e-01 -2.0000000000e-01 1.8137496099e-06 3.0000000000e+02 -7.9526080185e-14 3.0300035078e-14 1.8137496099e-14 7.9484803197e-14 -6.9199539139e-20 -3.0280035078e-14 -1.8137496280e-14 -3.1067202641e-14
d  6.7379787195e-04 4.7165832170e-01 -2.0000000000e-01 1.8748060621e-06 3.0000000000e+02 -7.9857514460e-14 3.0028814283e-14 1.8748060621e-14 7.9810348627e-14 -7.3182038728e-20 -3.0008814283e-14 -1.8748060808e-14 -3.1053400352e-14
d  7.7474953773e-04 5.4232445948e-01 -2.0000000000e-01 1.9737643492e-06 3.0000000000e+02 -8.0417938072e-14 2.9614005090e-14 1.9737643492e-14 8.0363705627e-14 -7.9061074508e-20 -2.9594005090e-14 -1.9737643689e-14 -3.1031977787e-14
d  8.3532053720e-04 5.8472414215e-01 -2.0000000000e-01 2.0488708095e-06 3.0000000000e+02 -8.0857127600e-14 2.9313390174e-14 2.0488708095e-14 8.0798655186e-14 -8.3308895310e-20 -2.9293390174e-14 -2.0488708300e-14 -3.1016473401e-14
d  9.0800573656e-04 6.3560376135e-01 -2.0000000000e-01 2.1572319878e-06 3.0000000000e+02 -8.1508962911e-14 2.8898063718e-14 2.1572319878e-14 8.1445402534e-14 -8.8919736022e-20 -2.8878063718e-14 -2.1572320094e-14 -3.0994929804e-14
d  9.9522797579e-04 6.9665930439e-01 -2.0000000000e-01 2.3150048393e-06 3.0000000000e+02 -8.2491911808e-14 2.8326767540e-14 2.3150048393e-14 8.2422245878e-14 -9.5645915475e-20 -2.8306767540e-14 -2.3150048624e-14 -3.0965334067e-14
d  1.0998946629e-03 7.6992595604e-01 -2.0000000000e-01 2.5441898236e-06 3.0000000000e+02 -8.3983916054e-14 2.7559043563e-14 2.5441898236e-14 8.3906923459e-14 -1.0332050965e-19 -2.7539043563e-14 -2.5441898490e-14 -3.0925878085e-14
d  1.1626946751e-03 8.1388594703e-01 -2.0000000000e-01 2.7002814192e-06 3.0000000000e+02 -8.5039829833e-14 2.7074122003e-14 2.7002814228e-14 8.4958441238e-14 -1.0677322043e-19 -2.7054122003e-14 -2.7002814462e-14 -3.0901398004e-14
d  1.2380546898e-03 8.6663793622e-01 -2.0000000000e-01 2.9035420496e-06 3.0000000000e+02 -8.6462394979e-14 2.6488181160e-14 2.9035420497e-14 8.6375731185e-14 -1.1041990907e-19 -2.6468181160e-14 -2.9035420786e-14 -3.0872018842e-14
d  1.3284867075e-03 9.2994032324e-01 -2.0000000000e-01 3.1625760529e-06 3.0000000000e+02 -8.8350697995e-14 2.5813071777e-14 3.1625760540e-14 8.8257703963e-14 -1.1231975531e-19 -2.5793071777e-14 -3.1625760845e-14 -3.0838759015e-14
d  1.4370051286e-03 1.0059031877e+00 -2.0000000000e-01 3.4813207817e-06 3.0000000000e+02 -9.0792444349e-14 2.5094057634e-14 3.4813207817e-14 9.0691854030e-14 -1.1150370151e-19 -2.5074057634e-14 -3.4813208165e-14 -3.0804476734e-14
d  1.5672272340e-03 1.0970586250e+00 -2.0000000000e-01 3.8558039318e-06 3.0000000000e+02 -9.3842837034e-14 2.4420622944e-14 3.8558039318e-14 9.3733131171e-14 -1.0739232167e-19 -2.4400622944e-14 -3.8558039704e-14 -3.0774361128e-14
d  1.7024318893e-03 1.1917018458e+00 -2.0000000000e-01 4.2205398226e-06 3.0000000000e+02 -9.7033524370e-14 2.3971676553e-14 4.2205398227e-14 9.6914354186e-14 -1.0153152729e-19 -2.3951676553e-14 -4.2205398648e-14 -3.0757177453e-14
d  1.8235549062e-03 1.2764879237e+00 -2.0000000000e-01 4.5257039279e-06 3.0000000000e+02 -9.9896058036e-14 2.3778076373e-14 4.5257039288e-14 9.9768409244e-14 -9.7546738800e-20 -2.3758076373e-14 -4.5257039731e-14 -3.0753195596e-14
d  1.9430115233e-03 1.3601075223e+00 -2.0000000000e-01 4.8197395144e-06 3.0000000000e+02 -1.0281815342e-13 2.3746851431e-14 4.8197395139e-14 1.0268214267e-13 -9.7596898204e-20 -2.3726851431e-14 -4.8197395626e-14 -3.0757798022e-14
d  2.0639364012e-03 1.4447549029e+00 -2.0000000000e-01 5.1292678314e-06 3.0000000000e+02 -1.0602472101e-13 2.3838562898e-14 5.1292678194e-14 1.0588024552e-13 -1.0186551769e-19 -2.3818562898e-14 -5.1292678827e-14 -3.0768901920e-14
d  2.1428570000e-03 1.4999993000e+00 -2.0000000000e-01 5.3478025142e-06 3.0000000000e+02 -1.0834116715e-13 2.3954080172e-14 5.3478025157e-14 1.0819116722e-13 -1.0759750217e-19 -2.3934080172e-14 -5.3478025677e-14 -3.0778953650e-14
d  2.2375617186e-03 1.5662925765e+00 -2.0000000000e-01 5.6410333317e-06 3.0000000000e+02 -1.1147424589e-13 2.4134038166e-14 5.6410333369e-14 1.1131761663e-13 -1.1751681176e-19 -2.4114038166e-14 -5.6410333881e-14 -3.0793127120e-14
d  2.3512073809e-03 1.6458445083e+00 -2.0000000000e-01 6.0613600279e-06 3.0000000000e+02 -1.1597061239e-13 2.4399717575e-14 6.0613600358e-14 1.1580602794e-13 -1.3501828008e-19 -2.4379717575e-14 -6.0613600886e-14 -3.0812574490e-14
d  2.4875821756e-03 1.7413068264e+00 -2.0000000000e-01 6.7133951773e-06 3.0000000000e+02 -1.2291189639e-13 2.4784566038e-14 6.7133951715e-14 1.2273776571e-13 -1.6612035479e-19 -2.4764566038e-14 -6.7133952445e-14 -3.0839081142e-14
d  2.6264860212e-03 1.8385394795e+00 -2.0000000000e-01 7.6306178927e-06 3.0000000000e+02 -1.3258897535e-13 2.5249214207e-14 7.6306178931e-14 1.3240512140e-13 -2.1552227069e-19 -2.5229214207e-14 -7.6306179690e-14 -3.0869511927e-14
d  2.7637845608e-03 1.9346484187e+00 -2.0000000000e-01 8.9388519779e-06 3.0000000000e+02 -1.4625781601e-13 2.5791938880e-14 8.9388520592e-14 1.4606435116e-13 -2.9439867748e-19 -2.5771938880e-14 -8.9388520672e-14 -3.0903597228e-14
d  2.9023958743e-03 2.0316762994e+00 -2.0000000000e-01 1.0933888416e-05 3.0000000000e+02 -1.6690122656e-13 2.6436071560e-14 1.0933888494e-13 1.6669805893e-13 -4.2698084574e-19 -2.6416071560e-14 -1.0933888526e-13 -3.0942675694e-14
d  3.0512863715e-03 2.1358996057e+00 -2.0000000000e-01 1.4408826736e-05 3.0000000000e+02 -2.0252022717e-13 2.7247246737e-14 1.4408826734e-13 2.0230663721e-13 -6.7767049458e-19 -2.7227246737e-14 -1.4408826880e-13 -3.0990444249e-14
d  3.2085594521e-03 2.2459907181e+00 -2.0000000000e-01 2.0916911356e-05 3.0000000000e+02 -2.6861663936e-13 2.8196592755e-14 2.0916911358e-13 2.6839204029e-13 -1.1854047671e-18 -2.8176592755e-14 -2.0916911566e-13 -3.1045146363e-14
d  3.3734058220e-03 2.3613831309e+00 -2.0000000000e-01 3.4166311060e-05 3.0000000000e+02 -4.0217017482e-13 2.9186811389e-14 3.4166310521e-13 4.0193403651e-13 -2.2927923260e-18 -2.9166811389e-14 -3.4166311402e-13 -3.1101818332e-14
d  3.5536698771e-03 2.4875679189e+00 -2.0000000000e-01 6.5179695735e-05 3.0000000000e+02 -7.1322648257e-13 3.0042829604e-14 6.5179682448e-13 7.1297772588e-13 -4.9525087812e-18 -3.0022829591e-14 -6.5179696399e-13 -3.1152981701e-14
d  3.5714290000e-03 2.4999993000e+00 -2.0000000000e-01 6.9880032438e-05 3.0000000000e+02 -7.6029213791e-13 3.0098057484e-14 6.9880035798e-13 7.6004213794e-13 -6.1114705943e-18 -3.0078057506e-14 -6.9880033129e-13 -3.1157675573e-14
d  3.5927399475e-03 2.5149169573e+00 -2.0000000000e-01 7.6054210117e-05 3.0000000000e+02 -8.2210902642e-13 3.0166111908e-14 7.6054213652e-13 8.2185753468e-13 -6.7833338749e-18 -3.0146111935e-14 -7.6054210869e-13 -3.1162569769e-14
d  3.6183130845e-03 2.5328181460e+00 -2.0000000000e-01 8.4317595296e-05 3.0000000000e+02 -9.0483523424e-13 3.0249777516e-14 8.4317595273e-13 9.0458195243e-13 -7.6237067853e-18 -3.0229777516e-14 -8.4317596139e-13 -3.1168622031e-14
d  3.6490008489e-03 2.5542995725e+00 -2.0000000000e-01 9.5630011719e-05 3.0000000000e+02 -1.0180705189e-12 3.0350041271e-14 9.5630011314e-13 1.0178150890e-12 -8.7766686751e-18 -3.0330041269e-14 -9.5630012676e-13 -3.1176133346e-14
d  3.6858261662e-03 2.5800772843e+00 -2.0000000000e-01 1.1156395698e-04 3.0000000000e+02 -1.1775471342e-12 3.0473361419e-14 1.1156395469e-12 1.1772891265e-12 -1.0417926323e-17 -3.0453361409e-14 -1.1156395810e-12 -3.1185767459e-14
d  3.7300165470e-03 2.6110105385e+00 -2.0000000000e-01 1.3487184845e-04 3.0000000000e+02 -1.4108181256e-12 3.0646138112e-14 1.3487183865e-12 1.4105570247e-12 -1.2883205440e-17 -3.0626138075e-14 -1.3487184983e-12 -3.1199508273e-14
d  3.7830450039e-03 2.6481304435e+00 -2.0000000000e-01 1.7064697716e-04 3.0000000000e+02 -1.7688285777e-12 3.0878229217e-14 1.7064693653e-12 1.7685637656e-12 -1.6768164794e-17 -3.0858229087e-14 -1.7064697898e-12 -3.1218985453e-14
d  3.8466791522e-03 2.6926743294e+00 -2.0000000000e-01 2.2907220969e-04 3.0000000000e+02 -2.3534503495e-12 3.1207208866e-14 2.2907203108e-12 2.3531810877e-12 -2.3305706809e-17 -3.1187208386e-14 -2.2907221262e-12 -3.1248463244e-14
d  3.9230401301e-03 2.7461269926e+00 -2.0000000000e-01 3.3348154068e-04 3.0000000000e+02 -3.3981610595e-12 3.1755090003e-14 3.3348150722e-12 3.3978864483e-12 -3.5688352964e-17 -3.1735089929e-14 -3.3348154418e-12 -3.1300266829e-14
d  4.0146733036e-03 2.8102701884e+00 -2.0000000000e-01 5.4928528090e-04 3.0000000000e+02 -5.5574252630e-12 3.2837754711e-14 5.4928485527e-12 5.5571442701e-12 -6.3906281500e-17 -3.2817753928e-14 -5.4928528994e-12 -3.1409704114e-14
d  4.1246331119e-03 2.8872420234e+00 -2.0000000000e-01 1.1504754859e-03 3.0000000000e+02 -1.1572675173e-11 3.5754295549e-14 1.1504752404e-11 1.1572386503e-11 -1.5768531060e-16 -3.5734295196e-14 -1.1504755029e-11 -3.1739518060e-14
d  4.1428570000e-03 2.8999987400e+00 -2.0000000000e-01 1.3305001426e-03 3.0000000000e+02 -1.3374666893e-11 3.7208269855e-14 1.3304997481e-11 1.3374376996e-11 -2.3039217297e-16 -3.7188267335e-14 -1.3305001666e-11 -3.1956690208e-14
d  4.1647256657e-03 2.9153067999e+00 -2.0000000000e-01 1.6145956816e-03 3.0000000000e+02 -1.6218186076e-11 3.9389331854e-14 1.6145947987e-11 1.6217894844e-11 -3.2156195563e-16 -3.9369325608e-14 -1.6145957286e-11 -3.2246708272e-14
d  4.1909680646e-03 2.9336764718e+00 -2.0000000000e-01 2.1252297487e-03 3.0000000000e+02 -2.1329183740e-11 4.3308252578e-14 2.1252290345e-11 2.1328890742e-11 -5.0228170916e-16 -4.3288248571e-14 -2.1252298076e-11 -3.2802197837e-14
d  4.2224589433e-03 2.9557200780e+00 -2.0000000000e-01 3.3110409593e-03 3.0000000000e+02 -3.3199155613e-11 5.3073545131e-14 3.3110402375e-11 3.3198860869e-11 -1.0372337562e-15 -5.3053542271e-14 -3.3110410757e-11 -3.4359355412e-14
d  4.2413534705e-03 2.9689462418e+00 -2.0000000000e-01 4.8476768954e-03 3.0000000000e+02 -4.8585066416e-11 6.8573964205e-14 4.8476755727e-11 4.8584772219e-11 -2.1253867103e-15 -6.8553957429e-14 -4.8476772151e-11 -3.7320749147e-14
d  4.2640269032e-03 2.9848176383e+00 -2.0000000000e-01 1.0265494172e-02 3.0000000000e+02 -1.0283518554e-10 1.2292488385e-13 1.0265489439e-10 1.0283493610e-10 -7.0542551515e-15 -1.2290488791e-13 -1.0265499181e-10 -4.9985183633e-14
d  4.2857140000e-03 2.9999986000e+00 -2.0000000000e-01 2.2219120538e-02 3.0000000000e+02 -2.2244334356e-10 1.6767368067e-13 2.2219128637e-10 2.2244284013e-10 -1.5275176970e-14 -1.6765366369e-13 -2.2219100416e-10 -6.8907249426e-14
d  4.3117385162e-03 3.0182157540e+00 -2.0000000000e-01 3.4225374093e-02 3.0000000000e+02 -3.4240181141e-10 8.6680242063e-14 3.4225384315e-10 3.4240124298e-10 -8.9883543507e-15 -8.6660254946e-14 -3.4225347768e-10 -5.2116483769e-14
d  4.3429679356e-03 3.0400763389e+00 -2.0000000000e-01 4.3998320850e-02 3.0000000000e+02 -4.4009051022e-10 5.9099879171e-14 4.3998300938e-10 4.4009080198e-10 -5.1067633840e-15 -5.9079847030e-14 -4.3998380877e-10 -4.2806523470e-14
d  4.3804432389e-03 3.0663090407e+00 -2.0000000000e-01 5.5159907064e-02 3.0000000000e+02 -5.5172035960e-10 6.8800011882e-14 5.5159896066e-10 5.5172042871e-10 -6.3743111855e-15 -6.8779993276e-14 -5.5159945195e-10 -4.5822655019e-14
d  4.4254136028e-03 3.0977882829e+00 -2.0000000000e-01 6.8971264917e-02 3.0000000000e+02 -6.8983772155e-10 7.0961169886e-14 6.8971262161e-10 6.8983751693e-10 -6.8890976069e-15 -7.0941165128e-14 -6.8971276124e-10 -4.6925456649e-14
d  4.4285710000e-03 3.0999984600e+00 -2.0000000000e-01 6.9952251047e-02 3.0000000000e+02 -6.9964740824e-10 7.0871617460e-14 6.9952247416e-10 6.9964719817e-10 -6.8638159563e-15 -7.0851527565e-14 -6.9952261757e-10 -4.6865358266e-14
d  4.4323598766e-03 3.1026506726e+00 -2.0000000000e-01 7.1133779882e-02 3.0000000000e+02 -7.1146294001e-10 7.1004701553e-14 7.1133776544e-10 7.1146271834e-10 -6.8993687478e-15 -7.0984597702e-14 -7.1133789473e-10 -4.6939767588e-14
d  4.4369065285e-03 3.1058333276e+00 -2.0000000000e-01 7.2556157300e-02 3.0000000000e+02 -7.2568679357e-10 7.1019706996e-14 7.2556152752e-10 7.2568661184e-10 -6.9219892188e-15 -7.0999593002e-14 -7.2556170932e-10 -4.6981014659e-14
d  4.4423625108e-03 3.1096525137e+00 -2.0000000000e-01 7.4268080272e-02 3.0000000000e+02 -7.4280607716e-10 7.1011487059e-14 7.4268074347e-10 7.4280594498e-10 -6.9446179899e-15 -7.0991367200e-14 -7.4268098916e-10 -4.7019949427e-14
d  4.4489096896e-03 3.1142355370e+00 -2.0000000000e-01 7.6329424906e-02 3.0000000000e+02 -7.6341961418e-10 7.1021095458e-14 7.6329417525e-10 7.6341953937e-10 -6.9736331266e-15 -7.1000974519e-14 -7.6329449354e-10 -4.7071346710e-14
d  4.4567663041e-03 3.1197351650e+00 -2.0000000000e-01 7.8813437989e-02 3.0000000000e+02 -7.8825987973e-10 7.1052623350e-14 7.8813429194e-10 7.8825986638e-10 -7.0101055803e-15 -7.1032506053e-14 -7.8813468664e-10 -4.7137265960e-14
d  4.4661942416e-03 3.1263347186e+00 -2.0000000000e-01 8.1809606471e-02 3.0000000000e+02 -8.1822174809e-10 7.1108551406e-14 8.1809596452e-10 8.1822179479e-10 -7.0548832989e-15 -7.1088441917e-14 -8.1809643245e-10 -4.7219146954e-14
d  4.4775077665e-03 3.1342541828e+00 -2.0000000000e-01 8.5427605351e-02 3.0000000000e+02 -8.5440198296e-10 7.1197391598e-14 8.5427594426e-10 8.5440208224e-10 -7.1096983525e-15 -7.1177293043e-14 -8.5427647495e-10 -4.7320418228e-14
d  4.4910839964e-03 3.1437575399e+00 -2.0000000000e-01 8.9803508373e-02 3.0000000000e+02 -8.9816136772e-10 7.1349236168e-14 8.9803496887e-10 8.9816151004e-10 -7.1794803742e-15 -7.1329150010e-14 -8.9803554958e-10 -4.7451940793e-14
d  4.5073754722e-03 3.1551615685e+00 -2.0000000000e-01 9.5104027735e-02 3.0000000000e+02 -9.5116699728e-10 7.1545467466e-14 9.5104016312e-10 9.5116715866e-10 -7.2620315222e-15 -7.1525395551e-14 -9.5104076390e-10 -4.7607426470e-14
d  4.5269252433e-03 3.1688464028e+00 -2.0000000000e-01 1.0153780098e-01 3.0000000000e+02 -1.0155053178e-09 7.1832940779e-14 1.0153778988e-09 1.0155054879e-09 -7.3648342886e-15 -7.1812881785e-14 -1.0153785070e-09 -4.7803265840e-14
d  4.5503849685e-03 3.1852682039e+00 -2.0000000000e-01 1.0936504211e-01 3.0000000000e+02 -1.0937784807e-09 7.2218697423e-14 1.0936503182e-09 1.0937786367e-09 -7.4896387754e-15 -7.2198650831e-14 -1.0936509067e-09 -4.8041757279e-14
d  4.5785366388e-03 3.2049743652e+00 -2.0000000000e-01 1.1891371764e-01 3.0000000000e+02 -1.1892662034e-09 7.2737372105e-14 1.1891370806e-09 1.1892663483e-09 -7.6425280275e-15 -7.2717335071e-14 -1.1891376538e-09 -4.8334744231e-14
d  4.6123186432e-03 3.2286217588e+00 -2.0000000000e-01 1.3059802037e-01 3.0000000000e+02 -1.3061104471e-09 7.3410267121e-14 1.3059801167e-09 1.3061105706e-09 -7.8280100663e-15 -7.3390238216e-14 -1.3059806631e-09 -4.8689207528e-14
d  4.6528570485e-03 3.2569986311e+00 -2.0000000000e-01 1.4494236236e-01 3.0000000000e+02 -1.4495553664e-09 7.4259440196e-14 1.4494235407e-09 1.4495554925e-09 -8.0512641445e-15 -7.4239416491e-14 -1.4494240899e-09 -4.9111914146e-14
d  4.7015031348e-03 3.2910508779e+00 -2.0000000000e-01 1.6261620747e-01 3.0000000000e+02 -1.6262956613e-09 7.5324245312e-14 1.6261619919e-09 1.6262958126e-09 -8.3213399873e-15 -7.5304224891e-14 -1.6261625714e-09 -4.9615682028e-14
d  4.7598784383e-03 3.3319135741e+00 -2.0000000000e-01 1.8447626841e-01 3.0000000000e+02 -1.8448985084e-09 7.6634690750e-14 1.8447625946e-09 1.8448987312e-09 -8.6481250319e-15 -7.6614671689e-14 -1.8447632586e-09 -5.0209848694e-14
d  4.8299288026e-03 3.3809488094e+00 -2.0000000000e-01 2.1162778622e-01 3.0000000000e+02 -2.1164164001e-09 7.8239336519e-14 2.1162777596e-09 2.1164167485e-09 -9.0486957694e-15 -7.8219317651e-14 -2.1162785699e-09 -5.0910570920e-14
d  4.9139892397e-03 3.4397910919e+00 -2.0000000000e-01 2.4548688316e-01 3.0000000000e+02 -2.4550105853e-09 8.0145215987e-14 2.4548687133e-09 2.4550110987e-09 -9.5418118728e-15 -8.0125197220e-14 -2.4548697136e-09 -5.1718151315e-14
d  5.0000000000e-03 3.4999986000e+00 -2.0000000000e-01 2.8149758704e-01 3.0000000000e+02 -2.8151208037e-09 8.2017686192e-14 2.8149757753e-09 2.8151211956e-09 -1.0065175737e-14 -8.1997671384e-14 -2.8149766405e-09 -5.2492263599e-14
d  5.1032129124e-03 3.5722476098e+00 -2.0000000000e-01 3.2640780159e-01 3.0000000000e+02 -3.2642266127e-09 8.4131358848e-14 3.2640780146e-09 3.2642262662e-09 -1.0742347586e-14 -8.4111358674e-14 -3.2640780593e-09 -5.3353238212e-14
d  5.1651406598e-03 3.6155970156e+00 -2.0000000000e-01 3.5418370365e-01 3.0000000000e+02 -3.5419877182e-09 8.5300968991e-14 3.5418370136e-09 3.5419875586e-09 -1.1182611392e-14 -8.5280964270e-14 -3.5418372738e-09 -5.3821172568e-14
d  5.2394539567e-03 3.6676163026e+00 -2.0000000000e-01 3.8828006256e-01 3.0000000000e+02 -3.8829537842e-09 8.6639327405e-14 3.8828006000e-09 3.8829536563e-09 -1.1774594057e-14 -8.6619322359e-14 -3.8828009033e-09 -5.4359080420e-14
d  5.3286299130e-03 3.7300394471e+00 -2.0000000000e-01 4.3022055699e-01 3.0000000000e+02 -4.3023616452e-09 8.8120695540e-14 4.3022055466e-09 4.3023615014e-09 -1.2601699014e-14 -8.8100691673e-14 -4.3022058421e-09 -5.4956908688e-14
d  5.4356410605e-03 3.8049472204e+00 -2.0000000000e-01 4.8191220654e-01 3.0000000000e+02 -4.8192816538e-09 8.9730625667e-14 4.8191220653e-09 4.8192812740e-09 -1.3835243820e-14 -8.9710625657e-14 -4.8191221143e-09 -5.5613820175e-14
d  5.5640544376e-03 3.8948365484e+00 -2.0000000000e-01 5.4572559748e-01 3.0000000000e+02 -5.4574199403e-09 9.1405975928e-14 5.4572559750e-09 5.4574195481e-09 -1.5817695793e-14 -9.1385975957e-14 -5.4572560266e-09 -5.6317783185e-14
d  5.7142860000e-03 3.9999986000e+00 -2.0000000000e-01 6.2262920549e-01 3.0000000000e+02 -6.2264617787e-09 9.3070914655e-14 6.2262920549e-09 6.2264613787e-09 -1.9153709848e-14 -9.3050914655e-14 -6.2262921172e-09 -5.7056890362e-14
d  5.8044249375e-03 4.0630958310e+00 -2.0000000000e-01 6.6983311860e-01 3.0000000000e+02 -6.6985047815e-09 9.3873186057e-14 6.6983311861e-09 6.6985043730e-09 -2.1830073376e-14 -9.3853186083e-14 -6.6983312507e-09 -5.7438977217e-14
d  5.8314666187e-03 4.0820250003e+00 -2.0000000000e-01 6.8413860411e-01 3.0000000000e+02 -6.8415608502e-09 9.4071155811e-14 6.8413860793e-09 6.8415599429e-09 -2.2742616634e-14 -9.4051173597e-14 -6.8413856104e-09 -5.7538715161e-14
d  5.8334947448e-03 4.0834446880e+00 -2.0000000000e-01 6.8521413273e-01 3.0000000000e+02 -6.8523162266e-09 9.4084401793e-14 6.8521412467e-09 6.8523168604e-09 -2.2812415839e-14 -9.4063963726e-14 -6.8521424387e-09 -5.7545263218e-14
d  5.8341031826e-03 4.0838705943e+00 -2.0000000000e-01 6.8553686142e-01 3.0000000000e+02 -6.8555435456e-09 9.4091883804e-14 6.8553685911e-09 6.8555434277e-09 -2.2834307133e-14 -9.4071397025e-14 -6.8553689740e-09 -5.7548645105e-14
d  5.8341944483e-03 4.0839344802e+00 -2.0000000000e-01 6.8558527351e-01 3.0000000000e+02 -6.8560276726e-09 9.4093966627e-14 6.8558527340e-09 6.8560272774e-09 -2.2837814178e-14 -9.4073815547e-14 -6.8558528171e-09 -5.7549670398e-14
d  5.8342492077e-03 4.0839728118e+00 -2.0000000000e-01 6.8561432098e-01 3.0000000000e+02 -6.8563181434e-09 9.4089251056e-14 6.8561432095e-09 6.8563177384e-09 -2.2838986303e-14 -9.4069168394e-14 -6.8561432820e-09 -5.7548055786e-14
d  5.8342574216e-03 4.0839785615e+00 -2.0000000000e-01 6.8561867841e-01 3.0000000000e+02 -6.8563617284e-09 9.4096514034e-14 6.8561867811e-09 6.8563613530e-09 -2.2839464260e-14 -9.4071988083e-14 -6.8561868931e-09 -5.7548593500e-14
d  5.8342623500e-03 4.0839820114e+00 -2.0000000000e-01 6.8562129266e-01 3.0000000000e+02 -6.8563878750e-09 9.4101467013e-14 6.8562129256e-09 6.8563874781e-09 -2.2840557432e-14 -9.4078344265e-14 -6.8562130118e-09 -5.7550830243e-14
