v ATLAS
# This file was created by ATLAS version 5.32.1.R on Wed Oct  7 15:08:24 2026.
#SSF 2.0 generic
##############################################################################
#                    Copyright (c) 1984 - 2021                               #
#                    Silvaco Inc. All rights reserved                        #
#                                                                            #
# This file format and the following Key are copyright Silvaco Inc.          #
# You may not use, this format or key without reproducing this message in    #
# full and obtaining express written permission from Silvaco Inc.            #
#                                                                            #
# To obtain such permission please contact: Silvaco Inc.                     #
#                                           support@silvaco.com              #
#                                                                            #
# KEY=SVC86hn7562asdx                       PROD=345                         #
##############################################################################
Q 10000 1 "V[1]" 5 1201 7 1
Q 10001 1 "V[2]" 5 1201 7 2
Q 10002 1 "V[3]" 5 1201 7 3
X 1 Vdrain
X 2 Vgate
X 3 Rtap
X 4 Adev_drain
X 5 Adev_source
X 6 Adev_gate
X 7 Adev_tap
X 8 Adev_substrate
p 13 61 10000 10001 10002 82 1301 1302 1303 1304 1305 1306 1307 1308
d  1.0000000000e-09 6.9999972000e-07 -2.0000000000e-01 5.4399521827e-08 3.0000000000e+02 -7.5646488314e-14 3.5392609176e-14 5.4400128313e-15 7.5646474224e-14 -1.1776135971e-15 -3.5372671771e-14 -5.4398324341e-15 -3.3656314477e-14
d  2.0000000000e-09 1.3999994400e-06 -2.0000000000e-01 9.5071232877e-08 3.0000000000e+02 -7.6123477862e-14 3.3267310820e-14 9.5072300698e-15 7.6123440694e-14 -7.3189604337e-16 -3.3247476120e-14 -9.5068070399e-15 -3.2637201569e-14
d  3.0000000000e-09 2.0999991600e-06 -2.0000000000e-01 1.2205580690e-07 3.0000000000e+02 -7.6439135603e-14 3.1856700617e-14 1.2205692112e-14 7.6439096759e-14 -4.3603229237e-16 -3.1836873100e-14 -1.2205250698e-14 -3.1960846799e-14
d  4.2000000000e-09 2.9399988240e-06 -2.0000000000e-01 1.4148356928e-07 3.0000000000e+02 -7.6666602564e-14 3.0841253578e-14 1.4148470264e-14 7.6666568529e-14 -2.2303539856e-16 -3.0821404219e-14 -1.4148068735e-14 -3.1473923622e-14
d  5.6400000000e-09 3.9479984208e-06 -2.0000000000e-01 1.5359520396e-07 3.0000000000e+02 -7.6808393423e-14 3.0208100606e-14 1.5359630112e-14 7.6808365809e-14 -9.0268216105e-17 -3.0188222131e-14 -1.5359287907e-14 -3.1170360991e-14
d  7.3680000000e-09 5.1575979370e-06 -2.0000000000e-01 1.5984546002e-07 3.0000000000e+02 -7.6881554784e-14 2.9881636612e-14 1.5984650217e-14 7.6881532723e-14 -2.1759387450e-17 -2.9861732798e-14 -1.5984361977e-14 -3.1013702293e-14
d  9.4416000000e-09 6.6091173564e-06 -2.0000000000e-01 1.6222213385e-07 3.0000000000e+02 -7.6909384296e-14 2.9757406117e-14 1.6222311739e-14 7.6909366690e-14 4.3017066926e-18 -2.9737481771e-14 -1.6222068663e-14 -3.0954126189e-14
d  1.1929920000e-08 8.3509406596e-06 -2.0000000000e-01 1.6259766064e-07 3.0000000000e+02 -7.6913792588e-14 2.9737662378e-14 1.6259857517e-14 7.6913778621e-14 8.4314290961e-18 -2.9717721000e-14 -1.6259653928e-14 -3.0944705254e-14
d  1.4915904000e-08 1.0441128624e-05 -2.0000000000e-01 1.6229518217e-07 3.0000000000e+02 -7.6910247221e-14 2.9753590992e-14 1.6229602554e-14 7.6910236086e-14 5.1115630245e-18 -2.9733636038e-14 -1.6229432045e-14 -3.0952279836e-14
d  1.8499084800e-08 1.2949354180e-05 -2.0000000000e-01 1.6198142349e-07 3.0000000000e+02 -7.6906582371e-14 2.9769910904e-14 1.6198219380e-14 7.6906573396e-14 1.6817387137e-18 -2.9749945192e-14 -1.6198076762e-14 -3.0960138542e-14
d  2.2798901760e-08 1.5959224848e-05 -2.0000000000e-01 1.6183370965e-07 3.0000000000e+02 -7.6904852185e-14 2.9777645348e-14 1.6183440866e-14 7.6904844781e-14 6.2769155659e-20 -2.9757671277e-14 -1.6183321373e-14 -3.0963836889e-14
d  2.7958682112e-08 1.9571069650e-05 -2.0000000000e-01 1.6180379834e-07 3.0000000000e+02 -7.6904503093e-14 2.9779312954e-14 1.6180442953e-14 7.6904496765e-14 -2.6423162954e-19 -2.9759332465e-14 -1.6180342520e-14 -3.0964584459e-14
d  3.4150418534e-08 2.3905283412e-05 -2.0000000000e-01 1.6181253150e-07 3.0000000000e+02 -7.6904604532e-14 2.9778818892e-14 1.6181310031e-14 7.6904598859e-14 -1.7202732709e-19 -2.9758833543e-14 -1.6181225133e-14 -3.0964364242e-14
d  4.1580502241e-08 2.9106339926e-05 -2.0000000000e-01 1.6182108392e-07 3.0000000000e+02 -7.6904707731e-14 2.9778370711e-14 1.6182159487e-14 7.6904702363e-14 -7.7613819738e-20 -2.9758381677e-14 -1.6182087423e-14 -3.0964149668e-14
d  5.0496602690e-08 3.5347607744e-05 -2.0000000000e-01 1.6182351524e-07 3.0000000000e+02 -7.6904738129e-14 2.9778242730e-14 1.6182397472e-14 7.6904732753e-14 -5.0595074459e-20 -2.9758250949e-14 -1.6182335814e-14 -3.0964088889e-14
d  6.1195923227e-08 4.2837129124e-05 -2.0000000000e-01 1.6182346881e-07 3.0000000000e+02 -7.6904742771e-14 2.9778212844e-14 1.6182388370e-14 7.6904737101e-14 -4.9401049300e-20 -2.9758219030e-14 -1.6182335064e-14 -3.0964091071e-14
d  7.4035107873e-08 5.1824554781e-05 -2.0000000000e-01 1.6182329835e-07 3.0000000000e+02 -7.6904742104e-14 2.9778246525e-14 1.6182367598e-14 7.6904735871e-14 -5.3792403993e-20 -2.9758251216e-14 -1.6182320876e-14 -3.0964097191e-14
d  8.9442129448e-08 6.2609465569e-05 -2.0000000000e-01 1.6182335829e-07 3.0000000000e+02 -7.6904748505e-14 2.9778250927e-14 1.6182370635e-14 7.6904741437e-14 -5.2959592680e-20 -2.9758254530e-14 -1.6182328951e-14 -3.0964098101e-14
d  1.0793055534e-07 7.5551358515e-05 -2.0000000000e-01 1.6182352559e-07 3.0000000000e+02 -7.6904755378e-14 2.9778234524e-14 1.6182385207e-14 7.6904747192e-14 -5.2964077365e-20 -2.9758237341e-14 -1.6182347186e-14 -3.0964097281e-14
d  1.3011666640e-07 9.1081630050e-05 -2.0000000000e-01 1.6182373224e-07 3.0000000000e+02 -7.6904764348e-14 2.9778201637e-14 1.6182404584e-14 7.6904754735e-14 -5.2072198619e-20 -2.9758203892e-14 -1.6182368927e-14 -3.0964096280e-14
d  1.5673999969e-07 1.0971795589e-04 -2.0000000000e-01 1.6182398898e-07 3.0000000000e+02 -7.6904772602e-14 2.9778184795e-14 1.6182429907e-14 7.6904761214e-14 -5.3655159037e-20 -2.9758186652e-14 -1.6182395359e-14 -3.0964095209e-14
d  1.8868799962e-07 1.3208154690e-04 -2.0000000000e-01 1.6182429357e-07 3.0000000000e+02 -7.6904785199e-14 2.9778164696e-14 1.6182460870e-14 7.6904771638e-14 -5.2950611606e-20 -2.9758166269e-14 -1.6182426363e-14 -3.0964093903e-14
d  2.2702559955e-07 1.5891785612e-04 -2.0000000000e-01 1.6182466301e-07 3.0000000000e+02 -7.6904799442e-14 2.9778119898e-14 1.6182499336e-14 7.6904783242e-14 -5.2941908267e-20 -2.9758121273e-14 -1.6182463688e-14 -3.0964092422e-14
d  2.7303071946e-07 1.9112142717e-04 -2.0000000000e-01 1.6182510927e-07 3.0000000000e+02 -7.6904816350e-14 2.9778093597e-14 1.6182546607e-14 7.6904796961e-14 -5.2912464672e-20 -2.9758094835e-14 -1.6182508577e-14 -3.0964090615e-14
d  3.2823686335e-07 2.2976571244e-04 -2.0000000000e-01 1.6182564635e-07 3.0000000000e+02 -7.6904836934e-14 2.9778038583e-14 1.6182604014e-14 7.6904813703e-14 -5.2942260368e-20 -2.9758039721e-14 -1.6182562475e-14 -3.0964088467e-14
d  3.9448423602e-07 2.7613885476e-04 -2.0000000000e-01 1.6182629252e-07 3.0000000000e+02 -7.6904860924e-14 2.9777989049e-14 1.6182673737e-14 7.6904833070e-14 -5.3235778074e-20 -2.9757990120e-14 -1.6182627219e-14 -3.0964085898e-14
d  4.7398108322e-07 3.3178662554e-04 -2.0000000000e-01 1.6182706588e-07 3.0000000000e+02 -7.6904890866e-14 2.9777915467e-14 1.6182757619e-14 7.6904857458e-14 -5.2645807236e-20 -2.9757916490e-14 -1.6182704645e-14 -3.0964082788e-14
d  5.6937729986e-07 3.9856395048e-04 -2.0000000000e-01 1.6182799634e-07 3.0000000000e+02 -7.6904925801e-14 2.9777845262e-14 1.6182859114e-14 7.6904885722e-14 -5.2939830234e-20 -2.9757846256e-14 -1.6182797747e-14 -3.0964079092e-14
d  6.8385275984e-07 4.7869674041e-04 -2.0000000000e-01 1.6182911334e-07 3.0000000000e+02 -7.6904967533e-14 2.9777748282e-14 1.6182981146e-14 7.6904919445e-14 -5.3129857248e-20 -2.9757749254e-14 -1.6182909490e-14 -3.0964074681e-14
d  8.2122331180e-07 5.7485608832e-04 -2.0000000000e-01 1.6183045214e-07 3.0000000000e+02 -7.6905017905e-14 2.9777633381e-14 1.6183127828e-14 7.6904960204e-14 -5.3082839964e-20 -2.9757634340e-14 -1.6183043395e-14 -3.0964069320e-14
d  9.8606797417e-07 6.9024730582e-04 -2.0000000000e-01 1.6183205792e-07 3.0000000000e+02 -7.6905078217e-14 2.9777497310e-14 1.6183303573e-14 7.6905008980e-14 -5.2957883962e-20 -2.9757498256e-14 -1.6183203998e-14 -3.0964062950e-14
d  1.1838815690e-06 8.2871676681e-04 -2.0000000000e-01 1.6183398410e-07 3.0000000000e+02 -7.6905150134e-14 2.9777331089e-14 1.6183515281e-14 7.6905067051e-14 -5.2948725079e-20 -2.9757332031e-14 -1.6183396623e-14 -3.0964055217e-14
d  1.4212578828e-06 9.9488012001e-04 -2.0000000000e-01 1.6183629425e-07 3.0000000000e+02 -7.6905235938e-14 2.9777133059e-14 1.6183769204e-14 7.6905136240e-14 -5.2962936271e-20 -2.9757133998e-14 -1.6183627644e-14 -3.0964046028e-14
d  1.7061094594e-06 1.1942761438e-03 -2.0000000000e-01 1.6183906374e-07 3.0000000000e+02 -7.6905338414e-14 2.9776891512e-14 1.6184073500e-14 7.6905218777e-14 -5.2869855561e-20 -2.9756892448e-14 -1.6183904600e-14 -3.0964034923e-14
d  2.0479313512e-06 1.4335513724e-03 -2.0000000000e-01 1.6184238433e-07 3.0000000000e+02 -7.6905460415e-14 2.9776606635e-14 1.6184438922e-14 7.6905316850e-14 -5.2955049668e-20 -2.9756607570e-14 -1.6184236659e-14 -3.0964021535e-14
d  2.4581176215e-06 1.7206816468e-03 -2.0000000000e-01 1.6184636406e-07 3.0000000000e+02 -7.6905605503e-14 2.9776262504e-14 1.6184876491e-14 7.6905433226e-14 -5.2951865201e-20 -2.9756263437e-14 -1.6184634636e-14 -3.0964005533e-14
d  2.9503411458e-06 2.0652379759e-03 -2.0000000000e-01 1.6185113275e-07 3.0000000000e+02 -7.6905778007e-14 2.9775846454e-14 1.6185113275e-14 7.6905571483e-14 -5.2741598456e-20 -2.9755846454e-14 -1.6185113291e-14 -3.0963985675e-14
d  3.5410093749e-06 2.4787055710e-03 -2.0000000000e-01 1.6185682556e-07 3.0000000000e+02 -7.6905658591e-14 2.9775864632e-14 1.6185682555e-14 7.6905410721e-14 -5.2992035950e-20 -2.9755864632e-14 -1.6185682572e-14 -3.0963990209e-14
d  4.2498112499e-06 2.9748666850e-03 -2.0000000000e-01 1.6186367197e-07 3.0000000000e+02 -7.6905915915e-14 2.9775237261e-14 1.6186367196e-14 7.6905618428e-14 -5.2931828785e-20 -2.9755237261e-14 -1.6186367213e-14 -3.0963960668e-14
d  5.1003734999e-06 3.5702600218e-03 -2.0000000000e-01 1.6187186232e-07 3.0000000000e+02 -7.6906139252e-14 2.9774610818e-14 1.6187186232e-14 7.6905782226e-14 -5.2931500207e-20 -2.9754610818e-14 -1.6187186248e-14 -3.0963931945e-14
d  6.1210481999e-06 4.2847320260e-03 -2.0000000000e-01 1.6188166308e-07 3.0000000000e+02 -7.6906399948e-14 2.9773855114e-14 1.6188166308e-14 7.6905971475e-14 -5.2953923207e-20 -2.9753855114e-14 -1.6188166324e-14 -3.0963897200e-14
d  7.3458578398e-06 5.1420984311e-03 -2.0000000000e-01 1.6189338516e-07 3.0000000000e+02 -7.6906702489e-14 2.9772941782e-14 1.6189338517e-14 7.6906188279e-14 -5.2950905062e-20 -2.9752941782e-14 -1.6189338532e-14 -3.0963855109e-14
d  8.8156294078e-06 6.1709381171e-03 -2.0000000000e-01 1.6190739757e-07 3.0000000000e+02 -7.6907050976e-14 2.9771836977e-14 1.6190739759e-14 7.6906433882e-14 -5.2931332765e-20 -2.9751836977e-14 -1.6190739774e-14 -3.0963804036e-14
d  1.0579355289e-05 7.4055457403e-03 -2.0000000000e-01 1.6192413779e-07 3.0000000000e+02 -7.6907448646e-14 2.9770499278e-14 1.6192413781e-14 7.6906708091e-14 -5.2930323805e-20 -2.9750499278e-14 -1.6192413795e-14 -3.0963741946e-14
d  1.2695826347e-05 8.8870748882e-03 -2.0000000000e-01 1.6194412355e-07 3.0000000000e+02 -7.6907897172e-14 2.9768876742e-14 1.6194412359e-14 7.6907008465e-14 -5.2930618635e-20 -2.9748876742e-14 -1.6194412371e-14 -3.0963666307e-14
d  1.5235591617e-05 1.0664909866e-02 -2.0000000000e-01 1.6196796762e-07 3.0000000000e+02 -7.6908395533e-14 2.9766905484e-14 1.6196796770e-14 7.6907329042e-14 -5.2931226707e-20 -2.9746905484e-14 -1.6196796778e-14 -3.0963573944e-14
d  1.8283309940e-05 1.2798311839e-02 -2.0000000000e-01 1.6199639543e-07 3.0000000000e+02 -7.6908938554e-14 2.9764505385e-14 1.6199639557e-14 7.6907658723e-14 -5.2935985394e-20 -2.9744505385e-14 -1.6199639560e-14 -3.0963460870e-14
d  2.1940571928e-05 1.5358394206e-02 -2.0000000000e-01 1.6203026718e-07 3.0000000000e+02 -7.6909515016e-14 2.9761577521e-14 1.6203026736e-14 7.6907979177e-14 -5.2929818078e-20 -2.9741577521e-14 -1.6203026734e-14 -3.0963322056e-14
d  2.6329286314e-05 1.8430493047e-02 -2.0000000000e-01 1.6207060727e-07 3.0000000000e+02 -7.6910105258e-14 2.9757997446e-14 1.6207060765e-14 7.6908262209e-14 -5.2928872036e-20 -2.9737997446e-14 -1.6207060744e-14 -3.0963151145e-14
d  3.1595743576e-05 2.2117011657e-02 -2.0000000000e-01 1.6211864439e-07 3.0000000000e+02 -7.6910678583e-14 2.9753609362e-14 1.6211864493e-14 7.6908466882e-14 -5.2928551672e-20 -2.9733609362e-14 -1.6211864456e-14 -3.0962940081e-14
d  3.7915492292e-05 2.6540833988e-02 -2.0000000000e-01 1.6217587013e-07 3.0000000000e+02 -7.6911190649e-14 2.9748217978e-14 1.6217587096e-14 7.6908536566e-14 -5.2930978319e-20 -2.9728217978e-14 -1.6217587029e-14 -3.0962678650e-14
d  4.5499190750e-05 3.1849420785e-02 -2.0000000000e-01 1.6224412756e-07 3.0000000000e+02 -7.6911581896e-14 2.9741577378e-14 1.6224412878e-14 7.6908396954e-14 -5.2929753901e-20 -2.9721577378e-14 -1.6224412772e-14 -3.0962353902e-14
d  5.4599628900e-05 3.8219724942e-02 -2.0000000000e-01 1.6232575068e-07 3.0000000000e+02 -7.6911778551e-14 2.9733379190e-14 1.6232575068e-14 7.6907956579e-14 -5.2927216325e-20 -2.9713379190e-14 -1.6232575084e-14 -3.0961949456e-14
d  6.5520154680e-05 4.5864089930e-02 -2.0000000000e-01 1.6242378658e-07 3.0000000000e+02 -7.6911698997e-14 2.9723236335e-14 1.6242378658e-14 7.6907112588e-14 -5.2928251460e-20 -2.9703236335e-14 -1.6242378675e-14 -3.0961444644e-14
d  7.8624785616e-05 5.5037327916e-02 -2.0000000000e-01 1.6254237195e-07 3.0000000000e+02 -7.6911272081e-14 2.9710664747e-14 1.6254237195e-14 7.6905768348e-14 -5.2927301152e-20 -2.9690664747e-14 -1.6254237211e-14 -3.0960813481e-14
d  9.4350342739e-05 6.6045213499e-02 -2.0000000000e-01 1.6268731697e-07 3.0000000000e+02 -7.6910470874e-14 2.9695058313e-14 1.6268731697e-14 7.6903866353e-14 -5.2926658828e-20 -2.9675058313e-14 -1.6268731713e-14 -3.0960023393e-14
d  1.1322101129e-04 7.9254676199e-02 -2.0000000000e-01 1.6286705397e-07 3.0000000000e+02 -7.6909374049e-14 2.9675656757e-14 1.6286705397e-14 7.6901448581e-14 -5.2929896995e-20 -2.9655656757e-14 -1.6286705413e-14 -3.0959033468e-14
d  1.3586581354e-04 9.5106031439e-02 -2.0000000000e-01 1.6309422329e-07 3.0000000000e+02 -7.6908277628e-14 2.9651499696e-14 1.6309422330e-14 7.6898767025e-14 -5.2933013072e-20 -2.9631499696e-14 -1.6309422345e-14 -3.0957792040e-14
d  1.6303957625e-04 1.1412765773e-01 -2.0000000000e-01 1.6338823619e-07 3.0000000000e+02 -7.6907870542e-14 2.9621348768e-14 1.6338823622e-14 7.6896457777e-14 -5.2937219012e-20 -2.9601348768e-14 -1.6338823636e-14 -3.0956232432e-14
d  1.9564809150e-04 1.3695360927e-01 -2.0000000000e-01 1.6377960176e-07 3.0000000000e+02 -7.6909521372e-14 2.9583547784e-14 1.6377960176e-14 7.6895826011e-14 -5.2944280746e-20 -2.9563547784e-14 -1.6377960193e-14 -3.0954265082e-14
d  2.3477830980e-04 1.6434475113e-01 -2.0000000000e-01 1.6431728437e-07 3.0000000000e+02 -7.6915734551e-14 2.9535756411e-14 1.6431728437e-14 7.6899300076e-14 -5.2952312775e-20 -2.9515756411e-14 -1.6431728454e-14 -3.0951762257e-14
d  2.8173457177e-04 1.9721412135e-01 -2.0000000000e-01 1.6508178079e-07 3.0000000000e+02 -7.6930912457e-14 2.9474432009e-14 1.6508178079e-14 7.6911191045e-14 -5.2963282500e-20 -2.9454432009e-14 -1.6508178095e-14 -3.0948527965e-14
d  3.3808208612e-04 2.3665736562e-01 -2.0000000000e-01 1.6620923645e-07 3.0000000000e+02 -7.6962702167e-14 2.9393820489e-14 1.6620923645e-14 7.6939036431e-14 -5.2976959050e-20 -2.9373820489e-14 -1.6620923662e-14 -3.0944239299e-14
d  3.7189059473e-04 2.6032331218e-01 -2.0000000000e-01 1.6701743409e-07 3.0000000000e+02 -7.6990527585e-14 2.9341264333e-14 1.6701743409e-14 7.6964495254e-14 -5.2988988106e-20 -2.9321264333e-14 -1.6701743426e-14 -3.0941434505e-14
d  4.1246080507e-04 2.8872244806e-01 -2.0000000000e-01 1.6813798682e-07 3.0000000000e+02 -7.7032947932e-14 2.9272494509e-14 1.6813798682e-14 7.7004075687e-14 -5.2997785478e-20 -2.9252494509e-14 -1.6813798699e-14 -3.0937729487e-14
d  4.6114505747e-04 3.2280141111e-01 -2.0000000000e-01 1.6973371460e-07 3.0000000000e+02 -7.7099080867e-14 2.9180636368e-14 1.6973371460e-14 7.7066800726e-14 -5.3004676274e-20 -2.9160636368e-14 -1.6973371477e-14 -3.0932739877e-14
d  5.1956616035e-04 3.6369616676e-01 -2.0000000000e-01 1.7207355032e-07 3.0000000000e+02 -7.7204004840e-14 2.9054398098e-14 1.7207355032e-14 7.7167635224e-14 -5.3003843517e-20 -2.9034398098e-14 -1.7207355050e-14 -3.0925829077e-14
d  5.8967148381e-04 4.1276987356e-01 -2.0000000000e-01 1.7561464759e-07 3.0000000000e+02 -7.7373569507e-14 2.8874848407e-14 1.7561464759e-14 7.7332292520e-14 -5.2984993135e-20 -2.8854848407e-14 -1.7561464777e-14 -3.0915926352e-14
d  6.7379787195e-04 4.7165832170e-01 -2.0000000000e-01 1.8115135232e-07 3.0000000000e+02 -7.7653674861e-14 2.8610082330e-14 1.8115135232e-14 7.7606509029e-14 -5.2920407876e-20 -2.8590082330e-14 -1.8115135250e-14 -3.0901238525e-14
d  7.7474953773e-04 5.4232445948e-01 -2.0000000000e-01 1.9007418416e-07 3.0000000000e+02 -7.8127693961e-14 2.8207162655e-14 1.9007418416e-14 7.8073461515e-14 -5.2753031928e-20 -2.8187162655e-14 -1.9007418435e-14 -3.0878827673e-14
d  8.9589153667e-04 6.2712382482e-01 -2.0000000000e-01 2.0476234876e-07 3.0000000000e+02 -7.8947659665e-14 2.7584396140e-14 2.0476234876e-14 7.8884947283e-14 -5.2359720625e-20 -2.7564396140e-14 -2.0476234897e-14 -3.0844263887e-14
d  1.0381047080e-03 7.2667300493e-01 -2.0000000000e-01 2.2832440210e-07 3.0000000000e+02 -8.0340803588e-14 2.6662119513e-14 2.2832440210e-14 8.0268136287e-14 -5.1523313697e-20 -2.6642119513e-14 -2.2832440233e-14 -3.0793525015e-14
d  1.1725229248e-03 8.2076571905e-01 -2.0000000000e-01 2.5679211001e-07 3.0000000000e+02 -8.2132782334e-14 2.5652503322e-14 2.5679211001e-14 8.2050705762e-14 -5.0249128101e-20 -2.5632503322e-14 -2.5679211027e-14 -3.0738941166e-14
d  1.2970850358e-03 9.0795916184e-01 -2.0000000000e-01 2.8735944987e-07 3.0000000000e+02 -8.4180876228e-14 2.4686284793e-14 2.8735945015e-14 8.4090080312e-14 -4.8587132518e-20 -2.4666284793e-14 -2.8735945016e-14 -3.0687801916e-14
d  1.4239970979e-03 9.9679756983e-01 -2.0000000000e-01 3.2056228265e-07 3.0000000000e+02 -8.6554301909e-14 2.3777365213e-14 3.2056228265e-14 8.6454622152e-14 -4.6533615884e-20 -2.3757365213e-14 -3.2056228297e-14 -3.0640982120e-14
d  1.5547609593e-03 1.0883322362e+00 -2.0000000000e-01 3.5463140512e-07 3.0000000000e+02 -8.9174463592e-14 2.3018773290e-14 3.5463140514e-14 8.9065630369e-14 -4.4325054142e-20 -2.2998773290e-14 -3.5463140547e-14 -3.0603672204e-14
d  1.6805534841e-03 1.1763869683e+00 -2.0000000000e-01 3.8611895138e-07 3.0000000000e+02 -9.1816275993e-14 2.2525037101e-14 3.8611895616e-14 9.1698637296e-14 -4.2552456646e-20 -2.2505037101e-14 -3.8611895176e-14 -3.0581662470e-14
d  1.8059006992e-03 1.2641299838e+00 -2.0000000000e-01 4.1762763995e-07 3.0000000000e+02 -9.4753852286e-14 2.2309112334e-14 4.1762764074e-14 9.4627439288e-14 -4.1850066197e-20 -2.2289112334e-14 -4.1762764037e-14 -3.0575521398e-14
d  1.9291092247e-03 1.3503759172e+00 -2.0000000000e-01 4.5411640636e-07 3.0000000000e+02 -9.8552129170e-14 2.2436770072e-14 4.5411640664e-14 9.8417091578e-14 -4.3268006343e-20 -2.2416770072e-14 -4.5411640682e-14 -3.0588637527e-14
d  2.0559345449e-03 1.4391536058e+00 -2.0000000000e-01 5.1115718089e-07 3.0000000000e+02 -1.0495336698e-13 2.3082767879e-14 5.1115718067e-14 1.0480945162e-13 -4.9093133941e-20 -2.3062767879e-14 -5.1115718140e-14 -3.0630916511e-14
d  2.1428570000e-03 1.4999993000e+00 -2.0000000000e-01 5.7595835113e-07 3.0000000000e+02 -1.1241703855e-13 2.4004685932e-14 5.7595835028e-14 1.1226703862e-13 -5.8585462485e-20 -2.3984685932e-14 -5.7595835170e-14 -3.0686458919e-14
d  2.2471639461e-03 1.5730141331e+00 -2.0000000000e-01 7.1338787331e-07 3.0000000000e+02 -1.2808814713e-13 2.5819732466e-14 7.1338787288e-14 1.2793084571e-13 -7.9714467090e-20 -2.5799732466e-14 -7.1338787402e-14 -3.0792246124e-14
d  2.3723322815e-03 1.6606319328e+00 -2.0000000000e-01 1.0692659153e-06 3.0000000000e+02 -1.6715387997e-13 2.9102492887e-14 1.0692659176e-13 1.6698781678e-13 -1.3296184735e-19 -2.9082492887e-14 -1.0692659164e-13 -3.0978599293e-14
d  2.5225342839e-03 1.7657732924e+00 -2.0000000000e-01 2.2706006039e-06 3.0000000000e+02 -2.9197535861e-13 3.3535858530e-14 2.2706006146e-13 2.9179878128e-13 -3.0171851068e-19 -3.3515858530e-14 -2.2706006062e-13 -3.1222560389e-14
d  2.7027766868e-03 1.8919429239e+00 -2.0000000000e-01 7.6017722210e-06 3.0000000000e+02 -8.2692665695e-13 3.5271123539e-14 7.6017711129e-13 8.2673746267e-13 -9.8008109210e-19 -3.5251123537e-14 -7.6017722286e-13 -3.1308136123e-14
d  2.9112339005e-03 2.0378629152e+00 -2.0000000000e-01 3.1460381995e-05 3.0000000000e+02 -3.2097152995e-12 3.2344693076e-14 3.1460442645e-12 3.2095115123e-12 -3.5938264912e-18 -3.2324693133e-14 -3.1460382016e-12 -3.1145025521e-14
d  3.0353648944e-03 2.1247545762e+00 -2.0000000000e-01 6.8007351912e-05 3.0000000000e+02 -6.8628672290e-12 3.0857483639e-14 6.8007351913e-12 6.8626547536e-12 -8.0349351703e-18 -3.0837483639e-14 -6.8007351980e-12 -3.1074010169e-14
d  3.1843220871e-03 2.2290245694e+00 -2.0000000000e-01 1.5970730177e-04 3.0000000000e+02 -1.6032070095e-11 3.0068496999e-14 1.5970730652e-11 1.6031847192e-11 -1.7525898496e-17 -3.0048497005e-14 -1.5970730193e-11 -3.1050985698e-14
d  3.3630707184e-03 2.3541485612e+00 -2.0000000000e-01 4.0673592024e-04 3.0000000000e+02 -4.0734320091e-11 2.9411289761e-14 4.0673592021e-11 4.0734084676e-11 -3.9913273251e-17 -2.9391289761e-14 -4.0673592065e-11 -3.1061408071e-14
d  3.5714290000e-03 2.4999993000e+00 -2.0000000000e-01 1.0905212074e-03 3.0000000000e+02 -1.0911266746e-10 2.9065833949e-14 1.0905211758e-10 1.0911241748e-10 -9.5622294753e-17 -2.9045833919e-14 -1.0905212087e-10 -3.1155155582e-14
d  3.8214589380e-03 2.6750201866e+00 -2.0000000000e-01 3.1841671249e-03 3.0000000000e+02 -3.1847815141e-10 2.9463354007e-14 3.1841658140e-10 3.1847788611e-10 -2.4839097232e-16 -2.9443352981e-14 -3.1841671501e-10 -3.1479356628e-14
d  4.0792420322e-03 2.8554682804e+00 -2.0000000000e-01 8.7754386213e-03 3.0000000000e+02 -8.7760859950e-10 3.1488937296e-14 8.7754386210e-10 8.7760831395e-10 -6.3482420831e-16 -3.1468937295e-14 -8.7754386301e-10 -3.2347182695e-14
d  4.1428570000e-03 2.8999987400e+00 -2.0000000000e-01 1.1132560473e-02 3.0000000000e+02 -1.1133231490e-09 3.3001096880e-14 1.1132560590e-09 1.1133228581e-09 -8.9177501924e-16 -3.2981097152e-14 -1.1132560476e-09 -3.2937631238e-14
d  4.2191949613e-03 2.9534352915e+00 -2.0000000000e-01 1.4715053037e-02 3.0000000000e+02 -1.4715748258e-09 3.4527284226e-14 1.4715053400e-09 1.4715745267e-09 -1.1637521839e-15 -3.4507285131e-14 -1.4715053014e-09 -3.3554269098e-14
d  4.2857140000e-03 2.9999986000e+00 -2.0000000000e-01 1.8646806196e-02 3.0000000000e+02 -1.8647526066e-09 3.6081021569e-14 1.8646795186e-09 1.8647524599e-09 -1.4414928998e-15 -3.6060991895e-14 -1.8646807748e-09 -3.4182625534e-14
d  4.3655368464e-03 3.0558745702e+00 -2.0000000000e-01 2.4560729680e-02 3.0000000000e+02 -2.4561484088e-09 3.8257218653e-14 2.4560730084e-09 2.4561480954e-09 -1.8317919276e-15 -3.8237219603e-14 -2.4560729626e-09 -3.5063786638e-14
d  4.4285710000e-03 3.0999984600e+00 -2.0000000000e-01 3.0304409930e-02 3.0000000000e+02 -3.0305196699e-09 4.0297360346e-14 3.0304408161e-09 3.0305194043e-09 -2.1975803558e-15 -4.0277355461e-14 -3.0304410404e-09 -3.5888959890e-14
d  4.5042119843e-03 3.1529471278e+00 -2.0000000000e-01 3.8613594626e-02 3.0000000000e+02 -3.8614423590e-09 4.2951689695e-14 3.8613583424e-09 3.8614424202e-09 -2.6776811575e-15 -4.2931662204e-14 -3.8613598430e-09 -3.6967876735e-14
d  4.5949811654e-03 3.2164855292e+00 -2.0000000000e-01 5.0820865534e-02 3.0000000000e+02 -5.0821749139e-09 4.6380628395e-14 5.0820840025e-09 5.0821757785e-09 -3.3043032482e-15 -4.6360576566e-14 -5.0820877447e-09 -3.8368848706e-14
d  4.7039041828e-03 3.2927316109e+00 -2.0000000000e-01 6.8876665597e-02 3.0000000000e+02 -6.8877617394e-09 5.0646774324e-14 6.8876666123e-09 6.8877613754e-09 -4.0949418169e-15 -5.0626775209e-14 -6.8876665319e-09 -4.0121872367e-14
d  4.8346118036e-03 3.3842269088e+00 -2.0000000000e-01 9.5442498741e-02 3.0000000000e+02 -9.5443530219e-09 5.5615127527e-14 9.5442499439e-09 9.5443526174e-09 -5.0332462961e-15 -5.5595128501e-14 -9.5442498176e-09 -4.2171446230e-14
d  4.9914609486e-03 3.4940212664e+00 -2.0000000000e-01 1.3394012023e-01 3.0000000000e+02 -1.3394123937e-08 6.1066482481e-14 1.3394012112e-08 1.3394123468e-08 -6.0894766183e-15 -6.1046483513e-14 -1.3394011917e-08 -4.4415190092e-14
d  5.0000000000e-03 3.4999986000e+00 -2.0000000000e-01 1.3622890172e-01 3.0000000000e+02 -1.3623002246e-08 6.1167722179e-14 1.3622885505e-08 1.3623008322e-08 -6.1103497970e-15 -6.1147045682e-14 -1.3622896613e-08 -4.4451771309e-14
d  5.0102468617e-03 3.5071714003e+00 -2.0000000000e-01 1.3900048834e-01 3.0000000000e+02 -1.3900161425e-08 6.1489736753e-14 1.3900043228e-08 1.3900168956e-08 -6.1739245126e-15 -6.1468741727e-14 -1.3900056731e-08 -4.4583007369e-14
d  5.0225430957e-03 3.5157787606e+00 -2.0000000000e-01 1.4236226894e-01 3.0000000000e+02 -1.4236340112e-08 6.1879239769e-14 1.4236226969e-08 1.4236339653e-08 -6.2512991271e-15 -6.1859250898e-14 -1.4236226800e-08 -4.4742450855e-14
d  5.0372985764e-03 3.5261075931e+00 -2.0000000000e-01 1.4644745647e-01 3.0000000000e+02 -1.4644859607e-08 6.2338935488e-14 1.4644745737e-08 1.4644859122e-08 -6.3428939228e-15 -6.2318946505e-14 -1.4644745530e-08 -4.4930107014e-14
d  5.0550051534e-03 3.5385021920e+00 -2.0000000000e-01 1.5142244734e-01 3.0000000000e+02 -1.5142359578e-08 6.2888264180e-14 1.5142244838e-08 1.5142359064e-08 -6.4526811137e-15 -6.2868274875e-14 -1.5142244590e-08 -4.5153917364e-14
d  5.0762530457e-03 3.5533757107e+00 -2.0000000000e-01 1.5749610717e-01 3.0000000000e+02 -1.5749726613e-08 6.3541297275e-14 1.5749610830e-08 1.5749726076e-08 -6.5838363913e-15 -6.3521306989e-14 -1.5749610552e-08 -4.5419454916e-14
d  5.1017505165e-03 3.5712239331e+00 -2.0000000000e-01 1.6493503925e-01 3.0000000000e+02 -1.6493621111e-08 6.4343911095e-14 1.6493504051e-08 1.6493620544e-08 -6.7445985575e-15 -6.4323920073e-14 -1.6493503732e-08 -4.5743581539e-14
d  5.1323474815e-03 3.5926418000e+00 -2.0000000000e-01 1.7406857819e-01 3.0000000000e+02 -1.7406976445e-08 6.5235598411e-14 1.7406857949e-08 1.7406975857e-08 -6.9278204127e-15 -6.5215606141e-14 -1.7406857608e-08 -4.6105547445e-14
d  5.1507056605e-03 3.6054925201e+00 -2.0000000000e-01 1.7965468427e-01 3.0000000000e+02 -1.7965587904e-08 6.5762891197e-14 1.7965468511e-08 1.7965587392e-08 -7.0368772134e-15 -6.5742898573e-14 -1.7965468294e-08 -4.6318538854e-14
d  5.1520825239e-03 3.6064563242e+00 -2.0000000000e-01 1.8007678542e-01 3.0000000000e+02 -1.8007798074e-08 6.5797402223e-14 1.8007678044e-08 1.8007798624e-08 -7.0440766408e-15 -6.5776947175e-14 -1.8007679471e-08 -4.6332194946e-14
d  5.1521857887e-03 3.6065286095e+00 -2.0000000000e-01 1.8010846002e-01 3.0000000000e+02 -1.8010965548e-08 6.5806895324e-14 1.8010848218e-08 1.8010960822e-08 -7.0507054664e-15 -6.5813635846e-14 -1.8010841612e-08 -4.6347396629e-14
d  5.1522477475e-03 3.6065719806e+00 -2.0000000000e-01 1.8012746870e-01 3.0000000000e+02 -1.8012866311e-08 6.5725763595e-14 1.8012747697e-08 1.8012864222e-08 -7.0375626257e-15 -6.5726969799e-14 -1.8012745124e-08 -4.6316086515e-14
d  5.1522523944e-03 3.6065752335e+00 -2.0000000000e-01 1.8012889567e-01 3.0000000000e+02 -1.8013008825e-08 6.5576824763e-14 1.8012889569e-08 1.8013008458e-08 -7.0117630515e-15 -6.5557409028e-14 -1.8012889578e-08 -4.6254901560e-14
d  5.1522551826e-03 3.6065771852e+00 -2.0000000000e-01 1.8012974988e-01 3.0000000000e+02 -1.8013094523e-08 6.5816575414e-14 1.8012974426e-08 1.8013095668e-08 -6.9853836066e-15 -6.5488869911e-14 -1.8012977016e-08 -4.6196974240e-14
d  5.1522568555e-03 3.6065783562e+00 -2.0000000000e-01 1.8013026075e-01 3.0000000000e+02 -1.8013146260e-08 6.6397813578e-14 1.8013026235e-08 1.8013145456e-08 -7.1515252533e-15 -6.6522999852e-14 -1.8013025412e-08 -4.6588452838e-14
