v ATLAS
# This file was created by ATLAS version 5.32.1.R on Fri Oct  9 00:52:34 2026.
#SSF 2.0 generic
##############################################################################
#                    Copyright (c) 1984 - 2021                               #
#                    Silvaco Inc. All rights reserved                        #
#                                                                            #
# This file format and the following Key are copyright Silvaco Inc.          #
# You may not use, this format or key without reproducing this message in    #
# full and obtaining express written permission from Silvaco Inc.            #
#                                                                            #
# To obtain such permission please contact: Silvaco Inc.                     #
#                                           support@silvaco.com              #
#                                                                            #
# KEY=SVC86hn7562asdx                       PROD=345                         #
##############################################################################
Q 10000 1 "V[1]" 5 1201 7 1
Q 10001 1 "V[2]" 5 1201 7 2
Q 10002 1 "V[3]" 5 1201 7 3
X 1 Vdrain
X 2 Vgate
X 3 Rtap
X 4 Adev_drain
X 5 Adev_source
X 6 Adev_gate
X 7 Adev_tap
X 8 Adev_substrate
p 13 61 10000 10001 10002 82 1301 1302 1303 1304 1305 1306 1307 1308
d  1.0000000000e-09 6.9999996500e-07 -2.0000000000e-01 5.5956940686e-08 3.0000000000e+02 -7.7626936103e-14 3.6964685994e-14 5.5894366324e-15 7.7628422551e-14 -1.2105267489e-15 -3.6938269741e-14 -5.6080439358e-15 -3.3870492139e-14
d  2.0000000000e-09 1.3999999300e-06 -2.0000000000e-01 9.7724525415e-08 3.0000000000e+02 -7.8129784746e-14 3.4830727183e-14 9.7724810979e-15 7.8129774431e-14 -7.5377401044e-16 -3.4810771103e-14 -9.7723680228e-15 -3.2830434541e-14
d  3.0000000000e-09 2.0999998950e-06 -2.0000000000e-01 1.2548832662e-07 3.0000000000e+02 -7.8464835277e-14 3.3345307004e-14 1.2548803051e-14 7.8464845619e-14 -4.4895717179e-16 -3.3325261452e-14 -1.2548920339e-14 -3.2132568578e-14
d  4.2000000000e-09 2.9399998530e-06 -2.0000000000e-01 1.4547860172e-07 3.0000000000e+02 -7.8705371177e-14 3.2315095764e-14 1.4547851243e-14 7.8705373614e-14 -2.2958583280e-16 -3.2295083969e-14 -1.4547882883e-14 -3.1632690706e-14
d  5.6400000000e-09 3.9479998026e-06 -2.0000000000e-01 1.5794054862e-07 3.0000000000e+02 -7.8855538096e-14 3.1667739809e-14 1.5794024648e-14 7.8855545404e-14 -9.2871496022e-17 -3.1647706561e-14 -1.5794118872e-14 -3.1320736369e-14
d  7.3680000000e-09 5.1575997421e-06 -2.0000000000e-01 1.6437059921e-07 3.0000000000e+02 -7.8933150951e-14 3.1334084128e-14 1.6436988293e-14 7.8933165654e-14 -2.2347597007e-17 -3.1314018449e-14 -1.6437186356e-14 -3.1159784700e-14
d  9.4416000000e-09 6.6091196695e-06 -2.0000000000e-01 1.6681481712e-07 3.0000000000e+02 -7.8962704863e-14 3.1207240448e-14 1.6681387488e-14 7.8962720885e-14 4.4596901174e-18 -3.1187168446e-14 -1.6681620310e-14 -3.1098619206e-14
d  1.1929920000e-08 8.3509435825e-06 -2.0000000000e-01 1.6720054020e-07 3.0000000000e+02 -7.8967334994e-14 3.1187055600e-14 1.6719978574e-14 7.8967345290e-14 8.6948617805e-18 -3.1167007558e-14 -1.6720146507e-14 -3.1088974693e-14
d  1.4915904000e-08 1.0441132278e-05 -2.0000000000e-01 1.6688848279e-07 3.0000000000e+02 -7.8963116383e-14 3.1202951192e-14 1.6688924840e-14 7.8963105926e-14 5.2687491347e-18 -3.1182991816e-14 -1.6688770100e-14 -3.1096755127e-14
d  1.8499084800e-08 1.2949358713e-05 -2.0000000000e-01 1.6656438775e-07 3.0000000000e+02 -7.8958496848e-14 3.1218829033e-14 1.6656789777e-14 7.8958459587e-14 1.7381166106e-18 -3.1198984252e-14 -1.6656140040e-14 -3.1104787241e-14
d  2.2798901760e-08 1.5959230434e-05 -2.0000000000e-01 1.6640561101e-07 3.0000000000e+02 -7.8954253605e-14 3.1224873573e-14 1.6641774774e-14 7.8954148377e-14 7.4453229306e-20 -3.1205320823e-14 -1.6639700272e-14 -3.1108484691e-14
d  2.7958682112e-08 1.9571076500e-05 -2.0000000000e-01 1.6634984206e-07 3.0000000000e+02 -7.8946514289e-14 3.1221156620e-14 1.6638896578e-14 7.8946233968e-14 -2.6118910891e-19 -3.1202358087e-14 -1.6632671730e-14 -3.1108953110e-14
d  3.4150418534e-08 2.3905291779e-05 -2.0000000000e-01 1.6631435499e-07 3.0000000000e+02 -7.8934850560e-14 3.1210543782e-14 1.6640015166e-14 7.8934339580e-14 -1.6424136452e-19 -3.1192739475e-14 -1.6627209572e-14 -3.1108147376e-14
d  4.1580502241e-08 2.9106350114e-05 -2.0000000000e-01 1.6627693748e-07 3.0000000000e+02 -7.8923975305e-14 3.1198939083e-14 1.6641149236e-14 7.8923307864e-14 -6.7235206463e-20 -3.1181808740e-14 -1.6622170884e-14 -3.1107260987e-14
d  5.0496602690e-08 3.5347620115e-05 -2.0000000000e-01 1.6626468768e-07 3.0000000000e+02 -7.8921711688e-14 3.1193389759e-14 1.6641677554e-14 7.8921082261e-14 -3.8794258041e-20 -3.1176092768e-14 -1.6621266693e-14 -3.1106842282e-14
d  6.1195923227e-08 4.2837144117e-05 -2.0000000000e-01 1.6626134162e-07 3.0000000000e+02 -7.8922063869e-14 3.1193886748e-14 1.6641965371e-14 7.8921516661e-14 -3.6859291456e-20 -3.1176231444e-14 -1.6621621679e-14 -3.1106853677e-14
d  7.4035107873e-08 5.1824572920e-05 -2.0000000000e-01 1.6625911725e-07 3.0000000000e+02 -7.8922496955e-14 3.1194751600e-14 1.6642357277e-14 7.8922021776e-14 -4.3534362758e-20 -3.1176781340e-14 -1.6622005390e-14 -3.1106897354e-14
d  8.9442129448e-08 6.2609487483e-05 -2.0000000000e-01 1.6625879912e-07 3.0000000000e+02 -7.8923063642e-14 3.1195131417e-14 1.6642876155e-14 7.8922652602e-14 -4.2831786747e-20 -3.1176879506e-14 -1.6622515630e-14 -3.1106904342e-14
d  1.0793055534e-07 7.5551384958e-05 -2.0000000000e-01 1.6626023950e-07 3.0000000000e+02 -7.8923768204e-14 3.1195497972e-14 1.6643509896e-14 7.8923413612e-14 -4.2611768491e-20 -3.1176996685e-14 -1.6623139605e-14 -3.1106912173e-14
d  1.3011666640e-07 9.1081661929e-05 -2.0000000000e-01 1.6626348785e-07 3.0000000000e+02 -7.8924630213e-14 3.1195844170e-14 1.6644271283e-14 7.8924324686e-14 -4.1292575299e-20 -3.1177124281e-14 -1.6623885150e-14 -3.1106921874e-14
d  1.5673999969e-07 1.0971799429e-04 -2.0000000000e-01 1.6626876422e-07 3.0000000000e+02 -7.8925676596e-14 3.1196204559e-14 1.6645180161e-14 7.8925413353e-14 -4.3068652741e-20 -3.1177294011e-14 -1.6624779721e-14 -3.1106933266e-14
d  1.8868799962e-07 1.3208159313e-04 -2.0000000000e-01 1.6627630835e-07 3.0000000000e+02 -7.8926949901e-14 3.1196583606e-14 1.6646268437e-14 7.8926722630e-14 -4.2382496495e-20 -3.1177508044e-14 -1.6625851712e-14 -3.1106947343e-14
d  2.2702559955e-07 1.5891791174e-04 -2.0000000000e-01 1.6628643362e-07 3.0000000000e+02 -7.8928487822e-14 3.1196957478e-14 1.6647574284e-14 7.8928290736e-14 -4.2358221364e-20 -3.1177739968e-14 -1.6627137424e-14 -3.1106964302e-14
