v ATLAS
# This file was created by ATLAS version 5.32.1.R on Sat Oct 10 08:54:02 2026.
#SSF 2.0 generic
##############################################################################
#                    Copyright (c) 1984 - 2021                               #
#                    Silvaco Inc. All rights reserved                        #
#                                                                            #
# This file format and the following Key are copyright Silvaco Inc.          #
# You may not use, this format or key without reproducing this message in    #
# full and obtaining express written permission from Silvaco Inc.            #
#                                                                            #
# To obtain such permission please contact: Silvaco Inc.                     #
#                                           support@silvaco.com              #
#                                                                            #
# KEY=SVC86hn7562asdx                       PROD=345                         #
##############################################################################
Q 10000 1 "V[4]" 5 1201 7 1
Q 10001 1 "V[2]" 5 1201 7 2
Q 10002 1 "V[1]" 5 1201 7 3
Q 10003 1 "V[3]" 5 1201 7 4
X 1 Vdrain
X 2 Vgate
X 3 Rdrain
X 4 Rtap
X 5 Adev_drain
X 6 Adev_source
X 7 Adev_gate
X 8 Adev_tap
X 9 Adev_substrate
p 15 61 10000 10001 10002 10003 82 1301 1302 1303 1304 1305 1306 1307 1308 1309
d  1.0000000000e-09 6.9999996500e-07 -2.0000000000e-01 6.9239160461e-07 7.0712871528e-08 3.0000000000e+02 -7.6083603939e-14 3.4552007796e-14 7.6051116042e-14 7.0642508855e-15 7.6086124138e-14 -1.2835110474e-15 -3.4525007515e-14 -7.0854451412e-15 -3.3287618370e-14
d  2.0000000000e-09 1.3999999300e-06 -2.0000000000e-01 1.3921889523e-06 1.2451525789e-07 3.0000000000e+02 -7.8109776700e-14 3.2328536158e-14 7.8109728647e-14 1.2451556914e-14 7.8109762945e-14 -8.2432230644e-16 -3.2308583734e-14 -1.2451432741e-14 -3.2505030847e-14
d  3.0000000000e-09 2.0999998950e-06 -2.0000000000e-01 2.0921707728e-06 1.6045706226e-07 3.0000000000e+02 -7.8291222373e-14 3.0330863645e-14 7.8291200892e-14 1.6045670155e-14 7.8291238871e-14 -4.8934605630e-16 -3.0310808943e-14 -1.6045814441e-14 -3.1438575929e-14
d  4.2000000000e-09 2.9399998530e-06 -2.0000000000e-01 2.9321321215e-06 1.8649306161e-07 3.0000000000e+02 -7.8677315146e-14 2.9010394688e-14 7.8677230751e-14 1.8649294123e-14 7.8677320528e-14 -2.5261743311e-16 -2.8990379406e-14 -1.8649337485e-14 -3.0784809364e-14
d  5.6400000000e-09 3.9479998026e-06 -2.0000000000e-01 3.9401066547e-06 2.0286618600e-07 3.0000000000e+02 -7.8931479174e-14 2.8181961632e-14 7.8931290379e-14 2.0286583316e-14 7.8931492258e-14 -1.0408256121e-16 -2.8161924071e-14 -2.0286694896e-14 -3.0378670049e-14
d  7.3680000000e-09 5.1575997421e-06 -2.0000000000e-01 5.1496933849e-06 2.1142674783e-07 3.0000000000e+02 -7.9063573113e-14 2.7748671172e-14 7.9063246043e-14 2.1142596959e-14 7.9063596682e-14 -2.6416348978e-17 -2.7728601816e-14 -2.1142814753e-14 -3.0165908205e-14
d  9.4416000000e-09 6.6091196695e-06 -2.0000000000e-01 6.6012081677e-06 2.1476333543e-07 3.0000000000e+02 -7.9115018750e-14 2.7579697923e-14 7.9114673516e-14 2.1476238398e-14 7.9115042032e-14 3.8604984051e-18 -2.7559627109e-14 -2.1476476016e-14 -3.0082965955e-14
d  1.1929920000e-08 8.3509435825e-06 -2.0000000000e-01 8.3430311794e-06 2.1535366835e-07 3.0000000000e+02 -7.9124031325e-14 2.7549589812e-14 7.9123834486e-14 2.1535306433e-14 7.9124042512e-14 9.2269105032e-18 -2.7529552291e-14 -2.1535442174e-14 -3.0068290017e-14
d  1.4915904000e-08 1.0441132278e-05 -2.0000000000e-01 1.0433220511e-05 2.1497728172e-07 3.0000000000e+02 -7.9117666597e-14 2.7568287850e-14 7.9118129989e-14 2.1497885887e-14 7.9117636814e-14 5.8172426081e-18 -2.7548369586e-14 -2.1497564383e-14 -3.0077595349e-14
d  1.8499084800e-08 1.2949358713e-05 -2.0000000000e-01 1.2941447688e-05 2.1455348898e-07 3.0000000000e+02 -7.9110243612e-14 2.7588730854e-14 7.9111765216e-14 2.1455908538e-14 7.9110159734e-14 2.0081880780e-18 -2.7568972771e-14 -2.1454864690e-14 -3.0088018212e-14
d  2.2798901760e-08 1.5959230434e-05 -2.0000000000e-01 1.5951320018e-05 2.1433620186e-07 3.0000000000e+02 -7.9104162248e-14 2.7597352927e-14 7.9108704616e-14 2.1435427435e-14 7.9103941821e-14 1.4096848668e-19 -2.7578004476e-14 -2.1432317512e-14 -3.0093058779e-14
d  2.7958682112e-08 1.9571076500e-05 -2.0000000000e-01 1.9563166856e-05 2.1426045939e-07 3.0000000000e+02 -7.9096435663e-14 2.7595296891e-14 7.9108206268e-14 2.1431040042e-14 7.9095934193e-14 -2.6951480570e-19 -2.7576798224e-14 -2.1423046841e-14 -3.0093984577e-14
d  3.4150418534e-08 2.3905291779e-05 -2.0000000000e-01 2.3897383278e-05 2.1421588823e-07 3.0000000000e+02 -7.9085012964e-14 2.7586893511e-14 7.9108652662e-14 2.1432231255e-14 7.9084128875e-14 -1.7756382488e-19 -2.7569561118e-14 -2.1416264133e-14 -3.0093364903e-14
d  4.1580502241e-08 2.9106350114e-05 -2.0000000000e-01 2.9098442752e-05 2.1416684684e-07 3.0000000000e+02 -7.9073621097e-14 2.7577344002e-14 7.9109190575e-14 2.1433575038e-14 7.9072457212e-14 -7.0876188840e-20 -2.7560873782e-14 -2.1409643861e-14 -3.0092636222e-14
d  5.0496602690e-08 3.5347620115e-05 -2.0000000000e-01 3.5339712745e-05 2.1416267222e-07 3.0000000000e+02 -7.9073708464e-14 2.7573931763e-14 7.9109388488e-14 2.1434006033e-14 7.9072691148e-14 -3.4503445117e-20 -2.7557022155e-14 -2.1410106023e-14 -3.0092340449e-14
d  6.1195923227e-08 4.2837144117e-05 -2.0000000000e-01 4.2829236740e-05 2.1415658287e-07 3.0000000000e+02 -7.9073776351e-14 2.7575549279e-14 7.9109584999e-14 2.1434198811e-14 7.9072890282e-14 -3.6511609222e-20 -2.7558241844e-14 -2.1410292557e-14 -3.0092419366e-14
d  7.4035107873e-08 5.1824572920e-05 -2.0000000000e-01 5.1816665524e-05 2.1415186334e-07 3.0000000000e+02 -7.9073962321e-14 2.7575970093e-14 7.9109912363e-14 2.1434453293e-14 7.9073193767e-14 -4.1995625172e-20 -2.7558302411e-14 -2.1410540161e-14 -3.0092429878e-14
d  8.9442129448e-08 6.2609487483e-05 -2.0000000000e-01 6.2601580060e-05 2.1414880982e-07 3.0000000000e+02 -7.9074234857e-14 2.7576334829e-14 7.9110294350e-14 2.1434798881e-14 7.9073570414e-14 -4.1026390804e-20 -2.7558344531e-14 -2.1410878698e-14 -3.0092432872e-14
d  1.0793055534e-07 7.5551384958e-05 -2.0000000000e-01 7.5543477499e-05 2.1414726975e-07 3.0000000000e+02 -7.9074596970e-14 2.7576647926e-14 7.9110818369e-14 2.1435221809e-14 7.9074023687e-14 -4.0838323103e-20 -2.7558371479e-14 -2.1411295355e-14 -3.0092434392e-14
d  1.3011666640e-07 9.1081661929e-05 -2.0000000000e-01 9.1073754424e-05 2.1414724840e-07 3.0000000000e+02 -7.9075062813e-14 2.7576920767e-14 7.9111309894e-14 2.1435730195e-14 7.9074568554e-14 -3.9836629268e-20 -2.7558393080e-14 -2.1411794110e-14 -3.0092436643e-14
d  1.5673999969e-07 1.0971799429e-04 -2.0000000000e-01 1.0971008673e-04 2.1414887231e-07 3.0000000000e+02 -7.9075646729e-14 2.7577185824e-14 7.9111958393e-14 2.1436340459e-14 7.9075220088e-14 -4.1466109951e-20 -2.7558439075e-14 -2.1412393006e-14 -3.0092439328e-14
d  1.8868799962e-07 1.3208159313e-04 -2.0000000000e-01 1.3207368550e-04 2.1415229456e-07 3.0000000000e+02 -7.9076377437e-14 2.7577436807e-14 7.9112768632e-14 2.1437075713e-14 7.9076007912e-14 -4.0872097332e-20 -2.7558500428e-14 -2.1413112944e-14 -3.0092442696e-14
d  2.2702559955e-07 1.5891791174e-04 -2.0000000000e-01 1.5891000401e-04 2.1415767607e-07 3.0000000000e+02 -7.9077272034e-14 2.7577647843e-14 7.9113768346e-14 2.1437959007e-14 7.9076950021e-14 -4.0727184322e-20 -2.7558548271e-14 -2.1413976040e-14 -3.0092446556e-14
d  2.7303071946e-07 1.9112149406e-04 -2.0000000000e-01 1.9111358623e-04 2.1416523946e-07 3.0000000000e+02 -7.9078362580e-14 2.7577874376e-14 7.9114866612e-14 2.1439013046e-14 7.9078079433e-14 -4.0783745698e-20 -2.7558634863e-14 -2.1415010994e-14 -3.0092451040e-14
d  3.2823686335e-07 2.2976579285e-04 -2.0000000000e-01 2.2975788489e-04 2.1417527542e-07 3.0000000000e+02 -7.9079685937e-14 2.7578075319e-14 7.9116334179e-14 2.1440276013e-14 7.9079433614e-14 -4.0735604106e-20 -2.7558716399e-14 -2.1416252232e-14 -3.0092456697e-14
d  3.9448423602e-07 2.7613895140e-04 -2.0000000000e-01 2.7613104328e-04 2.1418814719e-07 3.0000000000e+02 -7.9081286492e-14 2.7578292327e-14 7.9118070527e-14 2.1441792418e-14 7.9081057615e-14 -4.1172028337e-20 -2.7558831964e-14 -2.1417741269e-14 -3.0092463471e-14
d  4.7398108322e-07 3.3178674166e-04 -2.0000000000e-01 3.3177883335e-04 2.1420430283e-07 3.0000000000e+02 -7.9083219339e-14 2.7578501549e-14 7.9120053362e-14 2.1443610374e-14 7.9083007058e-14 -4.0489975152e-20 -2.7558955229e-14 -2.1419527879e-14 -3.0092471512e-14
d  5.6937729986e-07 3.9856408998e-04 -2.0000000000e-01 3.9855618143e-04 2.1422429235e-07 3.0000000000e+02 -7.9085546052e-14 2.7578741562e-14 7.9122516306e-14 2.1445790824e-14 7.9085343809e-14 -4.0822642854e-20 -2.7559122600e-14 -2.1421671351e-14 -3.0092481202e-14
d  6.8385275984e-07 4.7869690795e-04 -2.0000000000e-01 4.7868899912e-04 2.1424878671e-07 3.0000000000e+02 -7.9088345365e-14 2.7578988504e-14 7.9125151261e-14 2.1448408052e-14 7.9088146847e-14 -4.1022168392e-20 -2.7559308338e-14 -2.1424242583e-14 -3.0092492805e-14
d  8.2122331180e-07 5.7485628952e-04 -2.0000000000e-01 5.7484838036e-04 2.1427860200e-07 3.0000000000e+02 -7.9091708871e-14 2.7579264113e-14 7.9128403211e-14 2.1451548922e-14 7.9091507714e-14 -4.1011621813e-20 -2.7559532463e-14 -2.1427326550e-14 -3.0092506610e-14
d  9.8606797417e-07 6.9024754740e-04 -2.0000000000e-01 6.9023963784e-04 2.1431474719e-07 3.0000000000e+02 -7.9095750057e-14 2.7579575505e-14 7.9132920648e-14 2.1455315107e-14 7.9095539699e-14 -4.0853754304e-20 -2.7559800554e-14 -2.1431027157e-14 -3.0092523015e-14
d  1.1838815690e-06 8.2871705686e-04 -2.0000000000e-01 8.2870914681e-04 2.1435841383e-07 3.0000000000e+02 -7.9100600366e-14 2.7579931599e-14 7.9138096044e-14 2.1459833595e-14 7.9100373972e-14 -4.0854453731e-20 -2.7560120331e-14 -2.1435466038e-14 -3.0092542743e-14
d  1.4212578828e-06 9.9488046822e-04 -2.0000000000e-01 9.9487255758e-04 2.1441106659e-07 3.0000000000e+02 -7.9106422016e-14 2.7580343404e-14 7.9144283503e-14 2.1465254071e-14 7.9106172156e-14 -4.0886846479e-20 -2.7560501695e-14 -2.1440791845e-14 -3.0092566275e-14
d  1.7061094594e-06 1.1942765618e-03 -2.0000000000e-01 1.1942686505e-03 2.1447444916e-07 3.0000000000e+02 -7.9113406040e-14 2.7580820433e-14 7.9150986648e-14 2.1471757020e-14 7.9113124525e-14 -4.0779290123e-20 -2.7560953254e-14 -2.1447180791e-14 -3.0092594338e-14
d  2.0479313512e-06 1.4335518742e-03 -2.0000000000e-01 1.4335439620e-03 2.1455065238e-07 3.0000000000e+02 -7.9121779859e-14 2.7581383871e-14 7.9159651039e-14 2.1479558975e-14 7.9121457334e-14 -4.0860522863e-20 -2.7561495382e-14 -2.1454843490e-14 -3.0092627633e-14
d  2.4581176215e-06 1.7206822490e-03 -2.0000000000e-01 1.7206743358e-03 2.1464219312e-07 3.0000000000e+02 -7.9131817374e-14 2.7582041835e-14 7.9169632195e-14 2.1488914870e-14 7.9131443154e-14 -4.0905001601e-20 -2.7562135532e-14 -2.1464033004e-14 -3.0092667267e-14
d  2.9503411458e-06 2.0652386988e-03 -2.0000000000e-01 2.0652307806e-03 2.1499999130e-07 3.0000000000e+02 -7.9182100829e-14 2.7595541628e-14 7.9143642811e-14 2.1475212013e-14 7.9181712964e-14 -2.6692781709e-20 -2.7575463263e-14 -2.1500155015e-14 -3.0093358484e-14
d  3.5410093749e-06 2.4787064385e-03 -2.0000000000e-01 2.4786985190e-03 2.1513256615e-07 3.0000000000e+02 -7.9195172890e-14 2.7626868873e-14 7.9156344075e-14 2.1488231278e-14 7.9194698328e-14 -4.5757051053e-20 -2.7606802940e-14 -2.1513387774e-14 -3.0095100418e-14
d  4.2498112499e-06 2.9748677262e-03 -2.0000000000e-01 2.9748598049e-03 2.1529440261e-07 3.0000000000e+02 -7.9213175752e-14 2.7620810899e-14 7.9173909187e-14 2.1504141753e-14 7.9212598618e-14 -4.0933378796e-20 -2.7600755354e-14 -2.1529550759e-14 -3.0094770432e-14
d  5.1003734999e-06 3.5702612714e-03 -2.0000000000e-01 3.5702533480e-03 2.1548776699e-07 3.0000000000e+02 -7.9234252072e-14 2.7622467849e-14 7.9194456552e-14 2.1523154843e-14 7.9233553080e-14 -4.0883458773e-20 -2.7602420969e-14 -2.1548869965e-14 -3.0094869292e-14
d  6.1210481999e-06 4.2847335257e-03 -2.0000000000e-01 4.2847255998e-03 2.1571949866e-07 3.0000000000e+02 -7.9259474252e-14 2.7624420184e-14 7.9219043669e-14 2.1545945502e-14 7.9258630034e-14 -4.0932773163e-20 -2.7604380533e-14 -2.1572028754e-14 -3.0094985920e-14
d  7.3458578398e-06 5.1421002308e-03 -2.0000000000e-01 5.1420923019e-03 2.1599870526e-07 3.0000000000e+02 -7.9289875151e-14 2.7626781359e-14 7.9289130235e-14 2.1599720482e-14 7.9288846783e-14 -4.7027338625e-20 -2.7606781169e-14 -2.1599870927e-14 -3.0095143022e-14
d  8.8156294078e-06 6.1709402769e-03 -2.0000000000e-01 6.1709323443e-03 2.1633225602e-07 3.0000000000e+02 -7.9326661521e-14 2.7613571612e-14 7.9325811510e-14 2.1633074085e-14 7.9325427360e-14 -3.8945121773e-20 -2.7593571452e-14 -2.1633225943e-14 -3.0094425354e-14
d  1.0579355289e-05 7.4055483323e-03 -2.0000000000e-01 7.4055403954e-03 2.1673070072e-07 3.0000000000e+02 -7.9369598865e-14 2.7620271264e-14 7.9368624086e-14 2.1672917621e-14 7.9368117808e-14 -4.1051423717e-20 -2.7600271129e-14 -2.1673070362e-14 -3.0094810655e-14
d  1.2695826347e-05 8.8870779987e-03 -2.0000000000e-01 8.8870700567e-03 2.1720833226e-07 3.0000000000e+02 -7.9421073547e-14 2.7623491016e-14 7.9419950703e-14 2.1720680766e-14 7.9419296160e-14 -4.1095812689e-20 -2.7603490904e-14 -2.1720833471e-14 -3.0095006423e-14
d  1.5235591617e-05 1.0664913598e-02 -2.0000000000e-01 1.0664905650e-02 2.1778048304e-07 3.0000000000e+02 -7.9482481609e-14 2.7627107218e-14 7.9481152094e-14 2.1777876984e-14 7.9480348662e-14 -4.1147690737e-20 -2.7607107113e-14 -2.1778048535e-14 -3.0095227635e-14
d  1.8283309940e-05 1.2798316318e-02 -2.0000000000e-01 1.2798308363e-02 2.1846580657e-07 3.0000000000e+02 -7.9555676002e-14 2.7631108035e-14 7.9553905182e-14 2.1846260652e-14 7.9553116390e-14 -4.1196509482e-20 -2.7611107872e-14 -2.1846581004e-14 -3.0095474405e-14
d  2.1940571928e-05 1.5358399582e-02 -2.0000000000e-01 1.5358391618e-02 2.1928666391e-07 3.0000000000e+02 -7.9642829843e-14 2.7635485998e-14 7.9639869872e-14 2.1927737522e-14 7.9639758276e-14 -4.1229571718e-20 -2.7615485602e-14 -2.1928667200e-14 -3.0095747100e-14
d  2.6329286314e-05 1.8430499498e-02 -2.0000000000e-01 1.8430491524e-02 2.2027008091e-07 3.0000000000e+02 -7.9746509058e-14 2.7640282543e-14 7.9738066393e-14 2.2022700384e-14 7.9742823433e-14 -4.1144487055e-20 -2.7620281014e-14 -2.2027011154e-14 -3.0096048618e-14
d  3.1595743576e-05 2.2117019398e-02 -2.0000000000e-01 2.2117011411e-02 2.2144908158e-07 3.0000000000e+02 -7.9869736549e-14 2.7646597187e-14 7.9867505942e-14 2.2144896034e-14 7.9865313059e-14 -4.1740631083e-20 -2.7626597183e-14 -2.2144908188e-14 -3.0096441376e-14
d  3.7915492292e-05 2.6540843277e-02 -2.0000000000e-01 2.6540835276e-02 2.2286242279e-07 3.0000000000e+02 -8.0016205777e-14 2.7647378151e-14 8.0013593182e-14 2.2286269965e-14 8.0010897519e-14 -4.1477543599e-20 -2.7627378158e-14 -2.2286242287e-14 -3.0096543003e-14
d  4.5499190750e-05 3.1849431933e-02 -2.0000000000e-01 3.1849423914e-02 2.2455876506e-07 3.0000000000e+02 -8.0189742605e-14 2.7650644816e-14 8.0186811774e-14 2.2456043637e-14 8.0183372696e-14 -4.1696910979e-20 -2.7630644850e-14 -2.2455876460e-14 -3.0096790510e-14
d  5.4599628900e-05 3.8219738319e-02 -2.0000000000e-01 3.8219730280e-02 2.2659755266e-07 3.0000000000e+02 -8.0395384047e-14 2.7650948264e-14 8.0392563301e-14 2.2660412459e-14 8.0387739879e-14 -4.1857307614e-20 -2.7630948376e-14 -2.2659755065e-14 -3.0096891445e-14
d  6.5520154680e-05 4.5864105983e-02 -2.0000000000e-01 4.5864097919e-02 2.2905170182e-07 3.0000000000e+02 -8.0638638198e-14 2.7647071143e-14 8.0637038644e-14 2.2907131296e-14 8.0629465160e-14 -4.2061132737e-20 -2.7627071423e-14 -2.2905169648e-14 -3.0096783874e-14
d  7.8624785616e-05 5.5037347179e-02 -2.0000000000e-01 5.5037339086e-02 2.3206559941e-07 3.0000000000e+02 -8.0933992287e-14 2.7638763147e-14 8.0928501608e-14 2.3206569785e-14 8.0922984777e-14 -4.2304229708e-20 -2.7618763148e-14 -2.3206559962e-14 -3.0096458427e-14
d  9.4350342739e-05 6.6045236615e-02 -2.0000000000e-01 6.6045228488e-02 2.3570544406e-07 3.0000000000e+02 -8.1281048261e-14 2.7621863129e-14 8.1273904551e-14 2.3570192308e-14 8.1267839206e-14 -4.2564870237e-20 -2.7601863094e-14 -2.3570544499e-14 -3.0095699076e-14
d  1.1322101129e-04 7.9254703938e-02 -2.0000000000e-01 7.9254695768e-02 2.4023155226e-07 3.0000000000e+02 -8.1705170257e-14 2.7592066904e-14 8.1697258680e-14 2.4023165879e-14 8.1689319285e-14 -4.3012802877e-20 -2.7572066905e-14 -2.4023155248e-14 -3.0094286326e-14
d  1.3586581354e-04 9.5106064726e-02 -2.0000000000e-01 9.5106056508e-02 2.4564542207e-07 3.0000000000e+02 -8.2186180257e-14 2.7531237987e-14 8.2175212190e-14 2.4563569742e-14 8.2167159007e-14 -4.3082378701e-20 -2.7511237920e-14 -2.4564542365e-14 -3.0091274188e-14
d  1.6303957625e-04 1.1412769767e-01 -2.0000000000e-01 1.1412768939e-01 2.5247826038e-07 3.0000000000e+02 -8.2775865325e-14 2.7439084954e-14 8.2764403941e-14 2.5247771017e-14 8.2753039429e-14 -4.3645490231e-20 -2.7419084951e-14 -2.5247826069e-14 -3.0086684754e-14
d  1.9564809150e-04 1.3695365721e-01 -2.0000000000e-01 1.3695364885e-01 2.6158339962e-07 3.0000000000e+02 -8.3560924895e-14 2.7314487748e-14 8.3547430363e-14 2.6158436593e-14 8.3533533989e-14 -4.4479831067e-20 -2.7294487752e-14 -2.6158339979e-14 -3.0080505088e-14
d  2.3477830980e-04 1.6434480865e-01 -2.0000000000e-01 1.6434480019e-01 2.7352160639e-07 3.0000000000e+02 -8.4563573464e-14 2.7127154296e-14 8.4547359391e-14 2.7352243291e-14 8.4530704352e-14 -4.5054144076e-20 -2.7107154300e-14 -2.7352160660e-14 -3.0071217350e-14
d  2.8173457177e-04 1.9721419038e-01 -2.0000000000e-01 1.9721418179e-01 2.8939792854e-07 3.0000000000e+02 -8.5862729517e-14 2.6845975801e-14 8.5842703501e-14 2.8939456702e-14 8.5823286402e-14 -4.5718054628e-20 -2.6825975790e-14 -2.8939792906e-14 -3.0057333863e-14
d  3.3808208612e-04 2.3665744845e-01 -2.0000000000e-01 2.3665743969e-01 3.1089525632e-07 3.0000000000e+02 -8.7594066979e-14 2.6439713351e-14 8.7570161955e-14 3.1089131798e-14 8.7546735700e-14 -4.6418963296e-20 -2.6419713340e-14 -3.1089525685e-14 -3.0037453908e-14
d  4.0569910334e-04 2.8398935814e-01 -2.0000000000e-01 2.8398934915e-01 3.4023175991e-07 3.0000000000e+02 -8.9950407183e-14 2.5879778140e-14 8.9922429503e-14 3.4023585495e-14 8.9893609085e-14 -4.7045222354e-20 -2.5859778149e-14 -3.4023176006e-14 -3.0010426511e-14
d  4.4626931368e-04 3.1238850395e-01 -2.0000000000e-01 3.1238849482e-01 3.5881384590e-07 3.0000000000e+02 -9.1411915946e-14 2.5495833293e-14 9.1382049705e-14 3.5882698153e-14 9.1349437592e-14 -4.6690570964e-20 -2.5475833338e-14 -3.5881384535e-14 -2.9992185011e-14
d  4.5235484523e-04 3.1664837583e-01 -2.0000000000e-01 3.1664836666e-01 3.6217163054e-07 3.0000000000e+02 -9.1713433841e-14 2.5461804755e-14 9.1676236047e-14 3.6213522758e-14 9.1650103895e-14 -4.8284785837e-20 -2.5441804070e-14 -3.6217164451e-14 -2.9990746725e-14
d  4.5965748309e-04 3.2176022207e-01 -2.0000000000e-01 3.2176021287e-01 3.6638226239e-07 3.0000000000e+02 -9.2096157208e-14 2.5427632562e-14 9.2065751689e-14 3.6639456057e-14 9.2031804978e-14 -4.9232730910e-20 -2.5407632825e-14 -3.6638225752e-14 -2.9989254337e-14
d  4.6842064852e-04 3.2789443757e-01 -2.0000000000e-01 3.2789442834e-01 3.6993243313e-07 3.0000000000e+02 -9.2329276769e-14 2.5305612454e-14 9.2296735810e-14 3.6993521625e-14 9.2263697576e-14 -4.3599540911e-20 -2.5285612504e-14 -3.6993243252e-14 -2.9983339326e-14
d  4.7893644704e-04 3.3525549616e-01 -2.0000000000e-01 3.3525548688e-01 3.7587407104e-07 3.0000000000e+02 -9.2857442045e-14 2.5242619047e-14 9.2820738873e-14 3.7585260555e-14 9.2790390885e-14 -4.9829598403e-20 -2.5222618727e-14 -3.7587407777e-14 -2.9980517135e-14
d  4.9155540526e-04 3.4408876648e-01 -2.0000000000e-01 3.4408875715e-01 3.8216938712e-07 3.0000000000e+02 -9.3362766655e-14 2.5123323511e-14 9.3328402784e-14 3.8216990065e-14 9.3293948380e-14 -4.6389543598e-20 -2.5103323518e-14 -3.8216938737e-14 -2.9974904638e-14
d  4.9912678019e-04 3.4938872867e-01 -2.0000000000e-01 3.4938871932e-01 3.8514980972e-07 3.0000000000e+02 -9.3547448637e-14 2.5012757922e-14 9.3514245791e-14 3.8516286247e-14 9.3477570402e-14 -4.4157112626e-20 -2.4992758162e-14 -3.8514980534e-14 -2.9969580149e-14
d  5.0821243011e-04 3.5574868329e-01 -2.0000000000e-01 3.5574867389e-01 3.9052669082e-07 3.0000000000e+02 -9.4036506826e-14 2.4964546402e-14 9.4000955353e-14 3.9052715000e-14 9.3965355741e-14 -5.0373465354e-20 -2.4944546410e-14 -3.9052669105e-14 -2.9967488005e-14
d  5.1911521002e-04 3.6338062884e-01 -2.0000000000e-01 3.6338061940e-01 3.9605138517e-07 3.0000000000e+02 -9.4483040149e-14 2.4862622480e-14 9.4446334642e-14 3.9604924120e-14 9.4410362822e-14 -4.5975784899e-20 -2.4842622449e-14 -3.9605138617e-14 -2.9962730735e-14
d  5.3219854590e-04 3.7253896351e-01 -2.0000000000e-01 3.7253895401e-01 4.0271712565e-07 3.0000000000e+02 -9.5024003670e-14 2.4740837209e-14 9.4985077026e-14 4.0270579700e-14 9.4949495725e-14 -4.6737607924e-20 -2.4720837073e-14 -4.0271712875e-14 -2.9957080506e-14
d  5.4789854897e-04 3.8352896510e-01 -2.0000000000e-01 3.8352895555e-01 4.0992104292e-07 3.0000000000e+02 -9.5558584374e-14 2.4561690392e-14 9.5518009613e-14 4.0990448202e-14 9.5481877778e-14 -4.4993895917e-20 -2.4541690226e-14 -4.0992104662e-14 -2.9948657865e-14
d  5.6673855264e-04 3.9671696701e-01 -2.0000000000e-01 3.9671695738e-01 4.1947102112e-07 3.0000000000e+02 -9.6340581285e-14 2.4393661665e-14 9.6301587260e-14 4.1947431969e-14 9.6261237581e-14 -4.6682758506e-20 -2.4373661693e-14 -4.1947102099e-14 -2.9940959406e-14
d  5.8934655705e-04 4.1254256931e-01 -2.0000000000e-01 4.1254255959e-01 4.3046027752e-07 3.0000000000e+02 -9.7220700186e-14 2.4180345368e-14 9.7178858849e-14 4.3045300816e-14 9.7138191598e-14 -4.5266702621e-20 -2.4160345317e-14 -4.3046027896e-14 -2.9931168852e-14
d  5.9612895837e-04 4.1729025000e-01 -2.0000000000e-01 4.1729024024e-01 4.3418982170e-07 3.0000000000e+02 -9.7552042534e-14 2.4139760195e-14 9.7515363562e-14 4.3422651128e-14 9.7468582939e-14 -4.7062644601e-20 -2.4119760871e-14 -4.3418980873e-14 -2.9929432263e-14
d  6.0426783996e-04 4.2298746682e-01 -2.0000000000e-01 4.2298745704e-01 4.3829799511e-07 3.0000000000e+02 -9.7895878619e-14 2.4073037521e-14 9.7860458625e-14 4.3834724624e-14 9.7811280447e-14 -4.5331190848e-20 -2.4053038470e-14 -4.3829797673e-14 -2.9926426086e-14
d  6.1403449786e-04 4.2982412701e-01 -2.0000000000e-01 4.2982411717e-01 4.4433562101e-07 3.0000000000e+02 -9.8472409900e-14 2.4045487525e-14 9.8429140394e-14 4.4433415261e-14 9.8386444302e-14 -4.8904584630e-20 -2.4025487502e-14 -4.4433562193e-14 -2.9925465084e-14
d  6.2575448735e-04 4.3802811924e-01 -2.0000000000e-01 4.3802810935e-01 4.5029942484e-07 3.0000000000e+02 -9.8975743982e-14 2.3957380194e-14 9.8931765558e-14 4.5029893852e-14 9.8888138011e-14 -4.4832882017e-20 -2.3937380187e-14 -4.5029942542e-14 -2.9921540871e-14
d  6.3981847473e-04 4.4787290992e-01 -2.0000000000e-01 4.4787289998e-01 4.5651795320e-07 3.0000000000e+02 -9.9450014670e-14 2.3813753839e-14 9.9402274745e-14 4.5649589537e-14 9.9360438826e-14 -4.3706081775e-20 -2.3793753592e-14 -4.5651795856e-14 -2.9914958876e-14
d  6.5669525959e-04 4.5968665873e-01 -2.0000000000e-01 4.5968664870e-01 4.6594643712e-07 3.0000000000e+02 -1.0031703505e-13 2.3739306803e-14 1.0027069508e-13 4.6594421463e-14 1.0022509741e-13 -4.7771381720e-20 -2.3719306782e-14 -4.6594643800e-14 -2.9911981318e-14
d  6.7694740142e-04 4.7386315730e-01 -2.0000000000e-01 4.7386314721e-01 4.7436784622e-07 3.0000000000e+02 -1.0095175496e-13 2.3537331750e-14 1.0090386859e-13 4.7436025870e-14 1.0085698178e-13 -4.2170126563e-20 -2.3517331691e-14 -4.7436784787e-14 -2.9902778047e-14
d  7.0124997162e-04 4.9087495559e-01 -2.0000000000e-01 4.9087494539e-01 4.8666157930e-07 3.0000000000e+02 -1.0206079298e-13 2.3418118223e-14 1.0201151368e-13 4.8666290885e-14 1.0196261661e-13 -4.6124094550e-20 -2.3398118232e-14 -4.8666157961e-14 -2.9897928236e-14
d  7.3041305586e-04 5.1128911354e-01 -2.0000000000e-01 5.1128910322e-01 5.0023195000e-07 3.0000000000e+02 -1.0325331966e-13 2.3257087550e-14 1.0320229227e-13 5.0022809750e-14 1.0315106173e-13 -4.3957247278e-20 -2.3237087529e-14 -5.0023195092e-14 -2.9891215618e-14
d  7.4791090640e-04 5.2353760830e-01 -2.0000000000e-01 5.2353759790e-01 5.0913050412e-07 3.0000000000e+02 -1.0409588366e-13 2.3207587854e-14 1.0404707540e-13 5.0915857675e-14 1.0399117602e-13 -4.5585211576e-20 -2.3187588079e-14 -5.0913050014e-14 -2.9889548898e-14
d  7.6890832705e-04 5.3823580202e-01 -2.0000000000e-01 5.3823579154e-01 5.1844153181e-07 3.0000000000e+02 -1.0492460037e-13 2.3106558470e-14 1.0487048674e-13 5.1843355554e-14 1.0481695313e-13 -4.3288828688e-20 -2.3086558410e-14 -5.1844153352e-14 -2.9885470591e-14
d  7.9410523183e-04 5.5587363449e-01 -2.0000000000e-01 5.5587362388e-01 5.3087355095e-07 3.0000000000e+02 -1.0612238119e-13 2.3059177185e-14 1.0606787670e-13 5.3088535996e-14 1.0601120695e-13 -4.5623694943e-20 -2.3039177259e-14 -5.3087355000e-14 -2.9884255310e-14
d  8.0922337470e-04 5.6645633397e-01 -2.0000000000e-01 5.6645632329e-01 5.3799976972e-07 3.0000000000e+02 -1.0680178547e-13 2.3025498408e-14 1.0674455986e-13 5.3799152889e-14 1.0668849255e-13 -4.4580299457e-20 -2.3005498331e-14 -5.3799977178e-14 -2.9883258333e-14
d  8.2736514614e-04 5.7915557334e-01 -2.0000000000e-01 5.7915556258e-01 5.4659082811e-07 3.0000000000e+02 -1.0763149828e-13 2.2993648324e-14 1.0757585489e-13 5.4661058448e-14 1.0751566539e-13 -4.5026522825e-20 -2.2973648496e-14 -5.4659082524e-14 -2.9882488238e-14
d  8.4913527187e-04 5.9439466059e-01 -2.0000000000e-01 5.9439464974e-01 5.5673683067e-07 3.0000000000e+02 -1.0861535585e-13 2.2960647331e-14 1.0855707888e-13 5.5674948930e-14 1.0849647487e-13 -4.4870404054e-20 -2.2940647423e-14 -5.5673682940e-14 -2.9881817475e-14
d  8.7525942275e-04 6.1268156529e-01 -2.0000000000e-01 6.1268155431e-01 5.6904270732e-07 3.0000000000e+02 -1.0982965551e-13 2.2941023274e-14 1.0976770271e-13 5.6903341396e-14 1.0970711715e-13 -4.5360176955e-20 -2.2921023218e-14 -5.6904270901e-14 -2.9881994790e-14
d  8.9093391328e-04 6.2365370811e-01 -2.0000000000e-01 6.2365369704e-01 5.7778442946e-07 3.0000000000e+02 -1.1075466631e-13 2.2986075301e-14 1.1069300809e-13 5.7779158629e-14 1.1062993448e-13 -4.7896514464e-20 -2.2966075365e-14 -5.7778442876e-14 -2.9884903090e-14
d  9.0974330191e-04 6.3682027949e-01 -2.0000000000e-01 6.3682026835e-01 5.8558516607e-07 3.0000000000e+02 -1.1148293677e-13 2.2934039159e-14 1.1141873979e-13 5.8558590229e-14 1.1135557143e-13 -4.3284496293e-20 -2.2914039165e-14 -5.8558516653e-14 -2.9883135536e-14
d  9.3231456826e-04 6.5262016515e-01 -2.0000000000e-01 6.5262015392e-01 5.9544552526e-07 3.0000000000e+02 -1.1244776320e-13 2.2910417875e-14 1.1238013853e-13 5.9541767415e-14 1.1231723846e-13 -4.5488629325e-20 -2.2890417679e-14 -5.9544552975e-14 -2.9882945916e-14
d  9.4585732808e-04 6.6210009655e-01 -2.0000000000e-01 6.6210008524e-01 6.0227333660e-07 3.0000000000e+02 -1.1316236424e-13 2.2936848576e-14 1.1309149506e-13 6.0223256641e-14 1.1302994331e-13 -4.7235132488e-20 -2.2916848153e-14 -6.0227334559e-14 -2.9884827189e-14
d  9.5398298397e-04 6.6778805539e-01 -2.0000000000e-01 6.6778804399e-01 6.0934588394e-07 3.0000000000e+02 -1.1401268113e-13 2.3073894567e-14 1.1394611921e-13 6.0934859230e-14 1.1387912235e-13 -5.6695758576e-20 -2.3053894614e-14 -6.0934588362e-14 -2.9891935300e-14
d  9.6373377103e-04 6.7461360599e-01 -2.0000000000e-01 6.7461359455e-01 6.1440836031e-07 3.0000000000e+02 -1.1452891299e-13 2.3080164439e-14 1.1445995929e-13 6.1439935529e-14 1.1439398924e-13 -4.4293987484e-20 -2.3060164294e-14 -6.1440836380e-14 -2.9892618667e-14
d  9.6958424327e-04 6.7870893636e-01 -2.0000000000e-01 6.7870892488e-01 6.1746248937e-07 3.0000000000e+02 -1.1484033227e-13 2.3086177185e-14 1.1477253259e-13 6.1746437733e-14 1.1470458860e-13 -4.8091465576e-20 -2.3066177230e-14 -6.1746248910e-14 -2.9893165719e-14
d  9.7660480996e-04 6.8362333279e-01 -2.0000000000e-01 6.8362332128e-01 6.2114446833e-07 3.0000000000e+02 -1.1521639288e-13 2.3091266660e-14 1.1514746157e-13 6.2114214155e-14 1.1507966820e-13 -4.8174041990e-20 -2.3071266609e-14 -6.2114446999e-14 -2.9893706349e-14
d  9.8502948999e-04 6.8952060852e-01 -2.0000000000e-01 6.8952059695e-01 6.2560929569e-07 3.0000000000e+02 -1.1567417437e-13 2.3101127593e-14 1.1560531088e-13 6.2561030626e-14 1.1553626947e-13 -4.8487139054e-20 -2.3081127612e-14 -6.2560929594e-14 -2.9894539151e-14
d  9.9008429800e-04 6.9305897395e-01 -2.0000000000e-01 6.9305896240e-01 6.2568554580e-07 3.0000000000e+02 -1.1557673001e-13 2.2999743614e-14 1.1550736145e-13 6.2569114913e-14 1.1543811667e-13 -3.5282963389e-20 -2.2979743770e-14 -6.2568554338e-14 -2.9889734505e-14
d  9.9615006762e-04 6.9730501247e-01 -2.0000000000e-01 6.9730500089e-01 6.2876339806e-07 3.0000000000e+02 -1.1589737603e-13 2.3011757340e-14 1.1582874881e-13 6.2877778651e-14 1.1575791333e-13 -5.2703855679e-20 -2.2991757713e-14 -6.2876339135e-14 -2.9890618471e-14
d  1.0034289912e-03 7.0240025869e-01 -2.0000000000e-01 7.0240024703e-01 6.3522054559e-07 3.0000000000e+02 -1.1667491924e-13 2.3135514478e-14 1.1660198806e-13 6.3520171895e-14 1.1653443794e-13 -5.8888186922e-20 -2.3115514072e-14 -6.3522055426e-14 -2.9897009617e-14
d  1.0121636994e-03 7.0851455416e-01 -2.0000000000e-01 7.0851454251e-01 6.3636114179e-07 3.0000000000e+02 -1.1665622014e-13 2.3008207145e-14 1.1659139654e-13 6.3641305689e-14 1.1651451643e-13 -3.3956474340e-20 -2.2988208079e-14 -6.3636112395e-14 -2.9891056353e-14
d  1.0174045244e-03 7.1218313145e-01 -2.0000000000e-01 7.1218311975e-01 6.3983902265e-07 3.0000000000e+02 -1.1705225971e-13 2.3050783310e-14 1.1697968705e-13 6.3983625106e-14 1.1690982159e-13 -5.4380504829e-20 -2.3030783238e-14 -6.3983902476e-14 -2.9893410195e-14
d  1.0236935143e-03 7.1658542418e-01 -2.0000000000e-01 7.1658541241e-01 6.4598946703e-07 3.0000000000e+02 -1.1780468416e-13 2.3184140704e-14 1.1773297226e-13 6.4599072501e-14 1.1766136511e-13 -6.0599236137e-20 -2.3164140735e-14 -6.4598946706e-14 -2.9900223990e-14
d  1.0312403022e-03 7.2186817547e-01 -2.0000000000e-01 7.2186816365e-01 6.5017676509e-07 3.0000000000e+02 -1.1823838536e-13 2.3195109509e-14 1.1816623235e-13 6.5017714569e-14 1.1809401024e-13 -4.5660442584e-20 -2.3175109517e-14 -6.5017676558e-14 -2.9901028261e-14
d  1.0402964477e-03 7.2820747701e-01 -2.0000000000e-01 7.2820746514e-01 6.5528930264e-07 3.0000000000e+02 -1.1876908284e-13 2.3212172390e-14 1.1869604633e-13 6.5528914951e-14 1.1862344071e-13 -5.0328449697e-20 -2.3192172387e-14 -6.5528930335e-14 -2.9902238136e-14
d  1.0457301351e-03 7.3201105794e-01 -2.0000000000e-01 7.3201104604e-01 6.5839520244e-07 3.0000000000e+02 -1.1909198112e-13 2.3223361816e-14 1.1901874486e-13 6.5839663099e-14 1.1894557795e-13 -5.0542638315e-20 -2.3203361853e-14 -6.5839520238e-14 -2.9903002958e-14
d  1.0522505598e-03 7.3657535505e-01 -2.0000000000e-01 7.3657534311e-01 6.6212447610e-07 3.0000000000e+02 -1.1947909296e-13 2.3235543295e-14 1.1940081035e-13 6.6209375138e-14 1.1933177664e-13 -5.0497404161e-20 -2.3215542557e-14 -6.6212449137e-14 -2.9903858354e-14
d  1.0600750695e-03 7.4205251158e-01 -2.0000000000e-01 7.4205249959e-01 6.6665893724e-07 3.0000000000e+02 -1.1995111054e-13 2.3253556923e-14 1.1987693949e-13 6.6665933516e-14 1.1980269877e-13 -5.1179859612e-20 -2.3233556931e-14 -6.6665893775e-14 -2.9905051935e-14
d  1.0694644812e-03 7.4862509942e-01 -2.0000000000e-01 7.4862508744e-01 6.6790916265e-07 3.0000000000e+02 -1.1992828724e-13 2.3108832626e-14 1.1985728188e-13 6.6794800175e-14 1.1977856134e-13 -3.8082784420e-20 -2.3088833277e-14 -6.6790915045e-14 -2.9898304432e-14
d  1.0807317752e-03 7.5651220483e-01 -2.0000000000e-01 7.5651219276e-01 6.7567049551e-07 3.0000000000e+02 -1.2080636055e-13 2.3204498005e-14 1.2072630673e-13 6.7563322242e-14 1.2065505700e-13 -5.8297641176e-20 -2.3184497484e-14 -6.7567050650e-14 -2.9903484072e-14
d  1.0942525280e-03 7.6597673132e-01 -2.0000000000e-01 7.6597671917e-01 6.8297039050e-07 3.0000000000e+02 -1.2156485908e-13 2.3230152871e-14 1.2148714923e-13 6.8295450804e-14 1.2141166388e-13 -4.9245630558e-20 -2.3210152686e-14 -6.8297039485e-14 -2.9905248093e-14
d  1.1104774314e-03 7.7733416310e-01 -2.0000000000e-01 7.7733415087e-01 6.9122296358e-07 3.0000000000e+02 -1.2240424332e-13 2.3239303020e-14 1.2232312718e-13 6.9118554368e-14 1.2224877510e-13 -4.9949122170e-20 -2.3219302656e-14 -6.9122297151e-14 -2.9906329252e-14
d  1.1299473154e-03 7.9096308125e-01 -2.0000000000e-01 7.9096306890e-01 7.0254810190e-07 3.0000000000e+02 -1.2360908839e-13 2.3305411082e-14 1.2352597500e-13 7.0250240874e-14 1.2345089486e-13 -5.2906172343e-20 -2.3285410710e-14 -7.0254810999e-14 -2.9910318635e-14
d  1.1533111763e-03 8.0731778302e-01 -2.0000000000e-01 8.0731777052e-01 7.1674483432e-07 3.0000000000e+02 -1.2512255162e-13 2.3390609782e-14 1.2503679980e-13 7.1668739646e-14 1.2496108759e-13 -5.3591620430e-20 -2.3370609391e-14 -7.1674484281e-14 -2.9915368452e-14
d  1.1673294928e-03 8.1713060409e-01 -2.0000000000e-01 8.1713059148e-01 7.2610469510e-07 3.0000000000e+02 -1.2613546411e-13 2.3461000396e-14 1.2604924771e-13 7.2605728804e-14 1.2597203885e-13 -5.5362628773e-20 -2.3440999920e-14 -7.2610470526e-14 -2.9919327734e-14
d  1.1841514726e-03 8.2890598936e-01 -2.0000000000e-01 8.2890597664e-01 7.3713989178e-07 3.0000000000e+02 -1.2730778142e-13 2.3525001895e-14 1.2722050191e-13 7.3709151586e-14 1.2714200099e-13 -5.5135950590e-20 -2.3505001440e-14 -7.3713990155e-14 -2.9923068344e-14
d  1.1891980665e-03 8.3243860495e-01 -2.0000000000e-01 8.3243859211e-01 7.4608789757e-07 3.0000000000e+02 -1.2844794537e-13 2.3756713379e-14 1.2836286478e-13 7.4607738557e-14 1.2828145777e-13 -8.1386697427e-20 -2.3736713119e-14 -7.4608790346e-14 -2.9934597470e-14
d  1.1952539793e-03 8.3667774364e-01 -2.0000000000e-01 8.3667773076e-01 7.5065828417e-07 3.0000000000e+02 -1.2892028990e-13 2.3773304706e-14 1.2883596190e-13 7.5065611577e-14 1.2875295218e-13 -4.8143880923e-20 -2.3753304650e-14 -7.5065828604e-14 -2.9935538250e-14
d  1.2025210745e-03 8.4176471008e-01 -2.0000000000e-01 8.4176469714e-01 7.5631820563e-07 3.0000000000e+02 -1.2950938607e-13 2.3792635304e-14 1.2942525829e-13 7.5631869350e-14 1.2934103305e-13 -5.9178224544e-20 -2.3772635315e-14 -7.5631820618e-14 -2.9936762008e-14
d  1.2112415889e-03 8.4786906981e-01 -2.0000000000e-01 8.4786905680e-01 7.6308792704e-07 3.0000000000e+02 -1.3020916573e-13 2.3812568949e-14 1.3012444233e-13 7.6308862753e-14 1.3003959020e-13 -5.9133120709e-20 -2.3792568962e-14 -7.6308792755e-14 -2.9938037935e-14
d  1.2164738975e-03 8.5153168565e-01 -2.0000000000e-01 8.5153167259e-01 7.6709702110e-07 3.0000000000e+02 -1.3062006311e-13 2.3821359349e-14 1.3053377712e-13 7.6709153737e-14 1.3044975650e-13 -5.9028089536e-20 -2.3801359204e-14 -7.6709702476e-14 -2.9938647725e-14
d  1.2227526678e-03 8.5592682465e-01 -2.0000000000e-01 8.5592681155e-01 7.7206183502e-07 3.0000000000e+02 -1.3113381569e-13 2.3837539614e-14 1.3104557439e-13 7.7204571264e-14 1.3096262960e-13 -5.9974620306e-20 -2.3817539212e-14 -7.7206184376e-14 -2.9939655479e-14
d  1.2302871922e-03 8.6120099146e-01 -2.0000000000e-01 8.6120097829e-01 7.7822474008e-07 3.0000000000e+02 -1.3177689666e-13 2.3862085575e-14 1.3169083712e-13 7.7822542490e-14 1.3160465428e-13 -6.0882993263e-20 -2.3842085589e-14 -7.7822474058e-14 -2.9941112019e-14
d  1.2348079068e-03 8.6436549154e-01 -2.0000000000e-01 8.6436547833e-01 7.8191598055e-07 3.0000000000e+02 -1.3216030782e-13 2.3873737302e-14 1.3207388405e-13 7.8191829711e-14 1.3198743415e-13 -6.0663935394e-20 -2.3853737374e-14 -7.8191597992e-14 -2.9941833170e-14
d  1.2402327644e-03 8.6816289164e-01 -2.0000000000e-01 8.6816287838e-01 7.8634607671e-07 3.0000000000e+02 -1.3261905070e-13 2.3888320554e-14 1.3253116826e-13 7.8633851966e-14 1.3244541876e-13 -6.0790556496e-20 -2.3868320336e-14 -7.8634608181e-14 -2.9942728400e-14
d  1.2467425934e-03 8.7271977176e-01 -2.0000000000e-01 8.7271975845e-01 7.9174327374e-07 3.0000000000e+02 -1.3317914954e-13 2.3906682566e-14 1.3309192193e-13 7.9174375813e-14 1.3300460599e-13 -6.1481067314e-20 -2.3886682577e-14 -7.9174327430e-14 -2.9943844711e-14
d  1.2545543883e-03 8.7818802790e-01 -2.0000000000e-01 8.7818801452e-01 7.9830933591e-07 3.0000000000e+02 -1.3386095516e-13 2.3929031469e-14 1.3377462471e-13 7.9832016618e-14 1.3368531438e-13 -6.1928706046e-20 -2.3909031687e-14 -7.9830933240e-14 -2.9945196793e-14
d  1.2592414652e-03 8.8146898159e-01 -2.0000000000e-01 8.8146896817e-01 8.0228640654e-07 3.0000000000e+02 -1.3427370754e-13 2.3941992051e-14 1.3418371303e-13 8.0227593182e-14 1.3409741341e-13 -6.2043126803e-20 -2.3921991740e-14 -8.0228641350e-14 -2.9945984463e-14
d  1.2648659575e-03 8.8540612601e-01 -2.0000000000e-01 8.8540611254e-01 8.0701598114e-07 3.0000000000e+02 -1.3476136473e-13 2.3957076046e-14 1.3467291171e-13 8.0701950084e-14 1.3458428071e-13 -6.2190342914e-20 -2.3937076144e-14 -8.0701598001e-14 -2.9946906677e-14
d  1.2716153483e-03 8.9013069932e-01 -2.0000000000e-01 8.9013068579e-01 8.1299951570e-07 3.0000000000e+02 -1.3538787265e-13 2.3981554431e-14 1.3529890652e-13 8.1300002490e-14 1.3520984604e-13 -6.3655039050e-20 -2.3961554443e-14 -8.1299951628e-14 -2.9948324147e-14
d  1.2797146173e-03 8.9580018729e-01 -2.0000000000e-01 8.9580017368e-01 8.2003772669e-07 3.0000000000e+02 -1.3611557899e-13 2.4002877928e-14 1.3602423743e-13 8.2002794760e-14 1.3593641691e-13 -6.3021430355e-20 -2.3982877739e-14 -8.2003773127e-14 -2.9949626974e-14
d  1.2845741786e-03 8.9920188007e-01 -2.0000000000e-01 8.9920186642e-01 8.2439481367e-07 3.0000000000e+02 -1.3656924475e-13 2.4020612275e-14 1.3647825869e-13 8.2439015208e-14 1.3638940185e-13 -6.4121759474e-20 -2.4000612142e-14 -8.2439481714e-14 -2.9950650282e-14
d  1.2904056522e-03 9.0328391140e-01 -2.0000000000e-01 9.0328389770e-01 8.2966366737e-07 3.0000000000e+02 -1.3711728015e-13 2.4038815917e-14 1.3702652901e-13 8.2966381629e-14 1.3693662428e-13 -6.4348850835e-20 -2.4018815921e-14 -8.2966366812e-14 -2.9951725479e-14
d  1.2974034206e-03 9.0818234901e-01 -2.0000000000e-01 9.0818233524e-01 8.3620787725e-07 3.0000000000e+02 -1.3780262806e-13 2.4067144596e-14 1.3771706664e-13 8.3624592712e-14 1.3762098942e-13 -6.5588884924e-20 -2.4047145449e-14 -8.3620786120e-14 -2.9953330589e-14
d  1.3058007426e-03 9.1406047414e-01 -2.0000000000e-01 9.1406046028e-01 8.4406084129e-07 3.0000000000e+02 -1.3861962691e-13 2.4093840405e-14 1.3852830327e-13 8.4406179824e-14 1.3843681358e-13 -6.5294324586e-20 -2.4073840423e-14 -8.4406084178e-14 -2.9954896301e-14
d  1.3108391358e-03 9.1758734921e-01 -2.0000000000e-01 9.1758733531e-01 8.4872364727e-07 3.0000000000e+02 -1.3910027745e-13 2.4108864313e-14 1.3900863793e-13 8.4872781060e-14 1.3891675772e-13 -6.5471942672e-20 -2.4088864429e-14 -8.4872364585e-14 -2.9955787052e-14
d  1.3168852077e-03 9.2181959930e-01 -2.0000000000e-01 9.2181958534e-01 8.5465193545e-07 3.0000000000e+02 -1.3972158798e-13 2.4135112441e-14 1.3962945022e-13 8.5465241980e-14 1.3953722327e-13 -6.7271577776e-20 -2.4115112454e-14 -8.5465193606e-14 -2.9957256232e-14
d  1.3241404939e-03 9.2689829941e-01 -2.0000000000e-01 9.2689828537e-01 8.6174981520e-07 3.0000000000e+02 -1.4046027694e-13 2.4161010363e-14 1.4036801166e-13 8.6175521590e-14 1.4027489656e-13 -6.7035199391e-20 -2.4141010480e-14 -8.6174981375e-14 -2.9958740751e-14
d  1.3328468374e-03 9.3299273954e-01 -2.0000000000e-01 9.3299272542e-01 8.7027953757e-07 3.0000000000e+02 -1.4134272095e-13 2.4187917964e-14 1.4124710623e-13 8.7026603804e-14 1.4115612018e-13 -6.7357911022e-20 -2.4167917721e-14 -8.7027954327e-14 -2.9960319595e-14
d  1.3432944496e-03 9.4030606770e-01 -2.0000000000e-01 9.4030605353e-01 8.7570497601e-07 3.0000000000e+02 -1.4174214272e-13 2.4050684573e-14 1.4164372897e-13 8.7566194715e-14 1.4155408055e-13 -5.4172935356e-20 -2.4030683925e-14 -8.7570498975e-14 -2.9953998960e-14
d  1.3558315842e-03 9.4908206149e-01 -2.0000000000e-01 9.4908204720e-01 8.8708199663e-07 3.0000000000e+02 -1.4292484127e-13 2.4090203104e-14 1.4282515948e-13 8.8703204961e-14 1.4273502438e-13 -7.0168380258e-20 -2.4070202476e-14 -8.8708201001e-14 -2.9956352840e-14
d  1.3708761457e-03 9.5961325403e-01 -2.0000000000e-01 9.5961323962e-01 9.0017941030e-07 3.0000000000e+02 -1.4426479149e-13 2.4116468812e-14 1.4416103533e-13 9.0009809995e-14 1.4407286898e-13 -6.5752156566e-20 -2.4096467958e-14 -9.0017942822e-14 -2.9958092960e-14
d  1.3889296196e-03 9.7225068509e-01 -2.0000000000e-01 9.7225067048e-01 9.1798077754e-07 3.0000000000e+02 -1.4614405267e-13 2.4208015285e-14 1.4603774745e-13 9.1788261151e-14 1.4594959911e-13 -7.0262941157e-20 -2.4188014424e-14 -9.1798079568e-14 -2.9963085883e-14
d  1.3997617039e-03 9.7983314372e-01 -2.0000000000e-01 9.7983312896e-01 9.3238372833e-07 3.0000000000e+02 -1.4775470615e-13 2.4367890766e-14 1.4765261236e-13 9.3233691856e-14 1.4755873638e-13 -7.8812570826e-20 -2.4347890160e-14 -9.3238374132e-14 -2.9971128275e-14
d  1.4127602050e-03 9.8893209408e-01 -2.0000000000e-01 9.8893207916e-01 9.4735998397e-07 3.0000000000e+02 -1.4932520349e-13 2.4436218762e-14 1.4922160396e-13 9.4730719587e-14 1.4912741682e-13 -7.2029858897e-20 -2.4416218121e-14 -9.4735999768e-14 -2.9974784537e-14
d  1.4283584064e-03 9.9985083451e-01 -2.0000000000e-01 9.9985081943e-01 9.6365336257e-07 3.0000000000e+02 -1.5095968739e-13 2.4438444835e-14 1.5084984373e-13 9.6355094900e-14 1.5075971580e-13 -7.1281739023e-20 -2.4418443797e-14 -9.6365338429e-14 -2.9975351346e-14
d  1.4285710000e-03 9.9999965000e-01 -2.0000000000e-01 9.9999963478e-01 9.7290353123e-07 3.0000000000e+02 -1.5227689816e-13 2.4792083235e-14 1.5216823912e-13 9.7284407021e-14 1.5207690265e-13 -8.5798547257e-19 -2.4772054655e-14 -9.7290409457e-14 -2.9994210137e-14
d  1.4288261123e-03 1.0001782286e+00 -2.0000000000e-01 1.0001782134e+00 9.7338886175e-07 3.0000000000e+02 -1.5231324265e-13 2.4817468236e-14 1.5220349203e-13 9.7332196743e-14 1.5211321611e-13 3.2490959150e-19 -2.4797427380e-14 -9.7338966658e-14 -2.9992590450e-14
d  1.4291322470e-03 1.0003925229e+00 -2.0000000000e-01 1.0003925077e+00 9.7377322834e-07 3.0000000000e+02 -1.5235616351e-13 2.4807996884e-14 1.5224203898e-13 9.7367612897e-14 1.5215609571e-13 -6.8911464177e-20 -2.4787947461e-14 -9.7377420177e-14 -2.9993088966e-14
d  1.4294996087e-03 1.0006496760e+00 -2.0000000000e-01 1.0006496608e+00 9.7428546707e-07 3.0000000000e+02 -1.5240775120e-13 2.4810119503e-14 1.5229336014e-13 9.7418670548e-14 1.5220763166e-13 -8.2571422746e-20 -2.4790077609e-14 -9.7428629242e-14 -2.9993234663e-14
d  1.4299404427e-03 1.0009582598e+00 -2.0000000000e-01 1.0009582446e+00 9.7490275383e-07 3.0000000000e+02 -1.5246987260e-13 2.4810156282e-14 1.5235554818e-13 9.7480476388e-14 1.5226969057e-13 -8.0640832682e-20 -2.4790121641e-14 -9.7490343653e-14 -2.9993243802e-14
d  1.4304694435e-03 1.0013285604e+00 -2.0000000000e-01 1.0013285451e+00 9.7564428170e-07 3.0000000000e+02 -1.5254454025e-13 2.4810532220e-14 1.5243029949e-13 9.7554735369e-14 1.5234428066e-13 -8.0572717640e-20 -2.4790503663e-14 -9.7564484474e-14 -2.9993276197e-14
d  1.4311042445e-03 1.0017729211e+00 -2.0000000000e-01 1.0017729058e+00 9.7653681367e-07 3.0000000000e+02 -1.5263450361e-13 2.4811101985e-14 1.5251942376e-13 9.7643464411e-14 1.5243415422e-13 -8.0392351573e-20 -2.4791076899e-14 -9.7653730848e-14 -2.9993320353e-14
d  1.4318660057e-03 1.0023061539e+00 -2.0000000000e-01 1.0023061386e+00 9.7762499438e-07 3.0000000000e+02 -1.5274484829e-13 2.4812769179e-14 1.5262418218e-13 9.7748455692e-14 1.5254439560e-13 -7.9941456514e-20 -2.4792740441e-14 -9.7762556118e-14 -2.9993419496e-14
d  1.4327801191e-03 1.0029460332e+00 -2.0000000000e-01 1.0029460179e+00 9.7884441690e-07 3.0000000000e+02 -1.5286486778e-13 2.4812716102e-14 1.5273764697e-13 9.7865867602e-14 1.5266428286e-13 -7.7567096135e-20 -2.4792684422e-14 -9.7884504171e-14 -2.9993435503e-14
d  1.4338770552e-03 1.0037138884e+00 -2.0000000000e-01 1.0037138731e+00 9.8031458635e-07 3.0000000000e+02 -1.5300996452e-13 2.4812509949e-14 1.5288851074e-13 9.8017054982e-14 1.5280922531e-13 -8.1163858949e-20 -2.4792489475e-14 -9.8031499065e-14 -2.9993464449e-14
d  1.4351933785e-03 1.0046353147e+00 -2.0000000000e-01 1.0046352994e+00 9.8228870633e-07 3.0000000000e+02 -1.5321396394e-13 2.4816062865e-14 1.5311351964e-13 9.8228888947e-14 1.5301303685e-13 -8.6809238792e-20 -2.4796062887e-14 -9.8228870688e-14 -2.9993684599e-14
d  1.4367729664e-03 1.0057410262e+00 -2.0000000000e-01 1.0057410109e+00 9.8452640698e-07 3.0000000000e+02 -1.5343989642e-13 2.4810547786e-14 1.5333941894e-13 9.8452783046e-14 1.5323874629e-13 -7.9215661885e-20 -2.4790547927e-14 -9.8452640520e-14 -2.9993443685e-14
d  1.4386684720e-03 1.0070678801e+00 -2.0000000000e-01 1.0070678647e+00 9.8722079707e-07 3.0000000000e+02 -1.5371172454e-13 2.4814515455e-14 1.5361069305e-13 9.8722016376e-14 1.5351031086e-13 -8.1286326448e-20 -2.4794515403e-14 -9.8722079909e-14 -2.9993689729e-14
d  1.4409430787e-03 1.0086601047e+00 -2.0000000000e-01 1.0086600893e+00 9.9046914424e-07 3.0000000000e+02 -1.5403973466e-13 2.4817425119e-14 1.5393841979e-13 9.9046810422e-14 1.5383800344e-13 -8.1590540438e-20 -2.4797425048e-14 -9.9046914665e-14 -2.9993890687e-14
d  1.4436726067e-03 1.0105707742e+00 -2.0000000000e-01 1.0105707587e+00 9.9438971047e-07 3.0000000000e+02 -1.5443597837e-13 2.4821020235e-14 1.5433404332e-13 9.9438603967e-14 1.5423386374e-13 -8.1859876712e-20 -2.4801020026e-14 -9.9438971561e-14 -2.9994136446e-14
d  1.4469480403e-03 1.0128635776e+00 -2.0000000000e-01 1.0128635621e+00 9.9913992235e-07 3.0000000000e+02 -1.5491700499e-13 2.4826399517e-14 1.5481262272e-13 9.9912098397e-14 1.5471443081e-13 -8.2236754242e-20 -2.4806398614e-14 -9.9913994121e-14 -2.9994482269e-14
d  1.4508785607e-03 1.0156149417e+00 -2.0000000000e-01 1.0156149261e+00 1.0048388703e-06 3.0000000000e+02 -1.5549275192e-13 2.4832123487e-14 1.5539139975e-13 1.0048410959e-13 1.5528962978e-13 -8.2614769471e-20 -2.4812123575e-14 -1.0048388696e-13 -2.9994861834e-14
d  1.4555951851e-03 1.0189165786e+00 -2.0000000000e-01 1.0189165630e+00 1.0116162465e-06 3.0000000000e+02 -1.5617368679e-13 2.4832828433e-14 1.5607301895e-13 1.0116292103e-13 1.5596990401e-13 -8.2306118617e-20 -2.4812828864e-14 -1.0116162390e-13 -2.9995019797e-14
d  1.4612551344e-03 1.0228785429e+00 -2.0000000000e-01 1.0228785272e+00 1.0201832582e-06 3.0000000000e+02 -1.5704875144e-13 2.4849860083e-14 1.5694651356e-13 1.0201838096e-13 1.5684417301e-13 -8.4809224379e-20 -2.4829860098e-14 -1.0201832590e-13 -2.9995990545e-14
d  1.4680470735e-03 1.0276329001e+00 -2.0000000000e-01 1.0276328843e+00 1.0304429395e-06 3.0000000000e+02 -1.5809057317e-13 2.4863813732e-14 1.5798932163e-13 1.0304543472e-13 1.5788504607e-13 -8.4497055798e-20 -2.4843813996e-14 -1.0304429353e-13 -2.9996835604e-14
d  1.4721222370e-03 1.0304855144e+00 -2.0000000000e-01 1.0304854985e+00 1.0366831618e-06 3.0000000000e+02 -1.5872484669e-13 2.4872330837e-14 1.5862181568e-13 1.0366833239e-13 1.5851875129e-13 -8.5118294232e-20 -2.4852330843e-14 -1.0366831628e-13 -2.9997350525e-14
d  1.4770124332e-03 1.0339086515e+00 -2.0000000000e-01 1.0339086356e+00 1.0441079003e-06 3.0000000000e+02 -1.5947462670e-13 2.4879383097e-14 1.5937295927e-13 1.0441250627e-13 1.5926784346e-13 -8.5095857913e-20 -2.4859383647e-14 -1.0441078904e-13 -2.9997814862e-14
d  1.4828806686e-03 1.0380164161e+00 -2.0000000000e-01 1.0380164001e+00 1.0534661568e-06 3.0000000000e+02 -1.6043306142e-13 2.4899795992e-14 1.6033507189e-13 1.0535110815e-13 1.6022545781e-13 -8.7703132739e-20 -2.4879797191e-14 -1.0534661340e-13 -2.9998948435e-14
d  1.4899225511e-03 1.0429457336e+00 -2.0000000000e-01 1.0429457175e+00 1.0645733956e-06 3.0000000000e+02 -1.6155950174e-13 2.4912142965e-14 1.6145960346e-13 1.0646105940e-13 1.6135091134e-13 -8.6703920497e-20 -2.4892143794e-14 -1.0645733802e-13 -2.9999716593e-14
d  1.4983728101e-03 1.0488609147e+00 -2.0000000000e-01 1.0488608984e+00 1.0741202588e-06 3.0000000000e+02 -1.6239724951e-13 2.4800371854e-14 1.6228876909e-13 1.0740856783e-13 1.6218747607e-13 -7.4113564632e-20 -2.4780371211e-14 -1.0741202727e-13 -2.9994572857e-14
d  1.5085131210e-03 1.0559591319e+00 -2.0000000000e-01 1.0559591155e+00 1.0855112681e-06 3.0000000000e+02 -1.6343403647e-13 2.4701850406e-14 1.6332323050e-13 1.0854532472e-13 1.6322284415e-13 -7.8639624649e-20 -2.4681849505e-14 -1.0855112871e-13 -2.9990160039e-14
d  1.5206814939e-03 1.0644769925e+00 -2.0000000000e-01 1.0644769760e+00 1.1045622860e-06 3.0000000000e+02 -1.6543033050e-13 2.4785812787e-14 1.6531724878e-13 1.1044898958e-13 1.6521743251e-13 -9.1988584900e-20 -2.4765811849e-14 -1.1045623059e-13 -2.9994521741e-14
d  1.5279825177e-03 1.0695877089e+00 -2.0000000000e-01 1.0695876922e+00 1.1214327328e-06 3.0000000000e+02 -1.6734199408e-13 2.4998840043e-14 1.6722873530e-13 1.1213771460e-13 1.6712807614e-13 -1.0753832203e-19 -2.4978838979e-14 -1.1214327551e-13 -3.0004885338e-14
d  1.5323631320e-03 1.0726541388e+00 -2.0000000000e-01 1.0726541219e+00 1.1337264439e-06 3.0000000000e+02 -1.6875816201e-13 2.5179040384e-14 1.6865375541e-13 1.1337529700e-13 1.6854362927e-13 -1.1622043252e-19 -2.5159041228e-14 -1.1337264284e-13 -3.0013579855e-14
d  1.5376198691e-03 1.0763338546e+00 -2.0000000000e-01 1.0763338376e+00 1.1438423724e-06 3.0000000000e+02 -1.6978447287e-13 2.5189937314e-14 1.6967687699e-13 1.1438427951e-13 1.6956920455e-13 -8.7737848997e-20 -2.5169937327e-14 -1.1438423733e-13 -3.0014147660e-14
d  1.5439279537e-03 1.0807495135e+00 -2.0000000000e-01 1.0807494964e+00 1.1561026391e-06 3.0000000000e+02 -1.7102270799e-13 2.5201406440e-14 1.7091452253e-13 1.1561018741e-13 1.7080655631e-13 -9.7794705783e-20 -2.5181406421e-14 -1.1561026406e-13 -3.0014861920e-14
d  1.5514976551e-03 1.0860483043e+00 -2.0000000000e-01 1.0860482871e+00 1.1711339102e-06 3.0000000000e+02 -1.7254195814e-13 2.5215586412e-14 1.7243404260e-13 1.1711415305e-13 1.7232474788e-13 -9.9318538697e-20 -2.5195586570e-14 -1.1711339083e-13 -3.0015711597e-14
d  1.5605812969e-03 1.0924068532e+00 -2.0000000000e-01 1.0924068359e+00 1.1814581397e-06 3.0000000000e+02 -1.7333429139e-13 2.4985072608e-14 1.7321930557e-13 1.1813995760e-13 1.7311580844e-13 -7.4418248244e-20 -2.4965071595e-14 -1.1814581611e-13 -3.0004926161e-14
d  1.5714816670e-03 1.1000371119e+00 -2.0000000000e-01 1.1000370944e+00 1.1997031239e-06 3.0000000000e+02 -1.7514676233e-13 2.4971560854e-14 1.7502972405e-13 1.1996257358e-13 1.7492675591e-13 -9.8670727251e-20 -2.4951559735e-14 -1.1997031475e-13 -3.0004616751e-14
d  1.5780218891e-03 1.1046152671e+00 -2.0000000000e-01 1.1046152493e+00 1.2235683240e-06 3.0000000000e+02 -1.7796214060e-13 2.5378822916e-14 1.7785473982e-13 1.2235958197e-13 1.7774121953e-13 -1.4516689534e-19 -2.5358823503e-14 -1.2235683135e-13 -3.0024175229e-14
d  1.5858701555e-03 1.1101090534e+00 -2.0000000000e-01 1.1101090355e+00 1.2355464594e-06 3.0000000000e+02 -1.7899128055e-13 2.5217993324e-14 1.7887599402e-13 1.2355048032e-13 1.7876925574e-13 -7.1269275353e-20 -2.5197992490e-14 -1.2355464773e-13 -3.0016548255e-14
d  1.5905791154e-03 1.1134053251e+00 -2.0000000000e-01 1.1134053071e+00 1.2512759226e-06 3.0000000000e+02 -1.8077996850e-13 2.5423283854e-14 1.8066897534e-13 1.2512784400e-13 1.8055728697e-13 -1.3941989504e-19 -2.5403283929e-14 -1.2512759224e-13 -3.0026528807e-14
d  1.5962298673e-03 1.1173608512e+00 -2.0000000000e-01 1.1173608330e+00 1.2645697951e-06 3.0000000000e+02 -1.8211837542e-13 2.5430730423e-14 1.8200662089e-13 1.2645695825e-13 1.8189490248e-13 -9.9466402881e-20 -2.5410730417e-14 -1.2645697965e-13 -3.0026897781e-14
d  1.6030107695e-03 1.1221074826e+00 -2.0000000000e-01 1.1221074642e+00 1.2808827958e-06 3.0000000000e+02 -1.8376185990e-13 2.5441503052e-14 1.8365204912e-13 1.2809042775e-13 1.8353743845e-13 -1.1148359672e-19 -2.5421503549e-14 -1.2808827872e-13 -3.0027574484e-14
d  1.6111478522e-03 1.1278034402e+00 -2.0000000000e-01 1.1278034217e+00 1.2947663637e-06 3.0000000000e+02 -1.8497192100e-13 2.5269734736e-14 1.8485549758e-13 1.2947281539e-13 1.8474635697e-13 -9.0898894459e-20 -2.5249733998e-14 -1.2947663798e-13 -3.0019584371e-14
d  1.6209123514e-03 1.1346385893e+00 -2.0000000000e-01 1.1346385706e+00 1.3115003161e-06 3.0000000000e+02 -1.8650361237e-13 2.5133031101e-14 1.8638262711e-13 1.3114175356e-13 1.8627668204e-13 -9.8302318458e-20 -2.5113029767e-14 -1.3115003443e-13 -3.0013373822e-14
d  1.6267710510e-03 1.1387396787e+00 -2.0000000000e-01 1.1387396598e+00 1.3378258285e-06 3.0000000000e+02 -1.8961476100e-13 2.5587806607e-14 1.8950146785e-13 1.3378301576e-13 1.8938700936e-13 -1.7041429272e-19 -2.5567806710e-14 -1.3378258277e-13 -3.0035115275e-14
d  1.6302862707e-03 1.1412003324e+00 -2.0000000000e-01 1.1412003134e+00 1.3473342536e-06 3.0000000000e+02 -1.9057012268e-13 2.5593103469e-14 1.9045661048e-13 1.3473430368e-13 1.9034188109e-13 -1.0677025307e-19 -2.5573103818e-14 -1.3473342481e-13 -3.0035269993e-14
d  1.6345045343e-03 1.1441531168e+00 -2.0000000000e-01 1.1441530977e+00 1.3587019199e-06 3.0000000000e+02 -1.9170395929e-13 2.5590061396e-14 1.9159275721e-13 1.3587322370e-13 1.9147512834e-13 -1.1921525587e-19 -2.5570062522e-14 -1.3587018990e-13 -3.0035235249e-14
d  1.6395664507e-03 1.1476964581e+00 -2.0000000000e-01 1.1476964388e+00 1.3730011140e-06 3.0000000000e+02 -1.9314767274e-13 2.5601694729e-14 1.9303425303e-13 1.3730141299e-13 1.9291812970e-13 -1.2319135083e-19 -2.5581695132e-14 -1.3730011073e-13 -3.0035886849e-14
d  1.6456407504e-03 1.1519484677e+00 -2.0000000000e-01 1.1519484482e+00 1.3900176992e-06 3.0000000000e+02 -1.9485042072e-13 2.5602118015e-14 1.9473850976e-13 1.3900482145e-13 1.9462003172e-13 -1.2205856516e-19 -2.5582118802e-14 -1.3900176848e-13 -3.0036016824e-14
d  1.6492853302e-03 1.1544996734e+00 -2.0000000000e-01 1.1544996539e+00 1.4005345719e-06 3.0000000000e+02 -1.9590980653e-13 2.5608527463e-14 1.9579676103e-13 1.4005587749e-13 1.9567890635e-13 -1.2458235372e-19 -2.5588528388e-14 -1.4005345550e-13 -3.0036391616e-14
d  1.6536588260e-03 1.1575611203e+00 -2.0000000000e-01 1.1575611006e+00 1.4134249043e-06 3.0000000000e+02 -1.9721224843e-13 2.5621212997e-14 1.9709871735e-13 1.4134488147e-13 1.9698073634e-13 -1.2628442992e-19 -2.5601213854e-14 -1.4134248887e-13 -3.0037072433e-14
d  1.6589070209e-03 1.1612348566e+00 -2.0000000000e-01 1.1612348367e+00 1.4291931855e-06 3.0000000000e+02 -1.9880658128e-13 2.5637169844e-14 1.9869315748e-13 1.4292179544e-13 1.9857433253e-13 -1.2782847401e-19 -2.5617170583e-14 -1.4291931721e-13 -3.0037921444e-14
d  1.6652048548e-03 1.1656433401e+00 -2.0000000000e-01 1.1656433200e+00 1.4483332714e-06 3.0000000000e+02 -2.0073572253e-13 2.5650160542e-14 2.0061927009e-13 1.4483344927e-13 2.0050259247e-13 -1.2880288333e-19 -2.5630160572e-14 -1.4483332722e-13 -3.0038647311e-14
d  1.6727622555e-03 1.1709335203e+00 -2.0000000000e-01 1.1709335001e+00 1.4645183201e-06 3.0000000000e+02 -2.0215037597e-13 2.5454767780e-14 2.0202673312e-13 1.4644562730e-13 2.0191618683e-13 -1.0307484877e-19 -2.5434766491e-14 -1.4645183475e-13 -3.0029559700e-14
d  1.6818311363e-03 1.1772817366e+00 -2.0000000000e-01 1.1772817161e+00 1.4917307361e-06 3.0000000000e+02 -2.0493660276e-13 2.5515674813e-14 2.0481083496e-13 1.4916539584e-13 2.0470114455e-13 -1.3737501395e-19 -2.5495673482e-14 -1.4917307645e-13 -3.0032678287e-14
d  1.6872724648e-03 1.1810906663e+00 -2.0000000000e-01 1.1810906455e+00 1.5164676632e-06 3.0000000000e+02 -2.0770081855e-13 2.5792417954e-14 2.0758277541e-13 1.5164683860e-13 2.0746459947e-13 -1.6950217117e-19 -2.5772417972e-14 -1.5164676644e-13 -3.0045815797e-14
d  1.6938020590e-03 1.1856613820e+00 -2.0000000000e-01 1.1856613610e+00 1.5389495333e-06 3.0000000000e+02 -2.0996134620e-13 2.5802621731e-14 2.0984296745e-13 1.5389515460e-13 2.0972421134e-13 -1.2834733172e-19 -2.5782621780e-14 -1.5389495339e-13 -3.0046296351e-14
d  1.7016375720e-03 1.1911462409e+00 -2.0000000000e-01 1.1911462197e+00 1.5584645439e-06 3.0000000000e+02 -2.1168476518e-13 2.5583825077e-14 2.1156194352e-13 1.5584224109e-13 2.1144653622e-13 -1.1243620134e-19 -2.5563824232e-14 -1.5584645625e-13 -3.0036158625e-14
d  1.7110401877e-03 1.1977280715e+00 -2.0000000000e-01 1.1977280500e+00 1.5906934424e-06 3.0000000000e+02 -2.1497618105e-13 2.5647124686e-14 2.1485182966e-13 1.5906423653e-13 2.1473663286e-13 -1.4959408698e-19 -2.5627123832e-14 -1.5906934613e-13 -3.0039379971e-14
d  1.7166817570e-03 1.2016771698e+00 -2.0000000000e-01 1.2016771480e+00 1.6194159242e-06 3.0000000000e+02 -2.1815692360e-13 2.5940698592e-14 2.1803683303e-13 1.6194167742e-13 2.1791658647e-13 -1.8396365115e-19 -2.5920698613e-14 -1.6194159254e-13 -3.0053261489e-14
d  1.7200666987e-03 1.2040466289e+00 -2.0000000000e-01 1.2040466069e+00 1.6327768441e-06 3.0000000000e+02 -2.1949564223e-13 2.5943883472e-14 2.1937585526e-13 1.6327874917e-13 2.1925483124e-13 -1.4434502602e-19 -2.5923883911e-14 -1.6327768370e-13 -3.0053357883e-14
d  1.7241286286e-03 1.2068899797e+00 -2.0000000000e-01 1.2068899576e+00 1.6487075497e-06 3.0000000000e+02 -2.2107930924e-13 2.5934635341e-14 2.2096255936e-13 1.6487450767e-13 2.2083793072e-13 -1.5204611630e-19 -2.5914636787e-14 -1.6487075225e-13 -3.0053004164e-14
d  1.7290029446e-03 1.2103020007e+00 -2.0000000000e-01 1.2103019784e+00 1.6687520801e-06 3.0000000000e+02 -2.2309639453e-13 2.5945010037e-14 2.2298161761e-13 1.6688040078e-13 2.2285433127e-13 -1.5818229232e-19 -2.5925011705e-14 -1.6687520484e-13 -3.0053573792e-14
d  1.7348521237e-03 1.2143964259e+00 -2.0000000000e-01 1.2143964033e+00 1.6930008301e-06 3.0000000000e+02 -2.2552687934e-13 2.5948678401e-14 2.2540551869e-13 1.6930017073e-13 2.2528399859e-13 -1.5775456154e-19 -2.5928678425e-14 -1.6930008313e-13 -3.0053828161e-14
d  1.7418711387e-03 1.2193097361e+00 -2.0000000000e-01 1.2193097134e+00 1.7134636046e-06 3.0000000000e+02 -2.2731411717e-13 2.5701745604e-14 2.2718878556e-13 1.7134231771e-13 2.2707025315e-13 -1.2295169419e-19 -2.5681744699e-14 -1.7134636246e-13 -3.0042356989e-14
d  1.7502939566e-03 1.2252057084e+00 -2.0000000000e-01 1.2252056853e+00 1.7475951500e-06 3.0000000000e+02 -2.3079611037e-13 2.5765028709e-14 2.3066809796e-13 1.7475353845e-13 2.3055106791e-13 -1.6841676648e-19 -2.5745027594e-14 -1.7475951745e-13 -3.0045554974e-14
d  1.7553476474e-03 1.2287432917e+00 -2.0000000000e-01 1.2287432683e+00 1.7784368049e-06 3.0000000000e+02 -2.3421569927e-13 2.6084728909e-14 2.3409913563e-13 1.7784937968e-13 2.3396995177e-13 -2.1100788221e-19 -2.6064730481e-14 -1.7784367750e-13 -3.0060592042e-14
d  1.7614120763e-03 1.2329883918e+00 -2.0000000000e-01 1.2329883681e+00 1.8071248026e-06 3.0000000000e+02 -2.3709364787e-13 2.6092947798e-14 2.3697032336e-13 1.8071245318e-13 2.3684704901e-13 -1.5847447520e-19 -2.6072947791e-14 -1.8071248045e-13 -3.0060919262e-14
d  1.7686893910e-03 1.2380825118e+00 -2.0000000000e-01 1.2380824879e+00 1.8318243950e-06 3.0000000000e+02 -2.3927482378e-13 2.5816695239e-14 2.3914660252e-13 1.8317740533e-13 2.3902720765e-13 -1.3484053094e-19 -2.5796694153e-14 -1.8318244190e-13 -3.0048141926e-14
d  1.7774221687e-03 1.2441954559e+00 -2.0000000000e-01 1.2441954315e+00 1.8722284746e-06 3.0000000000e+02 -2.4338632001e-13 2.5882241133e-14 2.4325574666e-13 1.8721612959e-13 2.4313747805e-13 -1.8428240634e-19 -2.5862239924e-14 -1.8722285013e-13 -3.0051438720e-14
d  1.7826618353e-03 1.2478632223e+00 -2.0000000000e-01 1.2478631976e+00 1.9083784118e-06 3.0000000000e+02 -2.4736563506e-13 2.6229391635e-14 2.4724363223e-13 1.9083999958e-13 2.4711605956e-13 -2.3156211278e-19 -2.6209392209e-14 -1.9083784021e-13 -3.0067706006e-14
d  1.7889494352e-03 1.2522645420e+00 -2.0000000000e-01 1.2522645169e+00 1.9419253458e-06 3.0000000000e+02 -2.5070099161e-13 2.6210554465e-14 2.5058296105e-13 1.9419903799e-13 2.5045053772e-13 -1.7289377256e-19 -2.6190556087e-14 -1.9419253148e-13 -3.0066756435e-14
d  1.7964945551e-03 1.2575461257e+00 -2.0000000000e-01 1.2575461002e+00 1.9840187501e-06 3.0000000000e+02 -2.5491102488e-13 2.6209935578e-14 2.5478604115e-13 1.9840271980e-13 2.5465951399e-13 -1.9624212157e-19 -2.6189935754e-14 -1.9840187485e-13 -3.0066868582e-14
d  1.8055486989e-03 1.2638840261e+00 -2.0000000000e-01 1.2638840002e+00 2.0229258188e-06 3.0000000000e+02 -2.5848551577e-13 2.5907391455e-14 2.5835121154e-13 2.0228418664e-13 2.5823273843e-13 -1.5818459853e-19 -2.5887389997e-14 -2.0229258510e-13 -3.0052908106e-14
d  1.8109811853e-03 1.2676867663e+00 -2.0000000000e-01 1.2676867400e+00 2.0645662261e-06 3.0000000000e+02 -2.6304348985e-13 2.6281675188e-14 2.6292410027e-13 2.0646334293e-13 2.6278994860e-13 -2.5847618808e-19 -2.6261676913e-14 -2.0645661930e-13 -3.0070508244e-14
d  1.8175001688e-03 1.2722500546e+00 -2.0000000000e-01 1.2722500280e+00 2.0922503041e-06 3.0000000000e+02 -2.6548231116e-13 2.5966335085e-14 2.6535037723e-13 2.0921960469e-13 2.6522785981e-13 -1.3802006173e-19 -2.5946333778e-14 -2.0922503329e-13 -3.0055738826e-14
d  1.8253229491e-03 1.2777260005e+00 -2.0000000000e-01 1.2777259735e+00 2.1376062148e-06 3.0000000000e+02 -2.7008925390e-13 2.6033086208e-14 2.6995243596e-13 2.1375138109e-13 2.6983370952e-13 -2.1786707600e-19 -2.6013084353e-14 -2.1376062552e-13 -3.0059118945e-14
d  1.8300166173e-03 1.2810115681e+00 -2.0000000000e-01 1.2810115406e+00 2.1786273407e-06 3.0000000000e+02 -2.7459775447e-13 2.6421146018e-14 2.7447668582e-13 2.1786921809e-13 2.7434155125e-13 -2.7938726247e-19 -2.6401147943e-14 -2.1786273037e-13 -3.0077194648e-14
d  1.8356490191e-03 1.2849542492e+00 -2.0000000000e-01 1.2849542213e+00 2.2172651702e-06 3.0000000000e+02 -2.7844966391e-13 2.6408819690e-14 2.7832115723e-13 2.2172650249e-13 2.7819267299e-13 -2.0638418898e-19 -2.6388819686e-14 -2.2172651725e-13 -3.0076492455e-14
d  1.8390284602e-03 1.2873198578e+00 -2.0000000000e-01 1.2873198297e+00 2.2407850420e-06 3.0000000000e+02 -2.8078724953e-13 2.6395225520e-14 2.8065868296e-13 2.2407868586e-13 2.8052978272e-13 -2.2892376784e-19 -2.6375225595e-14 -2.2407850427e-13 -3.0075950452e-14
d  1.8430837895e-03 1.2901585882e+00 -2.0000000000e-01 1.2901585598e+00 2.2694044873e-06 3.0000000000e+02 -2.8363493534e-13 2.6380905609e-14 2.8350637837e-13 2.2694081904e-13 2.8337690009e-13 -2.3175662659e-19 -2.6360905752e-14 -2.2694044867e-13 -3.0075334598e-14
d  1.8479501847e-03 1.2935650646e+00 -2.0000000000e-01 1.2935650359e+00 2.3042972559e-06 3.0000000000e+02 -2.8711260867e-13 2.6368979469e-14 2.8698339927e-13 2.3042988871e-13 2.8685389475e-13 -2.3502303375e-19 -2.6348979521e-14 -2.3042972571e-13 -3.0074838120e-14
d  1.8537898589e-03 1.2976528364e+00 -2.0000000000e-01 1.2976528072e+00 2.3466333493e-06 3.0000000000e+02 -2.9132933689e-13 2.6352151743e-14 2.9120654332e-13 2.3466992089e-13 2.9106980160e-13 -2.3776429351e-19 -2.6332153510e-14 -2.3466333154e-13 -3.0074125306e-14
d  1.8607974680e-03 1.3025581625e+00 -2.0000000000e-01 1.3025581328e+00 2.3995327839e-06 3.0000000000e+02 -2.9663189528e-13 2.6362681725e-14 2.9650161659e-13 2.3995325162e-13 2.9637138158e-13 -2.4641473746e-19 -2.6342681719e-14 -2.3995327864e-13 -3.0074693449e-14
d  1.8650020334e-03 1.3055013581e+00 -2.0000000000e-01 1.3055013281e+00 2.4318659433e-06 3.0000000000e+02 -2.9986848101e-13 2.6365735714e-14 2.9973809212e-13 2.4318677427e-13 2.9960737962e-13 -2.4848209481e-19 -2.6345735774e-14 -2.4318659445e-13 -3.0074876374e-14
d  1.8700475119e-03 1.3090331929e+00 -2.0000000000e-01 1.3090331625e+00 2.4710552624e-06 3.0000000000e+02 -3.0378253556e-13 2.6360299014e-14 3.0365902681e-13 2.4711248505e-13 3.0352072713e-13 -2.5122804000e-19 -2.6340301173e-14 -2.4710552207e-13 -3.0074679237e-14
d  1.8730747990e-03 1.3111522938e+00 -2.0000000000e-01 1.3111522631e+00 2.4956530141e-06 3.0000000000e+02 -3.0626266836e-13 2.6378528710e-14 3.0613163782e-13 2.4956623159e-13 3.0600043623e-13 -2.5928247473e-19 -2.6358529139e-14 -2.4956530079e-13 -3.0075560487e-14
d  1.8767075436e-03 1.3136952148e+00 -2.0000000000e-01 1.3136951839e+00 2.5251302450e-06 3.0000000000e+02 -3.0921525411e-13 2.6384795082e-14 3.0908401838e-13 2.5251317302e-13 3.0895251430e-13 -2.5824083486e-19 -2.6364795146e-14 -2.5251302462e-13 -3.0075876507e-14
d  1.8810668370e-03 1.3167467201e+00 -2.0000000000e-01 1.3167466888e+00 2.5612384406e-06 3.0000000000e+02 -3.1283527472e-13 2.6391315200e-14 3.1270364742e-13 2.5612389786e-13 3.1257192433e-13 -2.6414320291e-19 -2.6371315220e-14 -2.5612384428e-13 -3.0076226764e-14
d  1.8862979891e-03 1.3204085264e+00 -2.0000000000e-01 1.3204084946e+00 2.6055895209e-06 3.0000000000e+02 -3.1728255853e-13 2.6402459419e-14 3.1715264415e-13 2.6056063263e-13 3.1701847199e-13 -2.6949762961e-19 -2.6382459921e-14 -2.6055895131e-13 -3.0076793776e-14
d  1.8894366804e-03 1.3226056101e+00 -2.0000000000e-01 1.3226055782e+00 2.6327525464e-06 3.0000000000e+02 -3.2000674693e-13 2.6408774205e-14 3.1987463123e-13 2.6327541461e-13 3.1974222369e-13 -2.7260593038e-19 -2.6388774276e-14 -2.6327525476e-13 -3.0077115915e-14
d  1.8932031099e-03 1.3252421107e+00 -2.0000000000e-01 1.3252420784e+00 2.6659124118e-06 3.0000000000e+02 -3.2333253201e-13 2.6418651745e-14 3.2320026877e-13 2.6659149427e-13 3.2306748310e-13 -2.7690630297e-19 -2.6398651851e-14 -2.6659124124e-13 -3.0077608623e-14
d  1.8977228253e-03 1.3284059113e+00 -2.0000000000e-01 1.3284058786e+00 2.7065406009e-06 3.0000000000e+02 -3.2740762107e-13 2.6429432681e-14 3.2727495825e-13 2.7065425850e-13 3.2714193873e-13 -2.8190046347e-19 -2.6409432750e-14 -2.7065406022e-13 -3.0078149527e-14
d  1.9004346546e-03 1.3303041917e+00 -2.0000000000e-01 1.3303041587e+00 2.7313669481e-06 3.0000000000e+02 -3.2989780307e-13 2.6436307729e-14 3.2976499531e-13 2.7313694558e-13 3.2963174242e-13 -2.8505057017e-19 -2.6416307858e-14 -2.7313669482e-13 -3.0078492300e-14
d  1.9036888497e-03 1.3325821282e+00 -2.0000000000e-01 1.3325820949e+00 2.7616144116e-06 3.0000000000e+02 -3.3293175650e-13 2.6444629717e-14 3.3279848433e-13 2.7616142480e-13 3.3266524002e-13 -2.8880830148e-19 -2.6424629709e-14 -2.7616144145e-13 -3.0078906581e-14
d  1.9075938839e-03 1.3353156519e+00 -2.0000000000e-01 1.3353156183e+00 2.7985826790e-06 3.0000000000e+02 -3.3663978723e-13 2.6454742363e-14 3.3650688236e-13 2.7985881525e-13 3.3637272520e-13 -2.9354226997e-19 -2.6434742582e-14 -2.7985826773e-13 -3.0079409327e-14
d  1.9122799248e-03 1.3385958804e+00 -2.0000000000e-01 1.3385958463e+00 2.8439366853e-06 3.0000000000e+02 -3.4118879461e-13 2.6466994974e-14 3.4105519964e-13 2.8439396102e-13 3.4092107329e-13 -2.9919439427e-19 -2.6446995071e-14 -2.8439366861e-13 -3.0080016841e-14
d  1.9150915494e-03 1.3405640175e+00 -2.0000000000e-01 1.3405639832e+00 2.8717057546e-06 3.0000000000e+02 -3.4397462668e-13 2.6475275582e-14 3.4384152858e-13 2.8717218693e-13 3.4370651267e-13 -3.0310356988e-19 -2.6455276381e-14 -2.8717057413e-13 -3.0080424200e-14
d  1.9184654989e-03 1.3429257821e+00 -2.0000000000e-01 1.3429257474e+00 2.9050143123e-06 3.0000000000e+02 -3.4730006279e-13 2.6470409118e-14 3.4717257291e-13 2.9050815299e-13 3.4703147564e-13 -3.0296009122e-19 -2.6450412233e-14 -2.9050142518e-13 -3.0080226976e-14
d  1.9225142383e-03 1.3457598995e+00 -2.0000000000e-01 1.3457598644e+00 2.9468820023e-06 3.0000000000e+02 -3.5151802259e-13 2.6498466761e-14 3.5138520094e-13 2.9469061323e-13 3.5124886862e-13 -3.1675955938e-19 -2.6478467695e-14 -2.9468819861e-13 -3.0081566611e-14
d  1.9273727255e-03 1.3491608404e+00 -2.0000000000e-01 1.3491608048e+00 2.9976604571e-06 3.0000000000e+02 -3.5660689997e-13 2.6509438888e-14 3.5647216512e-13 2.9976624915e-13 3.5633706625e-13 -3.1731230845e-19 -2.6489438954e-14 -2.9976604588e-13 -3.0082100654e-14
d  1.9332029103e-03 1.3532419695e+00 -2.0000000000e-01 1.3532419333e+00 3.0604140869e-06 3.0000000000e+02 -3.6289887416e-13 2.6523507067e-14 3.6276402771e-13 3.0604194497e-13 3.6262822097e-13 -3.2710723166e-19 -2.6503507211e-14 -3.0604140869e-13 -3.0082803310e-14
d  1.9401991319e-03 1.3581393245e+00 -2.0000000000e-01 1.3581392874e+00 3.1383032355e-06 3.0000000000e+02 -3.7070766582e-13 2.6541735709e-14 3.7057180657e-13 3.1383027618e-13 3.7043603398e-13 -3.3683989484e-19 -2.6521735698e-14 -3.1383032389e-13 -3.0083700382e-14
d  1.9443968649e-03 1.3610777374e+00 -2.0000000000e-01 1.3610776999e+00 3.1864365677e-06 3.0000000000e+02 -3.7553292792e-13 2.6552461375e-14 3.7539700459e-13 3.1864386496e-13 3.7526071206e-13 -3.4311866706e-19 -2.6532461444e-14 -3.1864365695e-13 -3.0084228377e-14
d  1.9494341445e-03 1.3646038330e+00 -2.0000000000e-01 1.3646037948e+00 3.2456273460e-06 3.0000000000e+02 -3.8146629545e-13 2.6565457035e-14 3.8133003644e-13 3.2456296093e-13 3.8119337272e-13 -3.5073818478e-19 -2.6545457105e-14 -3.2456273477e-13 -3.0084866950e-14
d  1.9524565123e-03 1.3667194903e+00 -2.0000000000e-01 1.3667194518e+00 3.2819098662e-06 3.0000000000e+02 -3.8510309918e-13 2.6573204671e-14 3.8496643873e-13 3.2819100109e-13 3.8482975415e-13 -3.5544081813e-19 -2.6553204678e-14 -3.2819098693e-13 -3.0085247324e-14
d  1.9560833536e-03 1.3692582791e+00 -2.0000000000e-01 1.3692582401e+00 3.3262271513e-06 3.0000000000e+02 -3.8954507039e-13 2.6582427031e-14 3.8940893399e-13 3.3262340853e-13 3.8927121699e-13 -3.6124874650e-19 -2.6562427330e-14 -3.3262271485e-13 -3.0085700393e-14
d  1.9604355632e-03 1.3723048256e+00 -2.0000000000e-01 1.3723047861e+00 3.3805532142e-06 3.0000000000e+02 -3.9498991846e-13 2.6593405864e-14 3.9485287262e-13 3.3805553555e-13 3.9471545243e-13 -3.6817667945e-19 -2.6573405941e-14 -3.3805532160e-13 -3.0086239078e-14
d  1.9630468889e-03 1.3741327535e+00 -2.0000000000e-01 1.3741327137e+00 3.4137614028e-06 3.0000000000e+02 -3.9831803627e-13 2.6600187477e-14 3.9818095043e-13 3.4137650804e-13 3.9804320665e-13 -3.7256591816e-19 -2.6580187673e-14 -3.4137614022e-13 -3.0086571053e-14
d  1.9661804798e-03 1.3763262671e+00 -2.0000000000e-01 1.3763262268e+00 3.4542297276e-06 3.0000000000e+02 -4.0237360461e-13 2.6608066845e-14 4.0223595787e-13 3.4542295906e-13 4.0209833781e-13 -3.7775691028e-19 -2.6588066838e-14 -3.4542297312e-13 -3.0086957141e-14
d  1.9699407889e-03 1.3789584833e+00 -2.0000000000e-01 1.3789584426e+00 3.5036991945e-06 3.0000000000e+02 -4.0733099029e-13 2.6617460385e-14 4.0719626559e-13 3.5037246531e-13 4.0705519657e-13 -3.8443738768e-19 -2.6597461443e-14 -3.5036991761e-13 -3.0087418149e-14
d  1.9744531598e-03 1.3821171427e+00 -2.0000000000e-01 1.3821171014e+00 3.5644199288e-06 3.0000000000e+02 -4.1341602925e-13 2.6628487662e-14 4.1328001243e-13 3.5644464577e-13 4.1313960276e-13 -3.9218295726e-19 -2.6608488582e-14 -3.5644199131e-13 -3.0087958591e-14
d  1.9771605823e-03 1.3840123384e+00 -2.0000000000e-01 1.3840122967e+00 3.6015404589e-06 3.0000000000e+02 -4.1713484439e-13 2.6636218331e-14 4.1699665942e-13 3.6015428880e-13 4.1685804015e-13 -3.9659202293e-19 -2.6616218456e-14 -3.6015404599e-13 -3.0088331877e-14
d  1.9804094894e-03 1.3862865732e+00 -2.0000000000e-01 1.3862865311e+00 3.6468253100e-06 3.0000000000e+02 -4.2167227792e-13 2.6643160961e-14 4.2153366797e-13 3.6468255586e-13 4.2139501578e-13 -4.0301443922e-19 -2.6623160973e-14 -3.6468253134e-13 -3.0088676901e-14
d  1.9843081778e-03 1.3890156550e+00 -2.0000000000e-01 1.3890156123e+00 3.7022284897e-06 3.0000000000e+02 -4.2722320161e-13 2.6652976976e-14 4.2708453885e-13 3.7022312107e-13 4.2694539754e-13 -4.1012903075e-19 -2.6632977086e-14 -3.7022284911e-13 -3.0089155857e-14
d  1.9889866039e-03 1.3922905531e+00 -2.0000000000e-01 1.3922905098e+00 3.7702772548e-06 3.0000000000e+02 -4.3404074449e-13 2.6664463111e-14 4.3390145477e-13 3.7702765661e-13 4.3376228559e-13 -4.1897424990e-19 -2.6644463088e-14 -3.7702772590e-13 -3.0089717002e-14
d  1.9946007153e-03 1.3962204309e+00 -2.0000000000e-01 1.3962203867e+00 3.8542538374e-06 3.0000000000e+02 -4.4245350114e-13 2.6678037669e-14 4.4231518892e-13 3.8542690292e-13 4.4217425348e-13 -4.3006606886e-19 -2.6658038093e-14 -3.8542538321e-13 -3.0090380675e-14
d  2.0013376489e-03 1.4009362842e+00 -2.0000000000e-01 1.4009362389e+00 3.9584741096e-06 3.0000000000e+02 -4.5289339566e-13 2.6694433371e-14 4.5275360128e-13 3.9584775570e-13 4.5261320695e-13 -4.4354020591e-19 -2.6674433451e-14 -3.9584741118e-13 -3.0091180048e-14
d  2.0053798091e-03 1.4037657962e+00 -2.0000000000e-01 1.4037657503e+00 4.0228730960e-06 3.0000000000e+02 -4.5934395136e-13 2.6703828625e-14 4.5920356406e-13 4.0228729302e-13 4.5906319786e-13 -4.5213061836e-19 -2.6683828619e-14 -4.0228731002e-13 -3.0091639450e-14
d  2.0078051052e-03 1.4054635034e+00 -2.0000000000e-01 1.4054634571e+00 4.0622021377e-06 3.0000000000e+02 -4.6328321530e-13 2.6709508318e-14 4.6314297064e-13 4.0622055386e-13 4.6300211957e-13 -4.5740252138e-19 -2.6689508513e-14 -4.0622021378e-13 -3.0091916867e-14
d  2.0107154606e-03 1.4075007520e+00 -2.0000000000e-01 1.4075007052e+00 4.1100922327e-06 3.0000000000e+02 -4.6807981719e-13 2.6716428088e-14 4.6793931840e-13 4.1100950578e-13 4.6779831476e-13 -4.6364118449e-19 -2.6696428239e-14 -4.1100922336e-13 -3.0092254080e-14
d  2.0142078870e-03 1.4099454504e+00 -2.0000000000e-01 1.4099454030e+00 4.1685791180e-06 3.0000000000e+02 -4.7393758196e-13 2.6724583651e-14 4.7379788315e-13 4.1685904238e-13 4.7365559184e-13 -4.7144249645e-19 -2.6704584157e-14 -4.1685791116e-13 -3.0092652278e-14
d  2.0183987986e-03 1.4128790884e+00 -2.0000000000e-01 1.4128790403e+00 4.2402616394e-06 3.0000000000e+02 -4.8111667916e-13 2.6734129234e-14 4.8097865024e-13 4.2402882180e-13 4.8083410494e-13 -4.8088703477e-19 -2.6714130225e-14 -4.2402616226e-13 -3.0093118705e-14
d  2.0209133457e-03 1.4146392712e+00 -2.0000000000e-01 1.4146392227e+00 4.2840720397e-06 3.0000000000e+02 -4.8550422851e-13 2.6739199792e-14 4.8536316966e-13 4.2840768125e-13 4.8522129655e-13 -4.8637216337e-19 -2.6719200056e-14 -4.2840720386e-13 -3.0093367967e-14
d  2.0239308021e-03 1.4167514906e+00 -2.0000000000e-01 1.4167514415e+00 4.3374522220e-06 3.0000000000e+02 -4.9084993137e-13 2.6747552431e-14 4.9070923547e-13 4.3374608036e-13 4.9056657598e-13 -4.9378419258e-19 -2.6727552875e-14 -4.3374522171e-13 -3.0093770813e-14
d  2.0275517497e-03 1.4192861539e+00 -2.0000000000e-01 1.4192861041e+00 4.4026932365e-06 3.0000000000e+02 -4.9738330655e-13 2.6755292251e-14 4.9724364182e-13 4.4027125342e-13 4.9709944531e-13 -5.0236745369e-19 -2.6735293084e-14 -4.4026932234e-13 -3.0094150209e-14
d  2.0318968870e-03 1.4223277498e+00 -2.0000000000e-01 1.4223276992e+00 4.4827263566e-06 3.0000000000e+02 -5.0539767311e-13 2.6765053518e-14 5.0525542861e-13 4.4827262347e-13 5.0511320638e-13 -5.1271590685e-19 -2.6745053514e-14 -4.4827263612e-13 -3.0094626003e-14
d  2.0345039693e-03 1.4241527073e+00 -2.0000000000e-01 1.4241526563e+00 4.5316789468e-06 3.0000000000e+02 -5.1029952392e-13 2.6771409040e-14 5.1015809799e-13 4.5316869995e-13 5.1001469024e-13 -5.1949591142e-19 -2.6751409469e-14 -4.5316789424e-13 -3.0094934682e-14
d  2.0376324681e-03 1.4263426564e+00 -2.0000000000e-01 1.4263426047e+00 4.5913641941e-06 3.0000000000e+02 -5.1627596309e-13 2.6778223217e-14 5.1613445962e-13 4.5913741704e-13 5.1599069349e-13 -5.2728910277e-19 -2.6758223715e-14 -4.5913641883e-13 -3.0095267442e-14
d  2.0413866667e-03 1.4289705952e+00 -2.0000000000e-01 1.4289705429e+00 4.6643690629e-06 3.0000000000e+02 -5.2358590316e-13 2.6786871566e-14 5.2344326429e-13 4.6643721307e-13 5.2330010428e-13 -5.3692247553e-19 -2.6766871693e-14 -4.6643690648e-13 -3.0095687968e-14
d  2.0436391858e-03 1.4305473585e+00 -2.0000000000e-01 1.4305473058e+00 4.7089093880e-06 3.0000000000e+02 -5.2804558245e-13 2.6792149275e-14 5.2790279703e-13 4.7089125187e-13 5.2775947101e-13 -5.4294997038e-19 -2.6772149468e-14 -4.7089093887e-13 -3.0095944352e-14
d  2.0463422088e-03 1.4324394745e+00 -2.0000000000e-01 1.4324394212e+00 4.7631005725e-06 3.0000000000e+02 -5.3347147731e-13 2.6798174881e-14 5.3332872119e-13 4.7631062828e-13 5.3318498804e-13 -5.5016458566e-19 -2.6778175211e-14 -4.7631005704e-13 -3.0096238005e-14
d  2.0495858363e-03 1.4347100137e+00 -2.0000000000e-01 1.4347099597e+00 4.8292172977e-06 3.0000000000e+02 -5.4009125663e-13 2.6805518780e-14 5.3994924754e-13 4.8292301174e-13 5.3980431371e-13 -5.5897416254e-19 -2.6785519397e-14 -4.8292172895e-13 -3.0096595375e-14
d  2.0534781894e-03 1.4374346607e+00 -2.0000000000e-01 1.4374346059e+00 4.9101545092e-06 3.0000000000e+02 -5.4819470056e-13 2.6813933530e-14 5.4805128880e-13 4.9101584259e-13 5.4790720806e-13 -5.6960292662e-19 -2.6793933687e-14 -4.9101545107e-13 -3.0097005769e-14
d  2.0558136013e-03 1.4390694489e+00 -2.0000000000e-01 1.4390693936e+00 4.9595692304e-06 3.0000000000e+02 -5.5314196589e-13 2.6819510303e-14 5.5299856916e-13 4.9595751752e-13 5.5285414793e-13 -5.7634931450e-19 -2.6799510657e-14 -4.9595692280e-13 -3.0097276054e-14
d  2.0586160955e-03 1.4410311948e+00 -2.0000000000e-01 1.4410311389e+00 5.0197355416e-06 3.0000000000e+02 -5.5916578977e-13 2.6825937208e-14 5.5902927842e-13 5.0198075633e-13 5.5887758215e-13 -5.8508595306e-19 -2.6805941222e-14 -5.0197354627e-13 -3.0097589975e-14
d  2.0619790885e-03 1.4433852898e+00 -2.0000000000e-01 1.4433852332e+00 5.0931756891e-06 3.0000000000e+02 -5.6651786296e-13 2.6832612928e-14 5.6637552204e-13 5.0931930562e-13 5.6622918518e-13 -5.9337180703e-19 -2.6812613735e-14 -5.0931756771e-13 -3.0097913977e-14
d  2.0660146802e-03 1.4462102038e+00 -2.0000000000e-01 1.4462101463e+00 5.1831625411e-06 3.0000000000e+02 -5.7552655133e-13 2.6841878122e-14 5.7538356080e-13 5.1831817533e-13 5.7523730772e-13 -6.0634523529e-19 -2.6821878866e-14 -5.1831625303e-13 -3.0098366031e-14
d  2.0684360352e-03 1.4479051522e+00 -2.0000000000e-01 1.4479050941e+00 5.2381416571e-06 3.0000000000e+02 -5.8103039185e-13 2.6847951706e-14 5.8088614807e-13 5.2381481521e-13 5.8074080889e-13 -6.1339678635e-19 -2.6827952079e-14 -5.2381416545e-13 -3.0098657716e-14
d  2.0713416612e-03 1.4499390903e+00 -2.0000000000e-01 1.4499390316e+00 5.3051142350e-06 3.0000000000e+02 -5.8773484736e-13 2.6853831493e-14 5.8759110910e-13 5.3051254739e-13 5.8744485916e-13 -6.2261113891e-19 -2.6833832097e-14 -5.3051142276e-13 -3.0098946511e-14
d  2.0748284124e-03 1.4523798160e+00 -2.0000000000e-01 1.4523797565e+00 5.3869430015e-06 3.0000000000e+02 -5.9592633020e-13 2.6861403628e-14 5.9578352696e-13 5.3869641369e-13 5.9563584824e-13 -6.3351950646e-19 -2.6841404575e-14 -5.3869429866e-13 -3.0099315223e-14
d  2.0790125138e-03 1.4553086869e+00 -2.0000000000e-01 1.4553086263e+00 5.4872887942e-06 3.0000000000e+02 -6.0597122447e-13 2.6870514527e-14 6.0582617589e-13 5.4872944543e-13 6.0568016109e-13 -6.4677913952e-19 -2.6850514739e-14 -5.4872887950e-13 -3.0099758256e-14
d  2.0815229747e-03 1.4570660094e+00 -2.0000000000e-01 1.4570659482e+00 5.5486464084e-06 3.0000000000e+02 -6.1211315523e-13 2.6876610658e-14 6.1196875345e-13 5.5486577991e-13 6.1182174027e-13 -6.5528440629e-19 -2.6856611288e-14 -5.5486464007e-13 -3.0100052933e-14
d  2.0845355277e-03 1.4591747964e+00 -2.0000000000e-01 1.4591747345e+00 5.6234364031e-06 3.0000000000e+02 -6.1959959665e-13 2.6882812861e-14 6.1945820029e-13 5.6234736198e-13 6.1930775490e-13 -6.6548567541e-19 -2.6862814790e-14 -5.6234363677e-13 -3.0100356625e-14
d  2.0881505913e-03 1.4617053409e+00 -2.0000000000e-01 1.4617052780e+00 5.7148876335e-06 3.0000000000e+02 -6.2875362740e-13 2.6890194130e-14 6.2860777028e-13 5.7148914040e-13 6.2846128338e-13 -6.7720270812e-19 -2.6870194293e-14 -5.7148876357e-13 -3.0100716363e-14
d  2.0903196295e-03 1.4632236675e+00 -2.0000000000e-01 1.4632236041e+00 5.7706661165e-06 3.0000000000e+02 -6.3433675698e-13 2.6896093355e-14 6.3419099972e-13 5.7706726969e-13 6.3404411237e-13 -6.8517409518e-19 -2.6876093777e-14 -5.7706661135e-13 -3.0100999657e-14
d  2.0929224754e-03 1.4650456595e+00 -2.0000000000e-01 1.4650455954e+00 5.8385146149e-06 3.0000000000e+02 -6.4112800965e-13 2.6901664026e-14 6.4098212960e-13 5.8385220724e-13 6.4083499820e-13 -6.9423671954e-19 -2.6881664474e-14 -5.8385146113e-13 -3.0101270842e-14
d  2.0960458903e-03 1.4672320499e+00 -2.0000000000e-01 1.4672319850e+00 5.9212608189e-06 3.0000000000e+02 -6.4941007758e-13 2.6908365097e-14 6.4926369614e-13 5.9212649138e-13 6.4911663123e-13 -7.0526953880e-19 -2.6888365301e-14 -5.9212608204e-13 -3.0101596976e-14
d  2.0997939883e-03 1.4698557183e+00 -2.0000000000e-01 1.4698556524e+00 6.0225136530e-06 3.0000000000e+02 -6.5954433551e-13 2.6916335040e-14 6.5939802507e-13 6.0225219087e-13 6.5925035954e-13 -7.1897334485e-19 -2.6896335384e-14 -6.0225136515e-13 -3.0101985682e-14
