v ATLAS
# This file was created by ATLAS version 5.32.1.R on Fri Oct  9 12:58:14 2026.
#SSF 2.0 generic
##############################################################################
#                    Copyright (c) 1984 - 2021                               #
#                    Silvaco Inc. All rights reserved                        #
#                                                                            #
# This file format and the following Key are copyright Silvaco Inc.          #
# You may not use, this format or key without reproducing this message in    #
# full and obtaining express written permission from Silvaco Inc.            #
#                                                                            #
# To obtain such permission please contact: Silvaco Inc.                     #
#                                           support@silvaco.com              #
#                                                                            #
# KEY=SVC86hn7562asdx                       PROD=345                         #
##############################################################################
Q 10000 1 "V[1]" 5 1201 7 1
Q 10001 1 "V[2]" 5 1201 7 2
Q 10002 1 "V[3]" 5 1201 7 3
X 1 Vdrain
X 2 Vgate
X 3 Rtap
X 4 Adev_drain
X 5 Adev_source
X 6 Adev_gate
X 7 Adev_tap
X 8 Adev_substrate
p 13 61 10000 10001 10002 82 1301 1302 1303 1304 1305 1306 1307 1308
d  1.0000000000e-09 6.9999996500e-07 -2.0000000000e-01 6.1274919132e-08 3.0000000000e+02 -7.6720441226e-14 3.5729646199e-14 6.1208103612e-15 7.6722180098e-14 -1.2084824461e-15 -3.5702820794e-14 -6.1406888679e-15 -3.3678395720e-14
d  2.0000000000e-09 1.3999999300e-06 -2.0000000000e-01 1.0702112880e-07 3.0000000000e+02 -7.7322954795e-14 3.3382399530e-14 1.0702177762e-14 7.7322929326e-14 -7.5243194974e-16 -3.3362498929e-14 -1.0701920685e-14 -3.2534294435e-14
d  3.0000000000e-09 2.0999998950e-06 -2.0000000000e-01 1.3743673707e-07 3.0000000000e+02 -7.7724772843e-14 3.1776222237e-14 1.3743637612e-14 7.7724786726e-14 -4.4840309959e-16 -3.1756166922e-14 -1.3743780651e-14 -3.1768574140e-14
d  4.2000000000e-09 2.9399998530e-06 -2.0000000000e-01 1.5934375733e-07 3.0000000000e+02 -7.8013314668e-14 3.0650300529e-14 1.5934364199e-14 7.8013318239e-14 -2.2943777825e-16 -3.0630285352e-14 -1.5934405083e-14 -3.1219005615e-14
d  5.6400000000e-09 3.9479998026e-06 -2.0000000000e-01 1.7300740914e-07 3.0000000000e+02 -7.8193502599e-14 2.9943742649e-14 1.7300709661e-14 7.8193510934e-14 -9.2909359850e-17 -2.9923708395e-14 -1.7300807170e-14 -3.0875967240e-14
d  7.3680000000e-09 5.1575997421e-06 -2.0000000000e-01 1.8006280445e-07 3.0000000000e+02 -7.8286649340e-14 2.9579217487e-14 1.8006204207e-14 7.8286666571e-14 -2.2424476912e-17 -2.9559147838e-14 -1.8006415117e-14 -3.0698834421e-14
d  9.4416000000e-09 6.6091196695e-06 -2.0000000000e-01 1.8274845906e-07 3.0000000000e+02 -7.8322132880e-14 2.9440422834e-14 1.8274743967e-14 7.8322151993e-14 4.4046916428e-18 -2.9420345236e-14 -1.8274995963e-14 -3.0631417759e-14
d  1.1929920000e-08 8.3509435825e-06 -2.0000000000e-01 1.8317496063e-07 3.0000000000e+02 -7.8327704296e-14 2.9418195445e-14 1.8317411931e-14 7.8327717060e-14 8.6756318561e-18 -2.9398142073e-14 -1.8317599270e-14 -3.0620710945e-14
d  1.4915904000e-08 1.0441132278e-05 -2.0000000000e-01 1.8283396144e-07 3.0000000000e+02 -7.8322738882e-14 2.9435536744e-14 1.8283466902e-14 7.8322728307e-14 5.2724685316e-18 -2.9415574150e-14 -1.8283323841e-14 -3.0629232002e-14
d  1.8499084800e-08 1.2949358713e-05 -2.0000000000e-01 1.8247816252e-07 3.0000000000e+02 -7.8317313359e-14 2.9453036011e-14 1.8248175421e-14 7.8317271747e-14 1.7462406004e-18 -2.9433194235e-14 -1.8247510344e-14 -3.0638074127e-14
d  2.2798901760e-08 1.5959230434e-05 -2.0000000000e-01 1.8230373299e-07 3.0000000000e+02 -7.8312872704e-14 2.9460103959e-14 1.8231595171e-14 7.8312756808e-14 8.2781425269e-20 -2.9440552519e-14 -1.8229506031e-14 -3.0642180000e-14
d  2.7958682112e-08 1.9571076500e-05 -2.0000000000e-01 1.8224234710e-07 3.0000000000e+02 -7.8305300169e-14 2.9457275413e-14 1.8228314105e-14 7.8304980228e-14 -2.5376481135e-19 -2.9438523403e-14 -1.8221821769e-14 -3.0642792453e-14
d  3.4150418534e-08 2.3905291779e-05 -2.0000000000e-01 1.8220590141e-07 3.0000000000e+02 -7.8294583394e-14 2.9448192123e-14 1.8229411794e-14 7.8294008083e-14 -1.5902149200e-19 -2.9430441142e-14 -1.8216241888e-14 -3.0642090932e-14
d  4.1580502241e-08 2.9106350114e-05 -2.0000000000e-01 1.8216609168e-07 3.0000000000e+02 -7.8284260107e-14 2.9438427758e-14 1.8230509682e-14 7.8283505050e-14 -6.1885727318e-20 -2.9421381024e-14 -1.8210899531e-14 -3.0641332050e-14
d  5.0496602690e-08 3.5347620115e-05 -2.0000000000e-01 1.8214464965e-07 3.0000000000e+02 -7.8280343273e-14 2.9432977428e-14 1.8230914408e-14 7.8279598095e-14 -3.3732350896e-20 -2.9415889798e-14 -1.8208834500e-14 -3.0640939192e-14
d  6.1195923227e-08 4.2837144117e-05 -2.0000000000e-01 1.8213898751e-07 3.0000000000e+02 -7.8280478698e-14 2.9432676977e-14 1.8231020554e-14 7.8279831114e-14 -3.1385526493e-20 -2.9415203158e-14 -1.8209014907e-14 -3.0640900129e-14
d  7.4035107873e-08 5.1824572920e-05 -2.0000000000e-01 1.8213412760e-07 3.0000000000e+02 -7.8280615101e-14 2.9433629468e-14 1.8231197309e-14 7.8280053084e-14 -3.7616100623e-20 -2.9415816106e-14 -1.8209185354e-14 -3.0640946788e-14
d  8.9442129448e-08 6.2609487483e-05 -2.0000000000e-01 1.8213084375e-07 3.0000000000e+02 -7.8280841743e-14 2.9433964052e-14 1.8231460380e-14 7.8280356020e-14 -3.6568601045e-20 -2.9415846851e-14 -1.8209444379e-14 -3.0640949336e-14
d  1.0793055534e-07 7.5551384958e-05 -2.0000000000e-01 1.8212885201e-07 3.0000000000e+02 -7.8281137170e-14 2.9434265710e-14 1.8231785800e-14 7.8280718656e-14 -3.6401532224e-20 -2.9415879501e-14 -1.8209765276e-14 -3.0640951423e-14
d  1.3011666640e-07 9.1081661929e-05 -2.0000000000e-01 1.8212812348e-07 3.0000000000e+02 -7.8281514446e-14 2.9434528866e-14 1.8232175310e-14 7.8281154494e-14 -3.5759550180e-20 -2.9415906591e-14 -1.8210148809e-14 -3.0640954276e-14
d  1.5673999969e-07 1.0971799429e-04 -2.0000000000e-01 1.8212874898e-07 3.0000000000e+02 -7.8281984638e-14 2.9434788279e-14 1.8232643233e-14 7.8281675174e-14 -3.7259411039e-20 -2.9415960421e-14 -1.8210608814e-14 -3.0640957972e-14
d  1.8868799962e-07 1.3208159313e-04 -2.0000000000e-01 1.8213082683e-07 3.0000000000e+02 -7.8282569042e-14 2.9435035252e-14 1.8233204967e-14 7.8282302637e-14 -3.6495959196e-20 -2.9416029528e-14 -1.8211160466e-14 -3.0640962290e-14
d  2.2702559955e-07 1.5891791174e-04 -2.0000000000e-01 1.8213449595e-07 3.0000000000e+02 -7.8283286203e-14 2.9435246564e-14 1.8233879825e-14 7.8283056083e-14 -3.6575931300e-20 -2.9416087806e-14 -1.8211823237e-14 -3.0640967551e-14
d  2.7303071946e-07 1.9112149406e-04 -2.0000000000e-01 1.8213992137e-07 3.0000000000e+02 -7.8284160625e-14 2.9435479332e-14 1.8234692669e-14 7.8283960627e-14 -3.6513154048e-20 -2.9416189644e-14 -1.8212618906e-14 -3.0640973842e-14
d  3.2823686335e-07 2.2976579285e-04 -2.0000000000e-01 1.8214730360e-07 3.0000000000e+02 -7.8285220089e-14 2.9435684198e-14 1.8235663424e-14 7.8285044681e-14 -3.6490324477e-20 -2.9416282775e-14 -1.8213573146e-14 -3.0640981162e-14
d  3.9448423602e-07 2.7613895140e-04 -2.0000000000e-01 1.8215690953e-07 3.0000000000e+02 -7.8286499243e-14 2.9435912217e-14 1.8236826685e-14 7.8286343372e-14 -3.6873876116e-20 -2.9416415861e-14 -1.8214717272e-14 -3.0640990172e-14
d  4.7398108322e-07 3.3178674166e-04 -2.0000000000e-01 1.8216907912e-07 3.0000000000e+02 -7.8288043573e-14 2.9436137701e-14 1.8238221457e-14 7.8287902614e-14 -3.6251156427e-20 -2.9416560935e-14 -1.8216089686e-14 -3.0641000970e-14
d  5.6937729986e-07 3.9856408998e-04 -2.0000000000e-01 1.8218423214e-07 3.0000000000e+02 -7.8289901369e-14 2.9436398442e-14 1.8239896439e-14 7.8289771022e-14 -3.6496708495e-20 -2.9416753780e-14 -1.8217736251e-14 -3.0641013928e-14
d  6.8385275984e-07 4.7869690795e-04 -2.0000000000e-01 1.8220287901e-07 3.0000000000e+02 -7.8292136173e-14 2.9436670835e-14 1.8241904819e-14 7.8292012389e-14 -3.6698504561e-20 -2.9416968933e-14 -1.8219711602e-14 -3.0641029340e-14
d  8.2122331180e-07 5.7485628952e-04 -2.0000000000e-01 1.8222564129e-07 3.0000000000e+02 -7.8294821165e-14 2.9436980019e-14 1.8244314895e-14 7.8294700025e-14 -3.6661488897e-20 -2.9417229973e-14 -1.8222080907e-14 -3.0641047824e-14
d  9.8606797417e-07 6.9024754740e-04 -2.0000000000e-01 1.8225328508e-07 3.0000000000e+02 -7.8298046062e-14 2.9437333108e-14 1.8247205031e-14 7.8297923685e-14 -3.6496239708e-20 -2.9417542608e-14 -1.8224923495e-14 -3.0641069875e-14
